0:Time[0]
1:Time[1]
2:Time[2]
3:Time[3]
4:Time[4]
5:Time[5]
6:Time[6]
7:Time[7]
8:BaseID[0]
9:BaseID[1]
10:BaseID[2]
11:BaseID[3]
12:BaseID[4]
13:BaseID[5]
14:BaseID[6]
15:BaseID[7]
16:EnemyLevel[0]
17:EnemyLevel[1]
18:EnemyLevel[2]
19:EnemyLevel[3]
20:EnemyLevel[4]
21:EnemyLevel[5]
22:EnemyLevel[6]
23:EnemyLevel[7]
24:BNpcName[0]
25:BNpcName[1]
26:BNpcName[2]
27:BNpcName[3]
28:BNpcName[4]
29:BNpcName[5]
30:BNpcName[6]
31:BNpcName[7]
32:ItemsInvolved[0]
33:ItemsInvolved[1]
34:ItemsInvolved[2]
35:ItemsInvolved[3]
36:ItemsInvolved[4]
37:ItemsInvolved[5]
38:ItemsInvolved[6]
39:ItemsInvolved[7]
40:ItemsInvolvedQty[0]
41:ItemsInvolvedQty[1]
42:ItemsInvolvedQty[2]
43:ItemsInvolvedQty[3]
44:ItemsInvolvedQty[4]
45:ItemsInvolvedQty[5]
46:ItemsInvolvedQty[6]
47:ItemsInvolvedQty[7]
48:ItemDropRate[0]
49:ItemDropRate[1]
50:ItemDropRate[2]
51:ItemDropRate[3]
52:ItemDropRate[4]
53:ItemDropRate[5]
54:ItemDropRate[6]
55:ItemDropRate[7]
56:ToDoNumberInvolved[0]
57:ToDoNumberInvolved[1]
58:ToDoNumberInvolved[2]
59:ToDoNumberInvolved[3]
60:ToDoNumberInvolved[4]
61:ToDoNumberInvolved[5]
62:ToDoNumberInvolved[6]
63:ToDoNumberInvolved[7]
64:ToDoParam[0][0]
65:ToDoParam[0][1]
66:ToDoParam[0][2]
67:ToDoParam[0][3]
68:ToDoParam[0][4]
69:ToDoParam[0][5]
70:ToDoParam[0][6]
71:ToDoParam[0][7]
72:ToDoParam[1][0]
73:ToDoParam[1][1]
74:ToDoParam[1][2]
75:ToDoParam[1][3]
76:ToDoParam[1][4]
77:ToDoParam[1][5]
78:ToDoParam[1][6]
79:ToDoParam[1][7]
80:ToDoParam[2][0]
81:ToDoParam[2][1]
82:ToDoParam[2][2]
83:ToDoParam[2][3]
84:ToDoParam[2][4]
85:ToDoParam[2][5]
86:ToDoParam[2][6]
87:ToDoParam[2][7]
88:ToDoParam[3][0]
89:ToDoParam[3][1]
90:ToDoParam[3][2]
91:ToDoParam[3][3]
92:ToDoParam[3][4]
93:ToDoParam[3][5]
94:ToDoParam[3][6]
95:ToDoParam[3][7]
96:ToDoParam[4][0]
97:ToDoParam[4][1]
98:ToDoParam[4][2]
99:ToDoParam[4][3]
100:ToDoParam[4][4]
101:ToDoParam[4][5]
102:ToDoParam[4][6]
103:ToDoParam[4][7]
104:NumOfAppearance[0][0]
105:NumOfAppearance[0][1]
106:NumOfAppearance[0][2]
107:NumOfAppearance[0][3]
108:NumOfAppearance[0][4]
109:NumOfAppearance[0][5]
110:NumOfAppearance[0][6]
111:NumOfAppearance[0][7]
112:NumOfAppearance[1][0]
113:NumOfAppearance[1][1]
114:NumOfAppearance[1][2]
115:NumOfAppearance[1][3]
116:NumOfAppearance[1][4]
117:NumOfAppearance[1][5]
118:NumOfAppearance[1][6]
119:NumOfAppearance[1][7]
120:NumOfAppearance[2][0]
121:NumOfAppearance[2][1]
122:NumOfAppearance[2][2]
123:NumOfAppearance[2][3]
124:NumOfAppearance[2][4]
125:NumOfAppearance[2][5]
126:NumOfAppearance[2][6]
127:NumOfAppearance[2][7]
128:NumOfAppearance[3][0]
129:NumOfAppearance[3][1]
130:NumOfAppearance[3][2]
131:NumOfAppearance[3][3]
132:NumOfAppearance[3][4]
133:NumOfAppearance[3][5]
134:NumOfAppearance[3][6]
135:NumOfAppearance[3][7]
136:NumOfAppearance[4][0]
137:NumOfAppearance[4][1]
138:NumOfAppearance[4][2]
139:NumOfAppearance[4][3]
140:NumOfAppearance[4][4]
141:NumOfAppearance[4][5]
142:NumOfAppearance[4][6]
143:NumOfAppearance[4][7]
144:NumOfAppearance[5][0]
145:NumOfAppearance[5][1]
146:NumOfAppearance[5][2]
147:NumOfAppearance[5][3]
148:NumOfAppearance[5][4]
149:NumOfAppearance[5][5]
150:NumOfAppearance[5][6]
151:NumOfAppearance[5][7]
152:NumOfAppearance[6][0]
153:NumOfAppearance[6][1]
154:NumOfAppearance[6][2]
155:NumOfAppearance[6][3]
156:NumOfAppearance[6][4]
157:NumOfAppearance[6][5]
158:NumOfAppearance[6][6]
159:NumOfAppearance[6][7]
160:NumOfAppearance[7][0]
161:NumOfAppearance[7][1]
162:NumOfAppearance[7][2]
163:NumOfAppearance[7][3]
164:NumOfAppearance[7][4]
165:NumOfAppearance[7][5]
166:NumOfAppearance[7][6]
167:NumOfAppearance[7][7]
168:ToDoSequence[0]
169:ToDoSequence[1]
170:ToDoSequence[2]
171:ToDoSequence[3]
172:ToDoSequence[4]
173:ToDoSequence[5]
174:ToDoSequence[6]
175:ToDoSequence[7]
176:Rule
177:Varient
178:Objective[0]
179:Objective[1]
180:Objective[2]
181:Help[0]
182:Help[1]
