0:HyurMidlander[Male]
1:HyurMidlander[Female]
2:HyurMidlander[LastName]
3:HyurHighlander[Male]
4:HyurHighlander[Female]
5:HyurHighlander[LastName]
6:Elezen[Male]
7:Elezen[Female]
8:ElezenWildwood[LastName]
9:ElezenDuskwight[LastName]
10:MiqoteSun[Male]
11:MiqoteSun[Female]
12:MiqoteSun[MaleLastName]
13:MiqoteSun[FemaleLastName]
14:MiqoteMoon[Male]
15:MiqoteMoon[Female]
16:MiqoteMoon[Lastname]
17:LalafellPlainsfolk[FirstNameStart]
18:LalafellPlainsfolk[LastNameStart]
19:LalafellPlainsfolk[EndOfNames]
20:LalafellDunesfolk[Male]
21:LalafellDunesfolk[MaleLastName]
22:LalafellDunesfolk[Female]
23:LalafellDunesfolk[FemaleLastName]
24:RoegadynSeaWolf[Male]
25:RoegadynSeaWolf[MaleLastName]
26:RoegadynSeaWolf[Female]
27:RoegadynSeaWolf[FemaleLastName]
28:RoegadynHellsguard[FirstName]
29:RoegadynHellsguard[MaleLastName]
30:RoegadynHellsguard[FemaleLastName]
31:AuRaRaen[Male]
32:AuRaRaen[Female]
33:AuRaRaen[LastName]
34:AuRaXaela[Male]
35:AuRaXaela[Female]
36:AuRaXaela[LastName]
37:HrothgarHellions[FirstName]
38:HrothgarHellions[LastName]
39:HrothgarLost[FirstName]
40:HrothgarLost[LastName]
41:Viera[FirstName]
42:VieraRava[LastName]
43:VieraVeena[LastName]
