0:Icon{Actor}
1:Icon{Map}
2:Name
3:Script{Instruction}[0]
4:Script{Instruction}[1]
5:Script{Instruction}[2]
6:Script{Instruction}[3]
7:Script{Instruction}[4]
8:Script{Instruction}[5]
9:Script{Instruction}[6]
10:Script{Instruction}[7]
11:Script{Instruction}[8]
12:Script{Instruction}[9]
13:Script{Instruction}[10]
14:Script{Instruction}[11]
15:Script{Instruction}[12]
16:Script{Instruction}[13]
17:Script{Instruction}[14]
18:Script{Instruction}[15]
19:Script{Instruction}[16]
20:Script{Instruction}[17]
21:Script{Instruction}[18]
22:Script{Instruction}[19]
23:Script{Instruction}[20]
24:Script{Instruction}[21]
25:Script{Instruction}[22]
26:Script{Instruction}[23]
27:Script{Instruction}[24]
28:Script{Instruction}[25]
29:Script{Instruction}[26]
30:Script{Instruction}[27]
31:Script{Instruction}[28]
32:Script{Instruction}[29]
33:Script{Arg}[0]
34:Script{Arg}[1]
35:Script{Arg}[2]
36:Script{Arg}[3]
37:Script{Arg}[4]
38:Script{Arg}[5]
39:Script{Arg}[6]
40:Script{Arg}[7]
41:Script{Arg}[8]
42:Script{Arg}[9]
43:Script{Arg}[10]
44:Script{Arg}[11]
45:Script{Arg}[12]
46:Script{Arg}[13]
47:Script{Arg}[14]
48:Script{Arg}[15]
49:Script{Arg}[16]
50:Script{Arg}[17]
51:Script{Arg}[18]
52:Script{Arg}[19]
53:Script{Arg}[20]
54:Script{Arg}[21]
55:Script{Arg}[22]
56:Script{Arg}[23]
57:Script{Arg}[24]
58:Script{Arg}[25]
59:Script{Arg}[26]
60:Script{Arg}[27]
61:Script{Arg}[28]
62:Script{Arg}[29]
64:MainOption
65:SubOption
75:SpecialLinks
