0:EventHandler
1:Important
2:ENpcData[0]
3:ENpcData[1]
4:ENpcData[2]
5:ENpcData[3]
6:ENpcData[4]
7:ENpcData[5]
8:ENpcData[6]
9:ENpcData[7]
10:ENpcData[8]
11:ENpcData[9]
12:ENpcData[10]
13:ENpcData[11]
14:ENpcData[12]
15:ENpcData[13]
16:ENpcData[14]
17:ENpcData[15]
18:ENpcData[16]
19:ENpcData[17]
20:ENpcData[18]
21:ENpcData[19]
22:ENpcData[20]
23:ENpcData[21]
24:ENpcData[22]
25:ENpcData[23]
26:ENpcData[24]
27:ENpcData[25]
28:ENpcData[26]
29:ENpcData[27]
30:ENpcData[28]
31:ENpcData[29]
32:ENpcData[30]
33:ENpcData[31]
34:Scale
35:ModelChara
36:Race
37:Gender
38:BodyType
39:Height
40:Tribe
41:Face
42:HairStyle
43:HairHighlight
44:SkinColor
45:EyeHeterochromia
46:HairColor
47:HairHighlightColor
48:FacialFeature
49:FacialFeatureColor
50:Eyebrows
51:EyeColor
52:EyeShape
53:Nose
54:Jaw
55:Mouth
56:LipColor
57:BustOrTone1
58:ExtraFeature1
59:ExtraFeature2OrBust
60:FacePaint
61:FacePaintColor
63:NpcEquip
64:Behavior
65:Model{MainHand}
66:Dye{MainHand}
67:Model{OffHand}
68:Dye{OffHand}
69:Model{Head}
70:Dye{Head}
71:Visor
72:Model{Body}
73:Dye{Body}
74:Model{Hands}
75:Dye{Hands}
76:Model{Legs}
77:Dye{Legs}
78:Model{Feet}
79:Dye{Feet}
80:Model{Ears}
81:Dye{Ears}
82:Model{Neck}
83:Dye{Neck}
84:Model{Wrists}
85:Dye{Wrists}
86:Model{LeftRing}
87:Dye{LeftRing}
88:Model{RightRing}
89:Dye{RightRing}
90:Invisibility
91:Balloon
92:NotRewriteHeight
93:DefaultBalloon
