0:AnnounceQuest[0]
1:AnnounceQuest[1]
2:AnnounceQuest[2]
3:AnnounceQuest[3]
4:AnnounceQuest[4]
5:AnnounceQuest[5]
6:AnnounceQuest[6]
7:AnnounceQuest[7]
8:AnnounceQuest[8]
9:AnnounceQuest[9]
10:AnnounceQuestLocked[0]
11:AnnounceQuestLocked[1]
12:AnnounceQuestLocked[2]
13:AnnounceQuestLocked[3]
14:AnnounceQuestLocked[4]
15:AnnounceQuestLocked[5]
16:AnnounceQuestLocked[6]
17:AnnounceQuestLocked[7]
18:AnnounceQuestLocked[8]
19:AnnounceQuestLocked[9]
20:MapAnnounceQuest[0][0]
21:MapAnnounceQuest[0][1]
22:MapAnnounceQuest[0][2]
23:MapAnnounceQuest[0][3]
24:MapAnnounceQuest[0][4]
25:MapAnnounceQuest[0][5]
26:MapAnnounceQuest[0][6]
27:MapAnnounceQuest[0][7]
28:MapAnnounceQuest[0][8]
29:MapAnnounceQuest[0][9]
30:MapAnnounceQuestLocked[0]
31:MapAnnounceQuestLocked[1]
32:MapAnnounceQuestLocked[2]
33:MapAnnounceQuestLocked[3]
34:MapAnnounceQuestLocked[4]
35:MapAnnounceQuestLocked[5]
36:MapAnnounceQuestLocked[6]
37:MapAnnounceQuestLocked[7]
38:MapAnnounceQuestLocked[8]
39:MapAnnounceQuestLocked[9]
40:MapAnnounceQuest[1][0]
41:MapAnnounceQuest[1][1]
42:MapAnnounceQuest[1][2]
43:MapAnnounceQuest[1][3]
44:MapAnnounceQuest[1][4]
45:MapAnnounceQuest[1][5]
46:MapAnnounceQuest[1][6]
47:MapAnnounceQuest[1][7]
48:MapAnnounceQuest[1][8]
49:MapAnnounceQuest[1][9]
