1:GatheringItem[0]
2:GatheringItem[1]
3:GatheringItem[2]
4:GatheringItem[3]
5:GatheringItem[4]
6:GatheringItem[5]
7:GatheringItem[6]
8:GatheringItem[7]
9:GatheringItem[8]
10:GatheringItem[9]
11:GatheringItem[10]
12:GatheringItem[11]
13:GatheringItem[12]
14:GatheringItem[13]
15:GatheringItem[14]
16:GatheringItem[15]
17:GatheringItem[16]
18:GatheringItem[17]
19:GatheringItem[18]
20:GatheringItem[19]
21:GatheringItem[20]
22:GatheringItem[21]
23:GatheringItem[22]
24:GatheringItem[23]
25:GatheringItem[24]
26:GatheringItem[25]
27:GatheringItem[26]
28:GatheringItem[27]
29:GatheringItem[28]
30:GatheringItem[29]
31:GatheringItem[30]
32:GatheringItem[31]
33:GatheringItem[32]
34:GatheringItem[33]
35:GatheringItem[34]
36:GatheringItem[35]
37:GatheringItem[36]
38:GatheringItem[37]
39:GatheringItem[38]
40:GatheringItem[39]
41:GatheringItem[40]
42:GatheringItem[41]
43:GatheringItem[42]
44:GatheringItem[43]
45:GatheringItem[44]
46:GatheringItem[45]
47:GatheringItem[46]
48:GatheringItem[47]
49:GatheringItem[48]
50:GatheringItem[49]
51:GatheringItem[50]
52:GatheringItem[51]
53:GatheringItem[52]
54:GatheringItem[53]
55:GatheringItem[54]
56:GatheringItem[55]
57:GatheringItem[56]
58:GatheringItem[57]
59:GatheringItem[58]
60:GatheringItem[59]
61:GatheringItem[60]
62:GatheringItem[61]
63:GatheringItem[62]
64:GatheringItem[63]
65:GatheringItem[64]
66:GatheringItem[65]
67:GatheringItem[66]
68:GatheringItem[67]
69:GatheringItem[68]
70:GatheringItem[69]
71:GatheringItem[70]
72:GatheringItem[71]
73:GatheringItem[72]
74:GatheringItem[73]
75:GatheringItem[74]
76:GatheringItem[75]
77:GatheringItem[76]
78:GatheringItem[77]
79:GatheringItem[78]
80:GatheringItem[79]
81:GatheringItem[80]
82:GatheringItem[81]
83:GatheringItem[82]
84:GatheringItem[83]
85:GatheringItem[84]
86:GatheringItem[85]
87:GatheringItem[86]
88:GatheringItem[87]
89:GatheringItem[88]
90:GatheringItem[89]
91:GatheringItem[90]
92:GatheringItem[91]
93:GatheringItem[92]
94:GatheringItem[93]
95:GatheringItem[94]
96:GatheringItem[95]
97:GatheringItem[96]
98:GatheringItem[97]
99:GatheringItem[98]
100:GatheringItem[99]
