0:Required{Flag}
1:Unlock{Flag}
2:Required{Level}
3:Required{Seals}
4:Reward{Experience}
5:Percent{Base}
7:GcArmyExpeditionType
8:Name
9:Description
10:Reward{Item}[0]
11:Reward{Item}[1]
12:Reward{Item}[2]
13:Reward{Item}[3]
14:Reward{Item}[4]
15:Reward{Item}[5]
16:Reward{Quantity}[0]
17:Reward{Quantity}[1]
18:Reward{Quantity}[2]
19:Reward{Quantity}[3]
20:Reward{Quantity}[4]
21:Reward{Quantity}[5]
22:Required{Physical}[0]
23:Required{Physical}[1]
24:Required{Physical}[2]
25:Required{Physical}[3]
26:Required{Physical}[4]
27:Required{Physical}[5]
28:Percent{PhysicalMet}[0]
29:Percent{PhysicalMet}[1]
30:Percent{PhysicalMet}[2]
31:Percent{PhysicalMet}[3]
32:Percent{PhysicalMet}[4]
33:Percent{PhysicalMet}[5]
34:Required{Mental}[0]
35:Required{Mental}[1]
36:Required{Mental}[2]
37:Required{Mental}[3]
38:Required{Mental}[4]
39:Required{Mental}[5]
40:Percent{MentalMet}[0]
41:Percent{MentalMet}[1]
42:Percent{MentalMet}[2]
43:Percent{MentalMet}[3]
44:Percent{MentalMet}[4]
45:Percent{MentalMet}[5]
46:Required{Tactical}[0]
47:Required{Tactical}[1]
48:Required{Tactical}[2]
49:Required{Tactical}[3]
50:Required{Tactical}[4]
51:Required{Tactical}[5]
52:Percent{TacticalMet}[0]
53:Percent{TacticalMet}[1]
54:Percent{TacticalMet}[2]
55:Percent{TacticalMet}[3]
56:Percent{TacticalMet}[4]
57:Percent{TacticalMet}[5]
58:Percent{AllMet}[0]
59:Percent{AllMet}[1]
60:Percent{AllMet}[2]
61:Percent{AllMet}[3]
62:Percent{AllMet}[4]
63:Percent{AllMet}[5]
