0:PlotSize[0]
1:PlotSize[1]
2:PlotSize[2]
3:PlotSize[3]
4:PlotSize[4]
5:PlotSize[5]
6:PlotSize[6]
7:PlotSize[7]
8:PlotSize[8]
9:PlotSize[9]
10:PlotSize[10]
11:PlotSize[11]
12:PlotSize[12]
13:PlotSize[13]
14:PlotSize[14]
15:PlotSize[15]
16:PlotSize[16]
17:PlotSize[17]
18:PlotSize[18]
19:PlotSize[19]
20:PlotSize[20]
21:PlotSize[21]
22:PlotSize[22]
23:PlotSize[23]
24:PlotSize[24]
25:PlotSize[25]
26:PlotSize[26]
27:PlotSize[27]
28:PlotSize[28]
29:PlotSize[29]
30:PlotSize[30]
31:PlotSize[31]
32:PlotSize[32]
33:PlotSize[33]
34:PlotSize[34]
35:PlotSize[35]
36:PlotSize[36]
37:PlotSize[37]
38:PlotSize[38]
39:PlotSize[39]
40:PlotSize[40]
41:PlotSize[41]
42:PlotSize[42]
43:PlotSize[43]
44:PlotSize[44]
45:PlotSize[45]
46:PlotSize[46]
47:PlotSize[47]
48:PlotSize[48]
49:PlotSize[49]
50:PlotSize[50]
51:PlotSize[51]
52:PlotSize[52]
53:PlotSize[53]
54:PlotSize[54]
55:PlotSize[55]
56:PlotSize[56]
57:PlotSize[57]
58:PlotSize[58]
59:PlotSize[59]
60:MinPrice[0]
61:MinPrice[1]
62:MinPrice[2]
63:MinPrice[3]
64:MinPrice[4]
65:MinPrice[5]
66:MinPrice[6]
67:MinPrice[7]
68:MinPrice[8]
69:MinPrice[9]
70:MinPrice[10]
71:MinPrice[11]
72:MinPrice[12]
73:MinPrice[13]
74:MinPrice[14]
75:MinPrice[15]
76:MinPrice[16]
77:MinPrice[17]
78:MinPrice[18]
79:MinPrice[19]
80:MinPrice[20]
81:MinPrice[21]
82:MinPrice[22]
83:MinPrice[23]
84:MinPrice[24]
85:MinPrice[25]
86:MinPrice[26]
87:MinPrice[27]
88:MinPrice[28]
89:MinPrice[29]
90:MinPrice[30]
91:MinPrice[31]
92:MinPrice[32]
93:MinPrice[33]
94:MinPrice[34]
95:MinPrice[35]
96:MinPrice[36]
97:MinPrice[37]
98:MinPrice[38]
99:MinPrice[39]
100:MinPrice[40]
101:MinPrice[41]
102:MinPrice[42]
103:MinPrice[43]
104:MinPrice[44]
105:MinPrice[45]
106:MinPrice[46]
107:MinPrice[47]
108:MinPrice[48]
109:MinPrice[49]
110:MinPrice[50]
111:MinPrice[51]
112:MinPrice[52]
113:MinPrice[53]
114:MinPrice[54]
115:MinPrice[55]
116:MinPrice[56]
117:MinPrice[57]
118:MinPrice[58]
119:MinPrice[59]
240:InitialPrice[0]
241:InitialPrice[1]
242:InitialPrice[2]
243:InitialPrice[3]
244:InitialPrice[4]
245:InitialPrice[5]
246:InitialPrice[6]
247:InitialPrice[7]
248:InitialPrice[8]
249:InitialPrice[9]
250:InitialPrice[10]
251:InitialPrice[11]
252:InitialPrice[12]
253:InitialPrice[13]
254:InitialPrice[14]
255:InitialPrice[15]
256:InitialPrice[16]
257:InitialPrice[17]
258:InitialPrice[18]
259:InitialPrice[19]
260:InitialPrice[20]
261:InitialPrice[21]
262:InitialPrice[22]
263:InitialPrice[23]
264:InitialPrice[24]
265:InitialPrice[25]
266:InitialPrice[26]
267:InitialPrice[27]
268:InitialPrice[28]
269:InitialPrice[29]
270:InitialPrice[30]
271:InitialPrice[31]
272:InitialPrice[32]
273:InitialPrice[33]
274:InitialPrice[34]
275:InitialPrice[35]
276:InitialPrice[36]
277:InitialPrice[37]
278:InitialPrice[38]
279:InitialPrice[39]
280:InitialPrice[40]
281:InitialPrice[41]
282:InitialPrice[42]
283:InitialPrice[43]
284:InitialPrice[44]
285:InitialPrice[45]
286:InitialPrice[46]
287:InitialPrice[47]
288:InitialPrice[48]
289:InitialPrice[49]
290:InitialPrice[50]
291:InitialPrice[51]
292:InitialPrice[52]
293:InitialPrice[53]
294:InitialPrice[54]
295:InitialPrice[55]
296:InitialPrice[56]
297:InitialPrice[57]
298:InitialPrice[58]
299:InitialPrice[59]
