0:Item{TradeIn}[0]
1:Item{TradeIn}[1]
2:Item{TradeIn}[2]
3:Item{TradeIn}[3]
4:Item{TradeIn}[4]
5:Item{TradeIn}[5]
6:Item{TradeIn}[6]
7:Item{TradeIn}[7]
8:Item{TradeIn}[8]
9:Item{TradeIn}[9]
10:Item{TradeIn}[10]
11:Item{TradeIn}[11]
12:Item{TradeIn}[12]
13:Item{TradeIn}[13]
14:Item{TradeIn}[14]
15:Item{TradeIn}[15]
16:Item{TradeIn}[16]
17:Item{TradeIn}[17]
18:Item{TradeIn}[18]
19:Item{TradeIn}[19]
20:Item{TradeIn}[20]
21:Item{TradeIn}[21]
22:Item{TradeIn}[22]
23:Level[0]
24:Level[1]
25:Level[2]
26:Level[3]
27:Level[4]
28:Level[5]
29:Level[6]
30:Level[7]
31:Level[8]
32:Level[9]
33:Level[10]
34:Level[11]
35:Level[12]
36:Level[13]
37:Level[14]
38:Level[15]
39:Level[16]
40:Level[17]
41:Level[18]
42:Level[19]
43:Level[20]
44:Level[21]
45:Level[22]
46:LevelMax[0]
47:LevelMax[1]
48:LevelMax[2]
49:LevelMax[3]
50:LevelMax[4]
51:LevelMax[5]
52:LevelMax[6]
53:LevelMax[7]
54:LevelMax[8]
55:LevelMax[9]
56:LevelMax[10]
57:LevelMax[11]
58:LevelMax[12]
59:LevelMax[13]
60:LevelMax[14]
61:LevelMax[15]
62:LevelMax[16]
63:LevelMax[17]
64:LevelMax[18]
65:LevelMax[19]
66:LevelMax[20]
67:LevelMax[21]
68:LevelMax[22]
92:BaseCollectable{Rating}[0]
93:BaseCollectable{Rating}[1]
94:BaseCollectable{Rating}[2]
95:BaseCollectable{Rating}[3]
96:BaseCollectable{Rating}[4]
97:BaseCollectable{Rating}[5]
98:BaseCollectable{Rating}[6]
99:BaseCollectable{Rating}[7]
100:BaseCollectable{Rating}[8]
101:BaseCollectable{Rating}[9]
102:BaseCollectable{Rating}[10]
103:BaseCollectable{Rating}[11]
104:BaseCollectable{Rating}[12]
105:BaseCollectable{Rating}[13]
106:BaseCollectable{Rating}[14]
107:BaseCollectable{Rating}[15]
108:BaseCollectable{Rating}[16]
109:BaseCollectable{Rating}[17]
110:BaseCollectable{Rating}[18]
111:BaseCollectable{Rating}[19]
112:BaseCollectable{Rating}[20]
113:BaseCollectable{Rating}[21]
114:BaseCollectable{Rating}[22]
115:MidCollectable{Rating}[0]
116:MidCollectable{Rating}[1]
117:MidCollectable{Rating}[2]
118:MidCollectable{Rating}[3]
119:MidCollectable{Rating}[4]
120:MidCollectable{Rating}[5]
121:MidCollectable{Rating}[6]
122:MidCollectable{Rating}[7]
123:MidCollectable{Rating}[8]
124:MidCollectable{Rating}[9]
125:MidCollectable{Rating}[10]
126:MidCollectable{Rating}[11]
127:MidCollectable{Rating}[12]
128:MidCollectable{Rating}[13]
129:MidCollectable{Rating}[14]
130:MidCollectable{Rating}[15]
131:MidCollectable{Rating}[16]
132:MidCollectable{Rating}[17]
133:MidCollectable{Rating}[18]
134:MidCollectable{Rating}[19]
135:MidCollectable{Rating}[20]
136:MidCollectable{Rating}[21]
137:MidCollectable{Rating}[22]
138:HighCollectable{Rating}[0]
139:HighCollectable{Rating}[1]
140:HighCollectable{Rating}[2]
141:HighCollectable{Rating}[3]
142:HighCollectable{Rating}[4]
143:HighCollectable{Rating}[5]
144:HighCollectable{Rating}[6]
145:HighCollectable{Rating}[7]
146:HighCollectable{Rating}[8]
147:HighCollectable{Rating}[9]
148:HighCollectable{Rating}[10]
149:HighCollectable{Rating}[11]
150:HighCollectable{Rating}[12]
151:HighCollectable{Rating}[13]
152:HighCollectable{Rating}[14]
153:HighCollectable{Rating}[15]
154:HighCollectable{Rating}[16]
155:HighCollectable{Rating}[17]
156:HighCollectable{Rating}[18]
157:HighCollectable{Rating}[19]
158:HighCollectable{Rating}[20]
159:HighCollectable{Rating}[21]
160:HighCollectable{Rating}[22]
161:BaseCollectable{Reward}[0]
162:BaseCollectable{Reward}[1]
163:BaseCollectable{Reward}[2]
164:BaseCollectable{Reward}[3]
165:BaseCollectable{Reward}[4]
166:BaseCollectable{Reward}[5]
167:BaseCollectable{Reward}[6]
168:BaseCollectable{Reward}[7]
169:BaseCollectable{Reward}[8]
170:BaseCollectable{Reward}[9]
171:BaseCollectable{Reward}[10]
172:BaseCollectable{Reward}[11]
173:BaseCollectable{Reward}[12]
174:BaseCollectable{Reward}[13]
175:BaseCollectable{Reward}[14]
176:BaseCollectable{Reward}[15]
177:BaseCollectable{Reward}[16]
178:BaseCollectable{Reward}[17]
179:BaseCollectable{Reward}[18]
180:BaseCollectable{Reward}[19]
181:BaseCollectable{Reward}[20]
182:BaseCollectable{Reward}[21]
183:BaseCollectable{Reward}[22]
184:MidCollectable{Reward}[0]
185:MidCollectable{Reward}[1]
186:MidCollectable{Reward}[2]
187:MidCollectable{Reward}[3]
188:MidCollectable{Reward}[4]
189:MidCollectable{Reward}[5]
190:MidCollectable{Reward}[6]
191:MidCollectable{Reward}[7]
192:MidCollectable{Reward}[8]
193:MidCollectable{Reward}[9]
194:MidCollectable{Reward}[10]
195:MidCollectable{Reward}[11]
196:MidCollectable{Reward}[12]
197:MidCollectable{Reward}[13]
198:MidCollectable{Reward}[14]
199:MidCollectable{Reward}[15]
200:MidCollectable{Reward}[16]
201:MidCollectable{Reward}[17]
202:MidCollectable{Reward}[18]
203:MidCollectable{Reward}[19]
204:MidCollectable{Reward}[20]
205:MidCollectable{Reward}[21]
206:MidCollectable{Reward}[22]
207:HighCollectable{Reward}[0]
208:HighCollectable{Reward}[1]
209:HighCollectable{Reward}[2]
210:HighCollectable{Reward}[3]
211:HighCollectable{Reward}[4]
212:HighCollectable{Reward}[5]
213:HighCollectable{Reward}[6]
214:HighCollectable{Reward}[7]
215:HighCollectable{Reward}[8]
216:HighCollectable{Reward}[9]
217:HighCollectable{Reward}[10]
218:HighCollectable{Reward}[11]
219:HighCollectable{Reward}[12]
220:HighCollectable{Reward}[13]
221:HighCollectable{Reward}[14]
222:HighCollectable{Reward}[15]
223:HighCollectable{Reward}[16]
224:HighCollectable{Reward}[17]
225:HighCollectable{Reward}[18]
226:HighCollectable{Reward}[19]
227:HighCollectable{Reward}[20]
228:HighCollectable{Reward}[21]
229:HighCollectable{Reward}[22]
230:BaseCollectable{Reward}[PostPhase][0]
231:BaseCollectable{Reward}[PostPhase][1]
232:BaseCollectable{Reward}[PostPhase][2]
233:BaseCollectable{Reward}[PostPhase][3]
234:BaseCollectable{Reward}[PostPhase][4]
235:BaseCollectable{Reward}[PostPhase][5]
236:BaseCollectable{Reward}[PostPhase][6]
237:BaseCollectable{Reward}[PostPhase][7]
238:BaseCollectable{Reward}[PostPhase][8]
239:BaseCollectable{Reward}[PostPhase][9]
240:BaseCollectable{Reward}[PostPhase][10]
241:BaseCollectable{Reward}[PostPhase][11]
242:BaseCollectable{Reward}[PostPhase][12]
243:BaseCollectable{Reward}[PostPhase][13]
244:BaseCollectable{Reward}[PostPhase][14]
245:BaseCollectable{Reward}[PostPhase][15]
246:BaseCollectable{Reward}[PostPhase][16]
247:BaseCollectable{Reward}[PostPhase][17]
248:BaseCollectable{Reward}[PostPhase][18]
249:BaseCollectable{Reward}[PostPhase][19]
250:BaseCollectable{Reward}[PostPhase][20]
251:BaseCollectable{Reward}[PostPhase][21]
252:BaseCollectable{Reward}[PostPhase][22]
253:MidCollectable{Reward}[PostPhase][0]
254:MidCollectable{Reward}[PostPhase][1]
255:MidCollectable{Reward}[PostPhase][2]
256:MidCollectable{Reward}[PostPhase][3]
257:MidCollectable{Reward}[PostPhase][4]
258:MidCollectable{Reward}[PostPhase][5]
259:MidCollectable{Reward}[PostPhase][6]
260:MidCollectable{Reward}[PostPhase][7]
261:MidCollectable{Reward}[PostPhase][8]
262:MidCollectable{Reward}[PostPhase][9]
263:MidCollectable{Reward}[PostPhase][10]
264:MidCollectable{Reward}[PostPhase][11]
265:MidCollectable{Reward}[PostPhase][12]
266:MidCollectable{Reward}[PostPhase][13]
267:MidCollectable{Reward}[PostPhase][14]
268:MidCollectable{Reward}[PostPhase][15]
269:MidCollectable{Reward}[PostPhase][16]
270:MidCollectable{Reward}[PostPhase][17]
271:MidCollectable{Reward}[PostPhase][18]
272:MidCollectable{Reward}[PostPhase][19]
273:MidCollectable{Reward}[PostPhase][20]
274:MidCollectable{Reward}[PostPhase][21]
275:MidCollectable{Reward}[PostPhase][22]
276:HighCollectable{Reward}[PostPhase][0]
277:HighCollectable{Reward}[PostPhase][1]
278:HighCollectable{Reward}[PostPhase][2]
279:HighCollectable{Reward}[PostPhase][3]
280:HighCollectable{Reward}[PostPhase][4]
281:HighCollectable{Reward}[PostPhase][5]
282:HighCollectable{Reward}[PostPhase][6]
283:HighCollectable{Reward}[PostPhase][7]
284:HighCollectable{Reward}[PostPhase][8]
285:HighCollectable{Reward}[PostPhase][9]
286:HighCollectable{Reward}[PostPhase][10]
287:HighCollectable{Reward}[PostPhase][11]
288:HighCollectable{Reward}[PostPhase][12]
289:HighCollectable{Reward}[PostPhase][13]
290:HighCollectable{Reward}[PostPhase][14]
291:HighCollectable{Reward}[PostPhase][15]
292:HighCollectable{Reward}[PostPhase][16]
293:HighCollectable{Reward}[PostPhase][17]
294:HighCollectable{Reward}[PostPhase][18]
295:HighCollectable{Reward}[PostPhase][19]
296:HighCollectable{Reward}[PostPhase][20]
297:HighCollectable{Reward}[PostPhase][21]
298:HighCollectable{Reward}[PostPhase][22]
299:TermName[0]
300:TermName[1]
301:TermName[2]
302:TermName[3]
303:TermName[4]
304:TermName[5]
305:TermName[6]
306:TermName[7]
307:TermName[8]
308:TermName[9]
309:TermName[10]
310:TermName[11]
311:TermName[12]
312:TermName[13]
313:TermName[14]
314:TermName[15]
315:TermName[16]
316:TermName[17]
317:TermName[18]
318:TermName[19]
319:TermName[20]
320:TermName[21]
321:TermName[22]
