0:Singular
1:Adjective
2:Plural
3:PossessivePronoun
4:StartsWithVowel
6:Pronoun
7:Article
8:Description
9:Name
10:Icon
11:Level{Item}
12:Rarity
13:FilterGroup
14:AdditionalData
15:ItemUICategory
16:ItemSearchCategory
17:EquipSlotCategory
18:ItemSortCategory
20:StackSize
21:IsUnique
22:IsUntradable
23:IsIndisposable
24:Lot
25:Price{Mid}
26:Price{Low}
27:CanBeHq
28:IsDyeable
29:IsCrestWorthy
30:ItemAction
32:Cooldown<s>
33:ClassJob{Repair}
34:Item{Repair}
35:Item{Glamour}
36:Desynth
37:IsCollectable
38:AlwaysCollectable
39:AetherialReduce
40:Level{Equip}
42:EquipRestriction
43:ClassJobCategory
44:GrandCompany
45:ItemSeries
46:BaseParamModifier
47:Model{Main}
48:Model{Sub}
49:ClassJob{Use}
51:Damage{Phys}
52:Damage{Mag}
53:Delay<ms>
55:BlockRate
56:Block
57:Defense{Phys}
58:Defense{Mag}
59:BaseParam[0]
60:BaseParamValue[0]
61:BaseParam[1]
62:BaseParamValue[1]
63:BaseParam[2]
64:BaseParamValue[2]
65:BaseParam[3]
66:BaseParamValue[3]
67:BaseParam[4]
68:BaseParamValue[4]
69:BaseParam[5]
70:BaseParamValue[5]
71:ItemSpecialBonus
72:ItemSpecialBonus{Param}
73:BaseParam{Special}[0]
74:BaseParamValue{Special}[0]
75:BaseParam{Special}[1]
76:BaseParamValue{Special}[1]
77:BaseParam{Special}[2]
78:BaseParamValue{Special}[2]
79:BaseParam{Special}[3]
80:BaseParamValue{Special}[3]
81:BaseParam{Special}[4]
82:BaseParamValue{Special}[4]
83:BaseParam{Special}[5]
84:BaseParamValue{Special}[5]
85:MaterializeType
86:MateriaSlotCount
87:IsAdvancedMeldingPermitted
88:IsPvP
90:IsGlamourous
