1:ItemAccepted[0]
2:ItemAccepted[1]
3:ItemAccepted[2]
4:ItemAccepted[3]
5:ItemAccepted[4]
6:ItemAccepted[5]
7:ItemAccepted[6]
8:ItemAccepted[7]
9:ItemAccepted[8]
10:ItemAccepted[9]
11:ItemAccepted[10]
12:ItemAccepted[11]
13:ItemAccepted[12]
14:ItemAccepted[13]
15:ItemAccepted[14]
16:ItemAccepted[15]
17:ItemAccepted[16]
18:ItemAccepted[17]
19:ItemAccepted[18]
20:ItemAccepted[19]
21:ItemAccepted[20]
22:ItemAccepted[21]
23:ItemAccepted[22]
24:ItemAccepted[23]
25:ItemAccepted[24]
26:ItemAccepted[25]
27:ItemAccepted[26]
28:ItemAccepted[27]
29:ItemAccepted[28]
30:ItemAccepted[29]
31:ItemAccepted[30]
32:ItemAccepted[31]
33:AmountAccepted[0]
34:AmountAccepted[1]
35:AmountAccepted[2]
36:AmountAccepted[3]
37:AmountAccepted[4]
38:AmountAccepted[5]
39:AmountAccepted[6]
40:AmountAccepted[7]
41:AmountAccepted[8]
42:AmountAccepted[9]
43:AmountAccepted[10]
44:AmountAccepted[11]
45:AmountAccepted[12]
46:AmountAccepted[13]
47:AmountAccepted[14]
48:AmountAccepted[15]
49:AmountAccepted[16]
50:AmountAccepted[17]
51:AmountAccepted[18]
52:AmountAccepted[19]
53:AmountAccepted[20]
54:AmountAccepted[21]
55:AmountAccepted[22]
56:AmountAccepted[23]
57:AmountAccepted[24]
58:AmountAccepted[25]
59:AmountAccepted[26]
60:AmountAccepted[27]
61:AmountAccepted[28]
62:AmountAccepted[29]
63:AmountAccepted[30]
64:AmountAccepted[31]
129:Lua
130:LogMessage[0]
131:LogMessage[1]
132:LogMessage[2]
