0:Quest
1:QuestBattleScene
2:TimeLimit
3:LevelSync
4:ScriptInstruction[0]
5:ScriptInstruction[1]
6:ScriptInstruction[2]
7:ScriptInstruction[3]
8:ScriptInstruction[4]
9:ScriptInstruction[5]
10:ScriptInstruction[6]
11:ScriptInstruction[7]
12:ScriptInstruction[8]
13:ScriptInstruction[9]
14:ScriptInstruction[10]
15:ScriptInstruction[11]
16:ScriptInstruction[12]
17:ScriptInstruction[13]
18:ScriptInstruction[14]
19:ScriptInstruction[15]
20:ScriptInstruction[16]
21:ScriptInstruction[17]
22:ScriptInstruction[18]
23:ScriptInstruction[19]
24:ScriptInstruction[20]
25:ScriptInstruction[21]
26:ScriptInstruction[22]
27:ScriptInstruction[23]
28:ScriptInstruction[24]
29:ScriptInstruction[25]
30:ScriptInstruction[26]
31:ScriptInstruction[27]
32:ScriptInstruction[28]
33:ScriptInstruction[29]
34:ScriptInstruction[30]
35:ScriptInstruction[31]
36:ScriptInstruction[32]
37:ScriptInstruction[33]
38:ScriptInstruction[34]
39:ScriptInstruction[35]
40:ScriptInstruction[36]
41:ScriptInstruction[37]
42:ScriptInstruction[38]
43:ScriptInstruction[39]
44:ScriptInstruction[40]
45:ScriptInstruction[41]
46:ScriptInstruction[42]
47:ScriptInstruction[43]
48:ScriptInstruction[44]
49:ScriptInstruction[45]
50:ScriptInstruction[46]
51:ScriptInstruction[47]
52:ScriptInstruction[48]
53:ScriptInstruction[49]
54:ScriptInstruction[50]
55:ScriptInstruction[51]
56:ScriptInstruction[52]
57:ScriptInstruction[53]
58:ScriptInstruction[54]
59:ScriptInstruction[55]
60:ScriptInstruction[56]
61:ScriptInstruction[57]
62:ScriptInstruction[58]
63:ScriptInstruction[59]
64:ScriptInstruction[60]
65:ScriptInstruction[61]
66:ScriptInstruction[62]
67:ScriptInstruction[63]
68:ScriptInstruction[64]
69:ScriptInstruction[65]
70:ScriptInstruction[66]
71:ScriptInstruction[67]
72:ScriptInstruction[68]
73:ScriptInstruction[69]
74:ScriptInstruction[70]
75:ScriptInstruction[71]
76:ScriptInstruction[72]
77:ScriptInstruction[73]
78:ScriptInstruction[74]
79:ScriptInstruction[75]
80:ScriptInstruction[76]
81:ScriptInstruction[77]
82:ScriptInstruction[78]
83:ScriptInstruction[79]
84:ScriptInstruction[80]
85:ScriptInstruction[81]
86:ScriptInstruction[82]
87:ScriptInstruction[83]
88:ScriptInstruction[84]
89:ScriptInstruction[85]
90:ScriptInstruction[86]
91:ScriptInstruction[87]
92:ScriptInstruction[88]
93:ScriptInstruction[89]
94:ScriptInstruction[90]
95:ScriptInstruction[91]
96:ScriptInstruction[92]
97:ScriptInstruction[93]
98:ScriptInstruction[94]
99:ScriptInstruction[95]
100:ScriptInstruction[96]
101:ScriptInstruction[97]
102:ScriptInstruction[98]
103:ScriptInstruction[99]
104:ScriptInstruction[100]
105:ScriptInstruction[101]
106:ScriptInstruction[102]
107:ScriptInstruction[103]
108:ScriptInstruction[104]
109:ScriptInstruction[105]
110:ScriptInstruction[106]
111:ScriptInstruction[107]
112:ScriptInstruction[108]
113:ScriptInstruction[109]
114:ScriptInstruction[110]
115:ScriptInstruction[111]
116:ScriptInstruction[112]
117:ScriptInstruction[113]
118:ScriptInstruction[114]
119:ScriptInstruction[115]
120:ScriptInstruction[116]
121:ScriptInstruction[117]
122:ScriptInstruction[118]
123:ScriptInstruction[119]
124:ScriptInstruction[120]
125:ScriptInstruction[121]
126:ScriptInstruction[122]
127:ScriptInstruction[123]
128:ScriptInstruction[124]
129:ScriptInstruction[125]
130:ScriptInstruction[126]
131:ScriptInstruction[127]
132:ScriptInstruction[128]
133:ScriptInstruction[129]
134:ScriptInstruction[130]
135:ScriptInstruction[131]
136:ScriptInstruction[132]
137:ScriptInstruction[133]
138:ScriptInstruction[134]
139:ScriptInstruction[135]
140:ScriptInstruction[136]
141:ScriptInstruction[137]
142:ScriptInstruction[138]
143:ScriptInstruction[139]
144:ScriptInstruction[140]
145:ScriptInstruction[141]
146:ScriptInstruction[142]
147:ScriptInstruction[143]
148:ScriptInstruction[144]
149:ScriptInstruction[145]
150:ScriptInstruction[146]
151:ScriptInstruction[147]
152:ScriptInstruction[148]
153:ScriptInstruction[149]
154:ScriptInstruction[150]
155:ScriptInstruction[151]
156:ScriptInstruction[152]
157:ScriptInstruction[153]
158:ScriptInstruction[154]
159:ScriptInstruction[155]
160:ScriptInstruction[156]
161:ScriptInstruction[157]
162:ScriptInstruction[158]
163:ScriptInstruction[159]
164:ScriptInstruction[160]
165:ScriptInstruction[161]
166:ScriptInstruction[162]
167:ScriptInstruction[163]
168:ScriptInstruction[164]
169:ScriptInstruction[165]
170:ScriptInstruction[166]
171:ScriptInstruction[167]
172:ScriptInstruction[168]
173:ScriptInstruction[169]
174:ScriptInstruction[170]
175:ScriptInstruction[171]
176:ScriptInstruction[172]
177:ScriptInstruction[173]
178:ScriptInstruction[174]
179:ScriptInstruction[175]
180:ScriptInstruction[176]
181:ScriptInstruction[177]
182:ScriptInstruction[178]
183:ScriptInstruction[179]
184:ScriptInstruction[180]
185:ScriptInstruction[181]
186:ScriptInstruction[182]
187:ScriptInstruction[183]
188:ScriptInstruction[184]
189:ScriptInstruction[185]
190:ScriptInstruction[186]
191:ScriptInstruction[187]
192:ScriptInstruction[188]
193:ScriptInstruction[189]
194:ScriptInstruction[190]
195:ScriptInstruction[191]
196:ScriptInstruction[192]
197:ScriptInstruction[193]
198:ScriptInstruction[194]
199:ScriptInstruction[195]
200:ScriptInstruction[196]
201:ScriptInstruction[197]
202:ScriptInstruction[198]
203:ScriptInstruction[199]
204:ScriptValue[0]
205:ScriptValue[1]
206:ScriptValue[2]
207:ScriptValue[3]
208:ScriptValue[4]
209:ScriptValue[5]
210:ScriptValue[6]
211:ScriptValue[7]
212:ScriptValue[8]
213:ScriptValue[9]
214:ScriptValue[10]
215:ScriptValue[11]
216:ScriptValue[12]
217:ScriptValue[13]
218:ScriptValue[14]
219:ScriptValue[15]
220:ScriptValue[16]
221:ScriptValue[17]
222:ScriptValue[18]
223:ScriptValue[19]
224:ScriptValue[20]
225:ScriptValue[21]
226:ScriptValue[22]
227:ScriptValue[23]
228:ScriptValue[24]
229:ScriptValue[25]
230:ScriptValue[26]
231:ScriptValue[27]
232:ScriptValue[28]
233:ScriptValue[29]
234:ScriptValue[30]
235:ScriptValue[31]
236:ScriptValue[32]
237:ScriptValue[33]
238:ScriptValue[34]
239:ScriptValue[35]
240:ScriptValue[36]
241:ScriptValue[37]
242:ScriptValue[38]
243:ScriptValue[39]
244:ScriptValue[40]
245:ScriptValue[41]
246:ScriptValue[42]
247:ScriptValue[43]
248:ScriptValue[44]
249:ScriptValue[45]
250:ScriptValue[46]
251:ScriptValue[47]
252:ScriptValue[48]
253:ScriptValue[49]
254:ScriptValue[50]
255:ScriptValue[51]
256:ScriptValue[52]
257:ScriptValue[53]
258:ScriptValue[54]
259:ScriptValue[55]
260:ScriptValue[56]
261:ScriptValue[57]
262:ScriptValue[58]
263:ScriptValue[59]
264:ScriptValue[60]
265:ScriptValue[61]
266:ScriptValue[62]
267:ScriptValue[63]
268:ScriptValue[64]
269:ScriptValue[65]
270:ScriptValue[66]
271:ScriptValue[67]
272:ScriptValue[68]
273:ScriptValue[69]
274:ScriptValue[70]
275:ScriptValue[71]
276:ScriptValue[72]
277:ScriptValue[73]
278:ScriptValue[74]
279:ScriptValue[75]
280:ScriptValue[76]
281:ScriptValue[77]
282:ScriptValue[78]
283:ScriptValue[79]
284:ScriptValue[80]
285:ScriptValue[81]
286:ScriptValue[82]
287:ScriptValue[83]
288:ScriptValue[84]
289:ScriptValue[85]
290:ScriptValue[86]
291:ScriptValue[87]
292:ScriptValue[88]
293:ScriptValue[89]
294:ScriptValue[90]
295:ScriptValue[91]
296:ScriptValue[92]
297:ScriptValue[93]
298:ScriptValue[94]
299:ScriptValue[95]
300:ScriptValue[96]
301:ScriptValue[97]
302:ScriptValue[98]
303:ScriptValue[99]
304:ScriptValue[100]
305:ScriptValue[101]
306:ScriptValue[102]
307:ScriptValue[103]
308:ScriptValue[104]
309:ScriptValue[105]
310:ScriptValue[106]
311:ScriptValue[107]
312:ScriptValue[108]
313:ScriptValue[109]
314:ScriptValue[110]
315:ScriptValue[111]
316:ScriptValue[112]
317:ScriptValue[113]
318:ScriptValue[114]
319:ScriptValue[115]
320:ScriptValue[116]
321:ScriptValue[117]
322:ScriptValue[118]
323:ScriptValue[119]
324:ScriptValue[120]
325:ScriptValue[121]
326:ScriptValue[122]
327:ScriptValue[123]
328:ScriptValue[124]
329:ScriptValue[125]
330:ScriptValue[126]
331:ScriptValue[127]
332:ScriptValue[128]
333:ScriptValue[129]
334:ScriptValue[130]
335:ScriptValue[131]
336:ScriptValue[132]
337:ScriptValue[133]
338:ScriptValue[134]
339:ScriptValue[135]
340:ScriptValue[136]
341:ScriptValue[137]
342:ScriptValue[138]
343:ScriptValue[139]
344:ScriptValue[140]
345:ScriptValue[141]
346:ScriptValue[142]
347:ScriptValue[143]
348:ScriptValue[144]
349:ScriptValue[145]
350:ScriptValue[146]
351:ScriptValue[147]
352:ScriptValue[148]
353:ScriptValue[149]
354:ScriptValue[150]
355:ScriptValue[151]
356:ScriptValue[152]
357:ScriptValue[153]
358:ScriptValue[154]
359:ScriptValue[155]
360:ScriptValue[156]
361:ScriptValue[157]
362:ScriptValue[158]
363:ScriptValue[159]
364:ScriptValue[160]
365:ScriptValue[161]
366:ScriptValue[162]
367:ScriptValue[163]
368:ScriptValue[164]
369:ScriptValue[165]
370:ScriptValue[166]
371:ScriptValue[167]
372:ScriptValue[168]
373:ScriptValue[169]
374:ScriptValue[170]
375:ScriptValue[171]
376:ScriptValue[172]
377:ScriptValue[173]
378:ScriptValue[174]
379:ScriptValue[175]
380:ScriptValue[176]
381:ScriptValue[177]
382:ScriptValue[178]
383:ScriptValue[179]
384:ScriptValue[180]
385:ScriptValue[181]
386:ScriptValue[182]
387:ScriptValue[183]
388:ScriptValue[184]
389:ScriptValue[185]
390:ScriptValue[186]
391:ScriptValue[187]
392:ScriptValue[188]
393:ScriptValue[189]
394:ScriptValue[190]
395:ScriptValue[191]
396:ScriptValue[192]
397:ScriptValue[193]
398:ScriptValue[194]
399:ScriptValue[195]
400:ScriptValue[196]
401:ScriptValue[197]
402:ScriptValue[198]
403:ScriptValue[199]
