0:Name
1:Id
2:Expansion
3:ClassJobCategory[0]
4:ClassJobLevel[0]
5:QuestLevelOffset
6:ClassJobCategory[1]
7:ClassJobLevel[1]
8:PreviousQuestJoin
9:PreviousQuest[0]
11:PreviousQuest[1]
12:PreviousQuest[2]
13:QuestLockJoin
14:QuestLock[0]
15:QuestLock[1]
16:Header
19:ClassJob{Unlock}
20:GrandCompany
21:GrandCompanyRank
22:InstanceContentJoin
23:InstanceContent[0]
24:InstanceContent[1]
25:InstanceContent[2]
26:Festival
27:FestivalBegin
28:FestivalEnd
29:Bell{Start}
30:Bell{End}
31:BeastTribe
32:BeastReputationRank
33:BeastReputationValue
36:Mount{Required}
37:IsHouseRequired
38:DeliveryQuest
39:Issuer{Start}
40:Issuer{Location}
41:ClientBehavior
42:Target{End}
43:IsRepeatable
44:RepeatIntervalType
45:QuestRepeatFlag
46:CanCancel
47:Type
48:QuestClassJobSupply
49:Script{Instruction}[0]
50:Script{Instruction}[1]
51:Script{Instruction}[2]
52:Script{Instruction}[3]
53:Script{Instruction}[4]
54:Script{Instruction}[5]
55:Script{Instruction}[6]
56:Script{Instruction}[7]
57:Script{Instruction}[8]
58:Script{Instruction}[9]
59:Script{Instruction}[10]
60:Script{Instruction}[11]
61:Script{Instruction}[12]
62:Script{Instruction}[13]
63:Script{Instruction}[14]
64:Script{Instruction}[15]
65:Script{Instruction}[16]
66:Script{Instruction}[17]
67:Script{Instruction}[18]
68:Script{Instruction}[19]
69:Script{Instruction}[20]
70:Script{Instruction}[21]
71:Script{Instruction}[22]
72:Script{Instruction}[23]
73:Script{Instruction}[24]
74:Script{Instruction}[25]
75:Script{Instruction}[26]
76:Script{Instruction}[27]
77:Script{Instruction}[28]
78:Script{Instruction}[29]
79:Script{Instruction}[30]
80:Script{Instruction}[31]
81:Script{Instruction}[32]
82:Script{Instruction}[33]
83:Script{Instruction}[34]
84:Script{Instruction}[35]
85:Script{Instruction}[36]
86:Script{Instruction}[37]
87:Script{Instruction}[38]
88:Script{Instruction}[39]
89:Script{Instruction}[40]
90:Script{Instruction}[41]
91:Script{Instruction}[42]
92:Script{Instruction}[43]
93:Script{Instruction}[44]
94:Script{Instruction}[45]
95:Script{Instruction}[46]
96:Script{Instruction}[47]
97:Script{Instruction}[48]
98:Script{Instruction}[49]
99:Script{Arg}[0]
100:Script{Arg}[1]
101:Script{Arg}[2]
102:Script{Arg}[3]
103:Script{Arg}[4]
104:Script{Arg}[5]
105:Script{Arg}[6]
106:Script{Arg}[7]
107:Script{Arg}[8]
108:Script{Arg}[9]
109:Script{Arg}[10]
110:Script{Arg}[11]
111:Script{Arg}[12]
112:Script{Arg}[13]
113:Script{Arg}[14]
114:Script{Arg}[15]
115:Script{Arg}[16]
116:Script{Arg}[17]
117:Script{Arg}[18]
118:Script{Arg}[19]
119:Script{Arg}[20]
120:Script{Arg}[21]
121:Script{Arg}[22]
122:Script{Arg}[23]
123:Script{Arg}[24]
124:Script{Arg}[25]
125:Script{Arg}[26]
126:Script{Arg}[27]
127:Script{Arg}[28]
128:Script{Arg}[29]
129:Script{Arg}[30]
130:Script{Arg}[31]
131:Script{Arg}[32]
132:Script{Arg}[33]
133:Script{Arg}[34]
134:Script{Arg}[35]
135:Script{Arg}[36]
136:Script{Arg}[37]
137:Script{Arg}[38]
138:Script{Arg}[39]
139:Script{Arg}[40]
140:Script{Arg}[41]
141:Script{Arg}[42]
142:Script{Arg}[43]
143:Script{Arg}[44]
144:Script{Arg}[45]
145:Script{Arg}[46]
146:Script{Arg}[47]
147:Script{Arg}[48]
148:Script{Arg}[49]
149:ActorSpawnSeq[0]
150:ActorSpawnSeq[1]
151:ActorSpawnSeq[2]
152:ActorSpawnSeq[3]
153:ActorSpawnSeq[4]
154:ActorSpawnSeq[5]
155:ActorSpawnSeq[6]
156:ActorSpawnSeq[7]
157:ActorSpawnSeq[8]
158:ActorSpawnSeq[9]
159:ActorSpawnSeq[10]
160:ActorSpawnSeq[11]
161:ActorSpawnSeq[12]
162:ActorSpawnSeq[13]
163:ActorSpawnSeq[14]
164:ActorSpawnSeq[15]
165:ActorSpawnSeq[16]
166:ActorSpawnSeq[17]
167:ActorSpawnSeq[18]
168:ActorSpawnSeq[19]
169:ActorSpawnSeq[20]
170:ActorSpawnSeq[21]
171:ActorSpawnSeq[22]
172:ActorSpawnSeq[23]
173:ActorSpawnSeq[24]
174:ActorSpawnSeq[25]
175:ActorSpawnSeq[26]
176:ActorSpawnSeq[27]
177:ActorSpawnSeq[28]
178:ActorSpawnSeq[29]
179:ActorSpawnSeq[30]
180:ActorSpawnSeq[31]
181:ActorSpawnSeq[32]
182:ActorSpawnSeq[33]
183:ActorSpawnSeq[34]
184:ActorSpawnSeq[35]
185:ActorSpawnSeq[36]
186:ActorSpawnSeq[37]
187:ActorSpawnSeq[38]
188:ActorSpawnSeq[39]
189:ActorSpawnSeq[40]
190:ActorSpawnSeq[41]
191:ActorSpawnSeq[42]
192:ActorSpawnSeq[43]
193:ActorSpawnSeq[44]
194:ActorSpawnSeq[45]
195:ActorSpawnSeq[46]
196:ActorSpawnSeq[47]
197:ActorSpawnSeq[48]
198:ActorSpawnSeq[49]
199:ActorSpawnSeq[50]
200:ActorSpawnSeq[51]
201:ActorSpawnSeq[52]
202:ActorSpawnSeq[53]
203:ActorSpawnSeq[54]
204:ActorSpawnSeq[55]
205:ActorSpawnSeq[56]
206:ActorSpawnSeq[57]
207:ActorSpawnSeq[58]
208:ActorSpawnSeq[59]
209:ActorSpawnSeq[60]
210:ActorSpawnSeq[61]
211:ActorSpawnSeq[62]
212:ActorSpawnSeq[63]
213:ActorDespawnSeq[0]
214:ActorDespawnSeq[1]
215:ActorDespawnSeq[2]
216:ActorDespawnSeq[3]
217:ActorDespawnSeq[4]
218:ActorDespawnSeq[5]
219:ActorDespawnSeq[6]
220:ActorDespawnSeq[7]
221:ActorDespawnSeq[8]
222:ActorDespawnSeq[9]
223:ActorDespawnSeq[10]
224:ActorDespawnSeq[11]
225:ActorDespawnSeq[12]
226:ActorDespawnSeq[13]
227:ActorDespawnSeq[14]
228:ActorDespawnSeq[15]
229:ActorDespawnSeq[16]
230:ActorDespawnSeq[17]
231:ActorDespawnSeq[18]
232:ActorDespawnSeq[19]
233:ActorDespawnSeq[20]
234:ActorDespawnSeq[21]
235:ActorDespawnSeq[22]
236:ActorDespawnSeq[23]
237:ActorDespawnSeq[24]
238:ActorDespawnSeq[25]
239:ActorDespawnSeq[26]
240:ActorDespawnSeq[27]
241:ActorDespawnSeq[28]
242:ActorDespawnSeq[29]
243:ActorDespawnSeq[30]
244:ActorDespawnSeq[31]
245:ActorDespawnSeq[32]
246:ActorDespawnSeq[33]
247:ActorDespawnSeq[34]
248:ActorDespawnSeq[35]
249:ActorDespawnSeq[36]
250:ActorDespawnSeq[37]
251:ActorDespawnSeq[38]
252:ActorDespawnSeq[39]
253:ActorDespawnSeq[40]
254:ActorDespawnSeq[41]
255:ActorDespawnSeq[42]
256:ActorDespawnSeq[43]
257:ActorDespawnSeq[44]
258:ActorDespawnSeq[45]
259:ActorDespawnSeq[46]
260:ActorDespawnSeq[47]
261:ActorDespawnSeq[48]
262:ActorDespawnSeq[49]
263:ActorDespawnSeq[50]
264:ActorDespawnSeq[51]
265:ActorDespawnSeq[52]
266:ActorDespawnSeq[53]
267:ActorDespawnSeq[54]
268:ActorDespawnSeq[55]
269:ActorDespawnSeq[56]
270:ActorDespawnSeq[57]
271:ActorDespawnSeq[58]
272:ActorDespawnSeq[59]
273:ActorDespawnSeq[60]
274:ActorDespawnSeq[61]
275:ActorDespawnSeq[62]
276:ActorDespawnSeq[63]
277:Listener[0]
278:Listener[1]
279:Listener[2]
280:Listener[3]
281:Listener[4]
282:Listener[5]
283:Listener[6]
284:Listener[7]
285:Listener[8]
286:Listener[9]
287:Listener[10]
288:Listener[11]
289:Listener[12]
290:Listener[13]
291:Listener[14]
292:Listener[15]
293:Listener[16]
294:Listener[17]
295:Listener[18]
296:Listener[19]
297:Listener[20]
298:Listener[21]
299:Listener[22]
300:Listener[23]
301:Listener[24]
302:Listener[25]
303:Listener[26]
304:Listener[27]
305:Listener[28]
306:Listener[29]
307:Listener[30]
308:Listener[31]
309:Listener[32]
310:Listener[33]
311:Listener[34]
312:Listener[35]
313:Listener[36]
314:Listener[37]
315:Listener[38]
316:Listener[39]
317:Listener[40]
318:Listener[41]
319:Listener[42]
320:Listener[43]
321:Listener[44]
322:Listener[45]
323:Listener[46]
324:Listener[47]
325:Listener[48]
326:Listener[49]
327:Listener[50]
328:Listener[51]
329:Listener[52]
330:Listener[53]
331:Listener[54]
332:Listener[55]
333:Listener[56]
334:Listener[57]
335:Listener[58]
336:Listener[59]
337:Listener[60]
338:Listener[61]
339:Listener[62]
340:Listener[63]
341:QuestUInt8A[0]
342:QuestUInt8A[1]
343:QuestUInt8A[2]
344:QuestUInt8A[3]
345:QuestUInt8A[4]
346:QuestUInt8A[5]
347:QuestUInt8A[6]
348:QuestUInt8A[7]
349:QuestUInt8A[8]
350:QuestUInt8A[9]
351:QuestUInt8A[10]
352:QuestUInt8A[11]
353:QuestUInt8A[12]
354:QuestUInt8A[13]
355:QuestUInt8A[14]
356:QuestUInt8A[15]
357:QuestUInt8A[16]
358:QuestUInt8A[17]
359:QuestUInt8A[18]
360:QuestUInt8A[19]
361:QuestUInt8A[20]
362:QuestUInt8A[21]
363:QuestUInt8A[22]
364:QuestUInt8A[23]
365:QuestUInt8A[24]
366:QuestUInt8A[25]
367:QuestUInt8A[26]
368:QuestUInt8A[27]
369:QuestUInt8A[28]
370:QuestUInt8A[29]
371:QuestUInt8A[30]
372:QuestUInt8A[31]
373:QuestUInt8B[0]
374:QuestUInt8B[1]
375:QuestUInt8B[2]
376:QuestUInt8B[3]
377:QuestUInt8B[4]
378:QuestUInt8B[5]
379:QuestUInt8B[6]
380:QuestUInt8B[7]
381:QuestUInt8B[8]
382:QuestUInt8B[9]
383:QuestUInt8B[10]
384:QuestUInt8B[11]
385:QuestUInt8B[12]
386:QuestUInt8B[13]
387:QuestUInt8B[14]
388:QuestUInt8B[15]
389:QuestUInt8B[16]
390:QuestUInt8B[17]
391:QuestUInt8B[18]
392:QuestUInt8B[19]
393:QuestUInt8B[20]
394:QuestUInt8B[21]
395:QuestUInt8B[22]
396:QuestUInt8B[23]
397:QuestUInt8B[24]
398:QuestUInt8B[25]
399:QuestUInt8B[26]
400:QuestUInt8B[27]
401:QuestUInt8B[28]
402:QuestUInt8B[29]
403:QuestUInt8B[30]
404:QuestUInt8B[31]
405:ConditionType[0]
406:ConditionType[1]
407:ConditionType[2]
408:ConditionType[3]
409:ConditionType[4]
410:ConditionType[5]
411:ConditionType[6]
412:ConditionType[7]
413:ConditionType[8]
414:ConditionType[9]
415:ConditionType[10]
416:ConditionType[11]
417:ConditionType[12]
418:ConditionType[13]
419:ConditionType[14]
420:ConditionType[15]
421:ConditionType[16]
422:ConditionType[17]
423:ConditionType[18]
424:ConditionType[19]
425:ConditionType[20]
426:ConditionType[21]
427:ConditionType[22]
428:ConditionType[23]
429:ConditionType[24]
430:ConditionType[25]
431:ConditionType[26]
432:ConditionType[27]
433:ConditionType[28]
434:ConditionType[29]
435:ConditionType[30]
436:ConditionType[31]
437:ConditionType[32]
438:ConditionType[33]
439:ConditionType[34]
440:ConditionType[35]
441:ConditionType[36]
442:ConditionType[37]
443:ConditionType[38]
444:ConditionType[39]
445:ConditionType[40]
446:ConditionType[41]
447:ConditionType[42]
448:ConditionType[43]
449:ConditionType[44]
450:ConditionType[45]
451:ConditionType[46]
452:ConditionType[47]
453:ConditionType[48]
454:ConditionType[49]
455:ConditionType[50]
456:ConditionType[51]
457:ConditionType[52]
458:ConditionType[53]
459:ConditionType[54]
460:ConditionType[55]
461:ConditionType[56]
462:ConditionType[57]
463:ConditionType[58]
464:ConditionType[59]
465:ConditionType[60]
466:ConditionType[61]
467:ConditionType[62]
468:ConditionType[63]
469:ConditionValue[0]
470:ConditionValue[1]
471:ConditionValue[2]
472:ConditionValue[3]
473:ConditionValue[4]
474:ConditionValue[5]
475:ConditionValue[6]
476:ConditionValue[7]
477:ConditionValue[8]
478:ConditionValue[9]
479:ConditionValue[10]
480:ConditionValue[11]
481:ConditionValue[12]
482:ConditionValue[13]
483:ConditionValue[14]
484:ConditionValue[15]
485:ConditionValue[16]
486:ConditionValue[17]
487:ConditionValue[18]
488:ConditionValue[19]
489:ConditionValue[20]
490:ConditionValue[21]
491:ConditionValue[22]
492:ConditionValue[23]
493:ConditionValue[24]
494:ConditionValue[25]
495:ConditionValue[26]
496:ConditionValue[27]
497:ConditionValue[28]
498:ConditionValue[29]
499:ConditionValue[30]
500:ConditionValue[31]
501:ConditionValue[32]
502:ConditionValue[33]
503:ConditionValue[34]
504:ConditionValue[35]
505:ConditionValue[36]
506:ConditionValue[37]
507:ConditionValue[38]
508:ConditionValue[39]
509:ConditionValue[40]
510:ConditionValue[41]
511:ConditionValue[42]
512:ConditionValue[43]
513:ConditionValue[44]
514:ConditionValue[45]
515:ConditionValue[46]
516:ConditionValue[47]
517:ConditionValue[48]
518:ConditionValue[49]
519:ConditionValue[50]
520:ConditionValue[51]
521:ConditionValue[52]
522:ConditionValue[53]
523:ConditionValue[54]
524:ConditionValue[55]
525:ConditionValue[56]
526:ConditionValue[57]
527:ConditionValue[58]
528:ConditionValue[59]
529:ConditionValue[60]
530:ConditionValue[61]
531:ConditionValue[62]
532:ConditionValue[63]
533:ConditionOperator[0]
534:ConditionOperator[1]
535:ConditionOperator[2]
536:ConditionOperator[3]
537:ConditionOperator[4]
538:ConditionOperator[5]
539:ConditionOperator[6]
540:ConditionOperator[7]
541:ConditionOperator[8]
542:ConditionOperator[9]
543:ConditionOperator[10]
544:ConditionOperator[11]
545:ConditionOperator[12]
546:ConditionOperator[13]
547:ConditionOperator[14]
548:ConditionOperator[15]
549:ConditionOperator[16]
550:ConditionOperator[17]
551:ConditionOperator[18]
552:ConditionOperator[19]
553:ConditionOperator[20]
554:ConditionOperator[21]
555:ConditionOperator[22]
556:ConditionOperator[23]
557:ConditionOperator[24]
558:ConditionOperator[25]
559:ConditionOperator[26]
560:ConditionOperator[27]
561:ConditionOperator[28]
562:ConditionOperator[29]
563:ConditionOperator[30]
564:ConditionOperator[31]
565:ConditionOperator[32]
566:ConditionOperator[33]
567:ConditionOperator[34]
568:ConditionOperator[35]
569:ConditionOperator[36]
570:ConditionOperator[37]
571:ConditionOperator[38]
572:ConditionOperator[39]
573:ConditionOperator[40]
574:ConditionOperator[41]
575:ConditionOperator[42]
576:ConditionOperator[43]
577:ConditionOperator[44]
578:ConditionOperator[45]
579:ConditionOperator[46]
580:ConditionOperator[47]
581:ConditionOperator[48]
582:ConditionOperator[49]
583:ConditionOperator[50]
584:ConditionOperator[51]
585:ConditionOperator[52]
586:ConditionOperator[53]
587:ConditionOperator[54]
588:ConditionOperator[55]
589:ConditionOperator[56]
590:ConditionOperator[57]
591:ConditionOperator[58]
592:ConditionOperator[59]
593:ConditionOperator[60]
594:ConditionOperator[61]
595:ConditionOperator[62]
596:ConditionOperator[63]
597:Behavior[0]
598:Behavior[1]
599:Behavior[2]
600:Behavior[3]
601:Behavior[4]
602:Behavior[5]
603:Behavior[6]
604:Behavior[7]
605:Behavior[8]
606:Behavior[9]
607:Behavior[10]
608:Behavior[11]
609:Behavior[12]
610:Behavior[13]
611:Behavior[14]
612:Behavior[15]
613:Behavior[16]
614:Behavior[17]
615:Behavior[18]
616:Behavior[19]
617:Behavior[20]
618:Behavior[21]
619:Behavior[22]
620:Behavior[23]
621:Behavior[24]
622:Behavior[25]
623:Behavior[26]
624:Behavior[27]
625:Behavior[28]
626:Behavior[29]
627:Behavior[30]
628:Behavior[31]
629:Behavior[32]
630:Behavior[33]
631:Behavior[34]
632:Behavior[35]
633:Behavior[36]
634:Behavior[37]
635:Behavior[38]
636:Behavior[39]
637:Behavior[40]
638:Behavior[41]
639:Behavior[42]
640:Behavior[43]
641:Behavior[44]
642:Behavior[45]
643:Behavior[46]
644:Behavior[47]
645:Behavior[48]
646:Behavior[49]
647:Behavior[50]
648:Behavior[51]
649:Behavior[52]
650:Behavior[53]
651:Behavior[54]
652:Behavior[55]
653:Behavior[56]
654:Behavior[57]
655:Behavior[58]
656:Behavior[59]
657:Behavior[60]
658:Behavior[61]
659:Behavior[62]
660:Behavior[63]
661:VisibleBool[0]
662:VisibleBool[1]
663:VisibleBool[2]
664:VisibleBool[3]
665:VisibleBool[4]
666:VisibleBool[5]
667:VisibleBool[6]
668:VisibleBool[7]
669:VisibleBool[8]
670:VisibleBool[9]
671:VisibleBool[10]
672:VisibleBool[11]
673:VisibleBool[12]
674:VisibleBool[13]
675:VisibleBool[14]
676:VisibleBool[15]
677:VisibleBool[16]
678:VisibleBool[17]
679:VisibleBool[18]
680:VisibleBool[19]
681:VisibleBool[20]
682:VisibleBool[21]
683:VisibleBool[22]
684:VisibleBool[23]
685:VisibleBool[24]
686:VisibleBool[25]
687:VisibleBool[26]
688:VisibleBool[27]
689:VisibleBool[28]
690:VisibleBool[29]
691:VisibleBool[30]
692:VisibleBool[31]
693:VisibleBool[32]
694:VisibleBool[33]
695:VisibleBool[34]
696:VisibleBool[35]
697:VisibleBool[36]
698:VisibleBool[37]
699:VisibleBool[38]
700:VisibleBool[39]
701:VisibleBool[40]
702:VisibleBool[41]
703:VisibleBool[42]
704:VisibleBool[43]
705:VisibleBool[44]
706:VisibleBool[45]
707:VisibleBool[46]
708:VisibleBool[47]
709:VisibleBool[48]
710:VisibleBool[49]
711:VisibleBool[50]
712:VisibleBool[51]
713:VisibleBool[52]
714:VisibleBool[53]
715:VisibleBool[54]
716:VisibleBool[55]
717:VisibleBool[56]
718:VisibleBool[57]
719:VisibleBool[58]
720:VisibleBool[59]
721:VisibleBool[60]
722:VisibleBool[61]
723:VisibleBool[62]
724:VisibleBool[63]
725:ConditionBool[0]
726:ConditionBool[1]
727:ConditionBool[2]
728:ConditionBool[3]
729:ConditionBool[4]
730:ConditionBool[5]
731:ConditionBool[6]
732:ConditionBool[7]
733:ConditionBool[8]
734:ConditionBool[9]
735:ConditionBool[10]
736:ConditionBool[11]
737:ConditionBool[12]
738:ConditionBool[13]
739:ConditionBool[14]
740:ConditionBool[15]
741:ConditionBool[16]
742:ConditionBool[17]
743:ConditionBool[18]
744:ConditionBool[19]
745:ConditionBool[20]
746:ConditionBool[21]
747:ConditionBool[22]
748:ConditionBool[23]
749:ConditionBool[24]
750:ConditionBool[25]
751:ConditionBool[26]
752:ConditionBool[27]
753:ConditionBool[28]
754:ConditionBool[29]
755:ConditionBool[30]
756:ConditionBool[31]
757:ConditionBool[32]
758:ConditionBool[33]
759:ConditionBool[34]
760:ConditionBool[35]
761:ConditionBool[36]
762:ConditionBool[37]
763:ConditionBool[38]
764:ConditionBool[39]
765:ConditionBool[40]
766:ConditionBool[41]
767:ConditionBool[42]
768:ConditionBool[43]
769:ConditionBool[44]
770:ConditionBool[45]
771:ConditionBool[46]
772:ConditionBool[47]
773:ConditionBool[48]
774:ConditionBool[49]
775:ConditionBool[50]
776:ConditionBool[51]
777:ConditionBool[52]
778:ConditionBool[53]
779:ConditionBool[54]
780:ConditionBool[55]
781:ConditionBool[56]
782:ConditionBool[57]
783:ConditionBool[58]
784:ConditionBool[59]
785:ConditionBool[60]
786:ConditionBool[61]
787:ConditionBool[62]
788:ConditionBool[63]
789:ItemBool[0]
790:ItemBool[1]
791:ItemBool[2]
792:ItemBool[3]
793:ItemBool[4]
794:ItemBool[5]
795:ItemBool[6]
796:ItemBool[7]
797:ItemBool[8]
798:ItemBool[9]
799:ItemBool[10]
800:ItemBool[11]
801:ItemBool[12]
802:ItemBool[13]
803:ItemBool[14]
804:ItemBool[15]
805:ItemBool[16]
806:ItemBool[17]
807:ItemBool[18]
808:ItemBool[19]
809:ItemBool[20]
810:ItemBool[21]
811:ItemBool[22]
812:ItemBool[23]
813:ItemBool[24]
814:ItemBool[25]
815:ItemBool[26]
816:ItemBool[27]
817:ItemBool[28]
818:ItemBool[29]
819:ItemBool[30]
820:ItemBool[31]
821:ItemBool[32]
822:ItemBool[33]
823:ItemBool[34]
824:ItemBool[35]
825:ItemBool[36]
826:ItemBool[37]
827:ItemBool[38]
828:ItemBool[39]
829:ItemBool[40]
830:ItemBool[41]
831:ItemBool[42]
832:ItemBool[43]
833:ItemBool[44]
834:ItemBool[45]
835:ItemBool[46]
836:ItemBool[47]
837:ItemBool[48]
838:ItemBool[49]
839:ItemBool[50]
840:ItemBool[51]
841:ItemBool[52]
842:ItemBool[53]
843:ItemBool[54]
844:ItemBool[55]
845:ItemBool[56]
846:ItemBool[57]
847:ItemBool[58]
848:ItemBool[59]
849:ItemBool[60]
850:ItemBool[61]
851:ItemBool[62]
852:ItemBool[63]
853:AnnounceBool[0]
854:AnnounceBool[1]
855:AnnounceBool[2]
856:AnnounceBool[3]
857:AnnounceBool[4]
858:AnnounceBool[5]
859:AnnounceBool[6]
860:AnnounceBool[7]
861:AnnounceBool[8]
862:AnnounceBool[9]
863:AnnounceBool[10]
864:AnnounceBool[11]
865:AnnounceBool[12]
866:AnnounceBool[13]
867:AnnounceBool[14]
868:AnnounceBool[15]
869:AnnounceBool[16]
870:AnnounceBool[17]
871:AnnounceBool[18]
872:AnnounceBool[19]
873:AnnounceBool[20]
874:AnnounceBool[21]
875:AnnounceBool[22]
876:AnnounceBool[23]
877:AnnounceBool[24]
878:AnnounceBool[25]
879:AnnounceBool[26]
880:AnnounceBool[27]
881:AnnounceBool[28]
882:AnnounceBool[29]
883:AnnounceBool[30]
884:AnnounceBool[31]
885:AnnounceBool[32]
886:AnnounceBool[33]
887:AnnounceBool[34]
888:AnnounceBool[35]
889:AnnounceBool[36]
890:AnnounceBool[37]
891:AnnounceBool[38]
892:AnnounceBool[39]
893:AnnounceBool[40]
894:AnnounceBool[41]
895:AnnounceBool[42]
896:AnnounceBool[43]
897:AnnounceBool[44]
898:AnnounceBool[45]
899:AnnounceBool[46]
900:AnnounceBool[47]
901:AnnounceBool[48]
902:AnnounceBool[49]
903:AnnounceBool[50]
904:AnnounceBool[51]
905:AnnounceBool[52]
906:AnnounceBool[53]
907:AnnounceBool[54]
908:AnnounceBool[55]
909:AnnounceBool[56]
910:AnnounceBool[57]
911:AnnounceBool[58]
912:AnnounceBool[59]
913:AnnounceBool[60]
914:AnnounceBool[61]
915:AnnounceBool[62]
916:AnnounceBool[63]
917:BehaviorBool[0]
918:BehaviorBool[1]
919:BehaviorBool[2]
920:BehaviorBool[3]
921:BehaviorBool[4]
922:BehaviorBool[5]
923:BehaviorBool[6]
924:BehaviorBool[7]
925:BehaviorBool[8]
926:BehaviorBool[9]
927:BehaviorBool[10]
928:BehaviorBool[11]
929:BehaviorBool[12]
930:BehaviorBool[13]
931:BehaviorBool[14]
932:BehaviorBool[15]
933:BehaviorBool[16]
934:BehaviorBool[17]
935:BehaviorBool[18]
936:BehaviorBool[19]
937:BehaviorBool[20]
938:BehaviorBool[21]
939:BehaviorBool[22]
940:BehaviorBool[23]
941:BehaviorBool[24]
942:BehaviorBool[25]
943:BehaviorBool[26]
944:BehaviorBool[27]
945:BehaviorBool[28]
946:BehaviorBool[29]
947:BehaviorBool[30]
948:BehaviorBool[31]
949:BehaviorBool[32]
950:BehaviorBool[33]
951:BehaviorBool[34]
952:BehaviorBool[35]
953:BehaviorBool[36]
954:BehaviorBool[37]
955:BehaviorBool[38]
956:BehaviorBool[39]
957:BehaviorBool[40]
958:BehaviorBool[41]
959:BehaviorBool[42]
960:BehaviorBool[43]
961:BehaviorBool[44]
962:BehaviorBool[45]
963:BehaviorBool[46]
964:BehaviorBool[47]
965:BehaviorBool[48]
966:BehaviorBool[49]
967:BehaviorBool[50]
968:BehaviorBool[51]
969:BehaviorBool[52]
970:BehaviorBool[53]
971:BehaviorBool[54]
972:BehaviorBool[55]
973:BehaviorBool[56]
974:BehaviorBool[57]
975:BehaviorBool[58]
976:BehaviorBool[59]
977:BehaviorBool[60]
978:BehaviorBool[61]
979:BehaviorBool[62]
980:BehaviorBool[63]
981:AcceptBool[0]
982:AcceptBool[1]
983:AcceptBool[2]
984:AcceptBool[3]
985:AcceptBool[4]
986:AcceptBool[5]
987:AcceptBool[6]
988:AcceptBool[7]
989:AcceptBool[8]
990:AcceptBool[9]
991:AcceptBool[10]
992:AcceptBool[11]
993:AcceptBool[12]
994:AcceptBool[13]
995:AcceptBool[14]
996:AcceptBool[15]
997:AcceptBool[16]
998:AcceptBool[17]
999:AcceptBool[18]
1000:AcceptBool[19]
1001:AcceptBool[20]
1002:AcceptBool[21]
1003:AcceptBool[22]
1004:AcceptBool[23]
1005:AcceptBool[24]
1006:AcceptBool[25]
1007:AcceptBool[26]
1008:AcceptBool[27]
1009:AcceptBool[28]
1010:AcceptBool[29]
1011:AcceptBool[30]
1012:AcceptBool[31]
1013:AcceptBool[32]
1014:AcceptBool[33]
1015:AcceptBool[34]
1016:AcceptBool[35]
1017:AcceptBool[36]
1018:AcceptBool[37]
1019:AcceptBool[38]
1020:AcceptBool[39]
1021:AcceptBool[40]
1022:AcceptBool[41]
1023:AcceptBool[42]
1024:AcceptBool[43]
1025:AcceptBool[44]
1026:AcceptBool[45]
1027:AcceptBool[46]
1028:AcceptBool[47]
1029:AcceptBool[48]
1030:AcceptBool[49]
1031:AcceptBool[50]
1032:AcceptBool[51]
1033:AcceptBool[52]
1034:AcceptBool[53]
1035:AcceptBool[54]
1036:AcceptBool[55]
1037:AcceptBool[56]
1038:AcceptBool[57]
1039:AcceptBool[58]
1040:AcceptBool[59]
1041:AcceptBool[60]
1042:AcceptBool[61]
1043:AcceptBool[62]
1044:AcceptBool[63]
1045:QualifiedBool[0]
1046:QualifiedBool[1]
1047:QualifiedBool[2]
1048:QualifiedBool[3]
1049:QualifiedBool[4]
1050:QualifiedBool[5]
1051:QualifiedBool[6]
1052:QualifiedBool[7]
1053:QualifiedBool[8]
1054:QualifiedBool[9]
1055:QualifiedBool[10]
1056:QualifiedBool[11]
1057:QualifiedBool[12]
1058:QualifiedBool[13]
1059:QualifiedBool[14]
1060:QualifiedBool[15]
1061:QualifiedBool[16]
1062:QualifiedBool[17]
1063:QualifiedBool[18]
1064:QualifiedBool[19]
1065:QualifiedBool[20]
1066:QualifiedBool[21]
1067:QualifiedBool[22]
1068:QualifiedBool[23]
1069:QualifiedBool[24]
1070:QualifiedBool[25]
1071:QualifiedBool[26]
1072:QualifiedBool[27]
1073:QualifiedBool[28]
1074:QualifiedBool[29]
1075:QualifiedBool[30]
1076:QualifiedBool[31]
1077:QualifiedBool[32]
1078:QualifiedBool[33]
1079:QualifiedBool[34]
1080:QualifiedBool[35]
1081:QualifiedBool[36]
1082:QualifiedBool[37]
1083:QualifiedBool[38]
1084:QualifiedBool[39]
1085:QualifiedBool[40]
1086:QualifiedBool[41]
1087:QualifiedBool[42]
1088:QualifiedBool[43]
1089:QualifiedBool[44]
1090:QualifiedBool[45]
1091:QualifiedBool[46]
1092:QualifiedBool[47]
1093:QualifiedBool[48]
1094:QualifiedBool[49]
1095:QualifiedBool[50]
1096:QualifiedBool[51]
1097:QualifiedBool[52]
1098:QualifiedBool[53]
1099:QualifiedBool[54]
1100:QualifiedBool[55]
1101:QualifiedBool[56]
1102:QualifiedBool[57]
1103:QualifiedBool[58]
1104:QualifiedBool[59]
1105:QualifiedBool[60]
1106:QualifiedBool[61]
1107:QualifiedBool[62]
1108:QualifiedBool[63]
1109:CanTargetBool[0]
1110:CanTargetBool[1]
1111:CanTargetBool[2]
1112:CanTargetBool[3]
1113:CanTargetBool[4]
1114:CanTargetBool[5]
1115:CanTargetBool[6]
1116:CanTargetBool[7]
1117:CanTargetBool[8]
1118:CanTargetBool[9]
1119:CanTargetBool[10]
1120:CanTargetBool[11]
1121:CanTargetBool[12]
1122:CanTargetBool[13]
1123:CanTargetBool[14]
1124:CanTargetBool[15]
1125:CanTargetBool[16]
1126:CanTargetBool[17]
1127:CanTargetBool[18]
1128:CanTargetBool[19]
1129:CanTargetBool[20]
1130:CanTargetBool[21]
1131:CanTargetBool[22]
1132:CanTargetBool[23]
1133:CanTargetBool[24]
1134:CanTargetBool[25]
1135:CanTargetBool[26]
1136:CanTargetBool[27]
1137:CanTargetBool[28]
1138:CanTargetBool[29]
1139:CanTargetBool[30]
1140:CanTargetBool[31]
1141:CanTargetBool[32]
1142:CanTargetBool[33]
1143:CanTargetBool[34]
1144:CanTargetBool[35]
1145:CanTargetBool[36]
1146:CanTargetBool[37]
1147:CanTargetBool[38]
1148:CanTargetBool[39]
1149:CanTargetBool[40]
1150:CanTargetBool[41]
1151:CanTargetBool[42]
1152:CanTargetBool[43]
1153:CanTargetBool[44]
1154:CanTargetBool[45]
1155:CanTargetBool[46]
1156:CanTargetBool[47]
1157:CanTargetBool[48]
1158:CanTargetBool[49]
1159:CanTargetBool[50]
1160:CanTargetBool[51]
1161:CanTargetBool[52]
1162:CanTargetBool[53]
1163:CanTargetBool[54]
1164:CanTargetBool[55]
1165:CanTargetBool[56]
1166:CanTargetBool[57]
1167:CanTargetBool[58]
1168:CanTargetBool[59]
1169:CanTargetBool[60]
1170:CanTargetBool[61]
1171:CanTargetBool[62]
1172:CanTargetBool[63]
1173:ToDoCompleteSeq[0]
1174:ToDoCompleteSeq[1]
1175:ToDoCompleteSeq[2]
1176:ToDoCompleteSeq[3]
1177:ToDoCompleteSeq[4]
1178:ToDoCompleteSeq[5]
1179:ToDoCompleteSeq[6]
1180:ToDoCompleteSeq[7]
1181:ToDoCompleteSeq[8]
1182:ToDoCompleteSeq[9]
1183:ToDoCompleteSeq[10]
1184:ToDoCompleteSeq[11]
1185:ToDoCompleteSeq[12]
1186:ToDoCompleteSeq[13]
1187:ToDoCompleteSeq[14]
1188:ToDoCompleteSeq[15]
1189:ToDoCompleteSeq[16]
1190:ToDoCompleteSeq[17]
1191:ToDoCompleteSeq[18]
1192:ToDoCompleteSeq[19]
1193:ToDoCompleteSeq[20]
1194:ToDoCompleteSeq[21]
1195:ToDoCompleteSeq[22]
1196:ToDoCompleteSeq[23]
1197:ToDoQty[0]
1198:ToDoQty[1]
1199:ToDoQty[2]
1200:ToDoQty[3]
1201:ToDoQty[4]
1202:ToDoQty[5]
1203:ToDoQty[6]
1204:ToDoQty[7]
1205:ToDoQty[8]
1206:ToDoQty[9]
1207:ToDoQty[10]
1208:ToDoQty[11]
1209:ToDoQty[12]
1210:ToDoQty[13]
1211:ToDoQty[14]
1212:ToDoQty[15]
1213:ToDoQty[16]
1214:ToDoQty[17]
1215:ToDoQty[18]
1216:ToDoQty[19]
1217:ToDoQty[20]
1218:ToDoQty[21]
1219:ToDoQty[22]
1220:ToDoQty[23]
1221:ToDoMainLocation[0]
1222:ToDoMainLocation[1]
1223:ToDoMainLocation[2]
1224:ToDoMainLocation[3]
1225:ToDoMainLocation[4]
1226:ToDoMainLocation[5]
1227:ToDoMainLocation[6]
1228:ToDoMainLocation[7]
1229:ToDoMainLocation[8]
1230:ToDoMainLocation[9]
1231:ToDoMainLocation[10]
1232:ToDoMainLocation[11]
1233:ToDoMainLocation[12]
1234:ToDoMainLocation[13]
1235:ToDoMainLocation[14]
1236:ToDoMainLocation[15]
1237:ToDoMainLocation[16]
1238:ToDoMainLocation[17]
1239:ToDoMainLocation[18]
1240:ToDoMainLocation[19]
1241:ToDoMainLocation[20]
1242:ToDoMainLocation[21]
1243:ToDoMainLocation[22]
1244:ToDoMainLocation[23]
1413:CountableNum[0]
1414:CountableNum[1]
1415:CountableNum[2]
1416:CountableNum[3]
1417:CountableNum[4]
1418:CountableNum[5]
1419:CountableNum[6]
1420:CountableNum[7]
1421:CountableNum[8]
1422:CountableNum[9]
1423:CountableNum[10]
1424:CountableNum[11]
1425:CountableNum[12]
1426:CountableNum[13]
1427:CountableNum[14]
1428:CountableNum[15]
1429:CountableNum[16]
1430:CountableNum[17]
1431:CountableNum[18]
1432:CountableNum[19]
1433:CountableNum[20]
1434:CountableNum[21]
1435:CountableNum[22]
1436:CountableNum[23]
1437:Level{Max}
1438:ClassJob{Required}
1440:ExpFactor
1441:GilReward
1443:GCSeals
1444:Item{Catalyst}[0]
1445:Item{Catalyst}[1]
1446:Item{Catalyst}[2]
1447:ItemCount{Catalyst}[0]
1448:ItemCount{Catalyst}[1]
1449:ItemCount{Catalyst}[2]
1450:ItemRewardType
1451:Item{Reward}[0][0]
1452:Item{Reward}[0][1]
1453:Item{Reward}[0][2]
1454:Item{Reward}[0][3]
1455:Item{Reward}[0][4]
1456:Item{Reward}[0][5]
1457:Item{Reward}[0][6]
1458:ItemCount{Reward}[0][0]
1459:ItemCount{Reward}[0][1]
1460:ItemCount{Reward}[0][2]
1461:ItemCount{Reward}[0][3]
1462:ItemCount{Reward}[0][4]
1463:ItemCount{Reward}[0][5]
1465:Stain{Reward}[0][0]
1466:Stain{Reward}[0][1]
1467:Stain{Reward}[0][2]
1468:Stain{Reward}[0][3]
1469:Stain{Reward}[0][4]
1470:Stain{Reward}[0][5]
1472:Item{Reward}[1][0]
1473:Item{Reward}[1][1]
1474:Item{Reward}[1][2]
1475:Item{Reward}[1][3]
1476:Item{Reward}[1][4]
1477:ItemCount{Reward}[1][0]
1478:ItemCount{Reward}[1][1]
1479:ItemCount{Reward}[1][2]
1480:ItemCount{Reward}[1][3]
1481:ItemCount{Reward}[1][4]
1482:IsHQ{Reward}[1][0]
1483:IsHQ{Reward}[1][1]
1484:IsHQ{Reward}[1][2]
1485:IsHQ{Reward}[1][3]
1486:IsHQ{Reward}[1][4]
1487:Stain{Reward}[1][0]
1488:Stain{Reward}[1][1]
1489:Stain{Reward}[1][2]
1490:Stain{Reward}[1][3]
1491:Stain{Reward}[1][4]
1492:Emote{Reward}
1493:Action{Reward}
1494:GeneralAction{Reward}[0]
1495:GeneralAction{Reward}[1]
1496:System{Reward}[0]
1497:Other{Reward}
1498:System{Reward}[1]
1499:GCType{Reward}
1500:InstanceContent{Unlock}
1502:Tomestone{Reward}
1503:TomestoneCount{Reward}
1504:ReputationReward
1505:PlaceName
1506:JournalGenre
1508:Icon
1509:Icon{Special}
1510:Introduction
1511:HideOfferIcon
1512:EventIconType
1514:SortKey
