0:Name
1:Item{Receive}[0][0]
2:Item{Receive}[0][1]
3:Item{Receive}[0][2]
4:Item{Receive}[0][3]
5:Item{Receive}[0][4]
6:Item{Receive}[0][5]
7:Item{Receive}[0][6]
8:Item{Receive}[0][7]
9:Item{Receive}[0][8]
10:Item{Receive}[0][9]
11:Item{Receive}[0][10]
12:Item{Receive}[0][11]
13:Item{Receive}[0][12]
14:Item{Receive}[0][13]
15:Item{Receive}[0][14]
16:Item{Receive}[0][15]
17:Item{Receive}[0][16]
18:Item{Receive}[0][17]
19:Item{Receive}[0][18]
20:Item{Receive}[0][19]
21:Item{Receive}[0][20]
22:Item{Receive}[0][21]
23:Item{Receive}[0][22]
24:Item{Receive}[0][23]
25:Item{Receive}[0][24]
26:Item{Receive}[0][25]
27:Item{Receive}[0][26]
28:Item{Receive}[0][27]
29:Item{Receive}[0][28]
30:Item{Receive}[0][29]
31:Item{Receive}[0][30]
32:Item{Receive}[0][31]
33:Item{Receive}[0][32]
34:Item{Receive}[0][33]
35:Item{Receive}[0][34]
36:Item{Receive}[0][35]
37:Item{Receive}[0][36]
38:Item{Receive}[0][37]
39:Item{Receive}[0][38]
40:Item{Receive}[0][39]
41:Item{Receive}[0][40]
42:Item{Receive}[0][41]
43:Item{Receive}[0][42]
44:Item{Receive}[0][43]
45:Item{Receive}[0][44]
46:Item{Receive}[0][45]
47:Item{Receive}[0][46]
48:Item{Receive}[0][47]
49:Item{Receive}[0][48]
50:Item{Receive}[0][49]
51:Item{Receive}[0][50]
52:Item{Receive}[0][51]
53:Item{Receive}[0][52]
54:Item{Receive}[0][53]
55:Item{Receive}[0][54]
56:Item{Receive}[0][55]
57:Item{Receive}[0][56]
58:Item{Receive}[0][57]
59:Item{Receive}[0][58]
60:Item{Receive}[0][59]
61:Count{Receive}[0][0]
62:Count{Receive}[0][1]
63:Count{Receive}[0][2]
64:Count{Receive}[0][3]
65:Count{Receive}[0][4]
66:Count{Receive}[0][5]
67:Count{Receive}[0][6]
68:Count{Receive}[0][7]
69:Count{Receive}[0][8]
70:Count{Receive}[0][9]
71:Count{Receive}[0][10]
72:Count{Receive}[0][11]
73:Count{Receive}[0][12]
74:Count{Receive}[0][13]
75:Count{Receive}[0][14]
76:Count{Receive}[0][15]
77:Count{Receive}[0][16]
78:Count{Receive}[0][17]
79:Count{Receive}[0][18]
80:Count{Receive}[0][19]
81:Count{Receive}[0][20]
82:Count{Receive}[0][21]
83:Count{Receive}[0][22]
84:Count{Receive}[0][23]
85:Count{Receive}[0][24]
86:Count{Receive}[0][25]
87:Count{Receive}[0][26]
88:Count{Receive}[0][27]
89:Count{Receive}[0][28]
90:Count{Receive}[0][29]
91:Count{Receive}[0][30]
92:Count{Receive}[0][31]
93:Count{Receive}[0][32]
94:Count{Receive}[0][33]
95:Count{Receive}[0][34]
96:Count{Receive}[0][35]
97:Count{Receive}[0][36]
98:Count{Receive}[0][37]
99:Count{Receive}[0][38]
100:Count{Receive}[0][39]
101:Count{Receive}[0][40]
102:Count{Receive}[0][41]
103:Count{Receive}[0][42]
104:Count{Receive}[0][43]
105:Count{Receive}[0][44]
106:Count{Receive}[0][45]
107:Count{Receive}[0][46]
108:Count{Receive}[0][47]
109:Count{Receive}[0][48]
110:Count{Receive}[0][49]
111:Count{Receive}[0][50]
112:Count{Receive}[0][51]
113:Count{Receive}[0][52]
114:Count{Receive}[0][53]
115:Count{Receive}[0][54]
116:Count{Receive}[0][55]
117:Count{Receive}[0][56]
118:Count{Receive}[0][57]
119:Count{Receive}[0][58]
120:Count{Receive}[0][59]
121:SpecialShopItemCategory[0][0]
122:SpecialShopItemCategory[0][1]
123:SpecialShopItemCategory[0][2]
124:SpecialShopItemCategory[0][3]
125:SpecialShopItemCategory[0][4]
126:SpecialShopItemCategory[0][5]
127:SpecialShopItemCategory[0][6]
128:SpecialShopItemCategory[0][7]
129:SpecialShopItemCategory[0][8]
130:SpecialShopItemCategory[0][9]
131:SpecialShopItemCategory[0][10]
132:SpecialShopItemCategory[0][11]
133:SpecialShopItemCategory[0][12]
134:SpecialShopItemCategory[0][13]
135:SpecialShopItemCategory[0][14]
136:SpecialShopItemCategory[0][15]
137:SpecialShopItemCategory[0][16]
138:SpecialShopItemCategory[0][17]
139:SpecialShopItemCategory[0][18]
140:SpecialShopItemCategory[0][19]
141:SpecialShopItemCategory[0][20]
142:SpecialShopItemCategory[0][21]
143:SpecialShopItemCategory[0][22]
144:SpecialShopItemCategory[0][23]
145:SpecialShopItemCategory[0][24]
146:SpecialShopItemCategory[0][25]
147:SpecialShopItemCategory[0][26]
148:SpecialShopItemCategory[0][27]
149:SpecialShopItemCategory[0][28]
150:SpecialShopItemCategory[0][29]
151:SpecialShopItemCategory[0][30]
152:SpecialShopItemCategory[0][31]
153:SpecialShopItemCategory[0][32]
154:SpecialShopItemCategory[0][33]
155:SpecialShopItemCategory[0][34]
156:SpecialShopItemCategory[0][35]
157:SpecialShopItemCategory[0][36]
158:SpecialShopItemCategory[0][37]
159:SpecialShopItemCategory[0][38]
160:SpecialShopItemCategory[0][39]
161:SpecialShopItemCategory[0][40]
162:SpecialShopItemCategory[0][41]
163:SpecialShopItemCategory[0][42]
164:SpecialShopItemCategory[0][43]
165:SpecialShopItemCategory[0][44]
166:SpecialShopItemCategory[0][45]
167:SpecialShopItemCategory[0][46]
168:SpecialShopItemCategory[0][47]
169:SpecialShopItemCategory[0][48]
170:SpecialShopItemCategory[0][49]
171:SpecialShopItemCategory[0][50]
172:SpecialShopItemCategory[0][51]
173:SpecialShopItemCategory[0][52]
174:SpecialShopItemCategory[0][53]
175:SpecialShopItemCategory[0][54]
176:SpecialShopItemCategory[0][55]
177:SpecialShopItemCategory[0][56]
178:SpecialShopItemCategory[0][57]
179:SpecialShopItemCategory[0][58]
180:SpecialShopItemCategory[0][59]
181:HQ{Receive}[0][0]
182:HQ{Receive}[0][1]
183:HQ{Receive}[0][2]
184:HQ{Receive}[0][3]
185:HQ{Receive}[0][4]
186:HQ{Receive}[0][5]
187:HQ{Receive}[0][6]
188:HQ{Receive}[0][7]
189:HQ{Receive}[0][8]
190:HQ{Receive}[0][9]
191:HQ{Receive}[0][10]
192:HQ{Receive}[0][11]
193:HQ{Receive}[0][12]
194:HQ{Receive}[0][13]
195:HQ{Receive}[0][14]
196:HQ{Receive}[0][15]
197:HQ{Receive}[0][16]
198:HQ{Receive}[0][17]
199:HQ{Receive}[0][18]
200:HQ{Receive}[0][19]
201:HQ{Receive}[0][20]
202:HQ{Receive}[0][21]
203:HQ{Receive}[0][22]
204:HQ{Receive}[0][23]
205:HQ{Receive}[0][24]
206:HQ{Receive}[0][25]
207:HQ{Receive}[0][26]
208:HQ{Receive}[0][27]
209:HQ{Receive}[0][28]
210:HQ{Receive}[0][29]
211:HQ{Receive}[0][30]
212:HQ{Receive}[0][31]
213:HQ{Receive}[0][32]
214:HQ{Receive}[0][33]
215:HQ{Receive}[0][34]
216:HQ{Receive}[0][35]
217:HQ{Receive}[0][36]
218:HQ{Receive}[0][37]
219:HQ{Receive}[0][38]
220:HQ{Receive}[0][39]
221:HQ{Receive}[0][40]
222:HQ{Receive}[0][41]
223:HQ{Receive}[0][42]
224:HQ{Receive}[0][43]
225:HQ{Receive}[0][44]
226:HQ{Receive}[0][45]
227:HQ{Receive}[0][46]
228:HQ{Receive}[0][47]
229:HQ{Receive}[0][48]
230:HQ{Receive}[0][49]
231:HQ{Receive}[0][50]
232:HQ{Receive}[0][51]
233:HQ{Receive}[0][52]
234:HQ{Receive}[0][53]
235:HQ{Receive}[0][54]
236:HQ{Receive}[0][55]
237:HQ{Receive}[0][56]
238:HQ{Receive}[0][57]
239:HQ{Receive}[0][58]
240:HQ{Receive}[0][59]
241:Item{Receive}[1][0]
242:Item{Receive}[1][1]
243:Item{Receive}[1][2]
244:Item{Receive}[1][3]
245:Item{Receive}[1][4]
246:Item{Receive}[1][5]
247:Item{Receive}[1][6]
248:Item{Receive}[1][7]
249:Item{Receive}[1][8]
250:Item{Receive}[1][9]
251:Item{Receive}[1][10]
252:Item{Receive}[1][11]
253:Item{Receive}[1][12]
254:Item{Receive}[1][13]
255:Item{Receive}[1][14]
256:Item{Receive}[1][15]
257:Item{Receive}[1][16]
258:Item{Receive}[1][17]
259:Item{Receive}[1][18]
260:Item{Receive}[1][19]
261:Item{Receive}[1][20]
262:Item{Receive}[1][21]
263:Item{Receive}[1][22]
264:Item{Receive}[1][23]
265:Item{Receive}[1][24]
266:Item{Receive}[1][25]
267:Item{Receive}[1][26]
268:Item{Receive}[1][27]
269:Item{Receive}[1][28]
270:Item{Receive}[1][29]
271:Item{Receive}[1][30]
272:Item{Receive}[1][31]
273:Item{Receive}[1][32]
274:Item{Receive}[1][33]
275:Item{Receive}[1][34]
276:Item{Receive}[1][35]
277:Item{Receive}[1][36]
278:Item{Receive}[1][37]
279:Item{Receive}[1][38]
280:Item{Receive}[1][39]
281:Item{Receive}[1][40]
282:Item{Receive}[1][41]
283:Item{Receive}[1][42]
284:Item{Receive}[1][43]
285:Item{Receive}[1][44]
286:Item{Receive}[1][45]
287:Item{Receive}[1][46]
288:Item{Receive}[1][47]
289:Item{Receive}[1][48]
290:Item{Receive}[1][49]
291:Item{Receive}[1][50]
292:Item{Receive}[1][51]
293:Item{Receive}[1][52]
294:Item{Receive}[1][53]
295:Item{Receive}[1][54]
296:Item{Receive}[1][55]
297:Item{Receive}[1][56]
298:Item{Receive}[1][57]
299:Item{Receive}[1][58]
300:Item{Receive}[1][59]
301:Count{Receive}[1][0]
302:Count{Receive}[1][1]
303:Count{Receive}[1][2]
304:Count{Receive}[1][3]
305:Count{Receive}[1][4]
306:Count{Receive}[1][5]
307:Count{Receive}[1][6]
308:Count{Receive}[1][7]
309:Count{Receive}[1][8]
310:Count{Receive}[1][9]
311:Count{Receive}[1][10]
312:Count{Receive}[1][11]
313:Count{Receive}[1][12]
314:Count{Receive}[1][13]
315:Count{Receive}[1][14]
316:Count{Receive}[1][15]
317:Count{Receive}[1][16]
318:Count{Receive}[1][17]
319:Count{Receive}[1][18]
320:Count{Receive}[1][19]
321:Count{Receive}[1][20]
322:Count{Receive}[1][21]
323:Count{Receive}[1][22]
324:Count{Receive}[1][23]
325:Count{Receive}[1][24]
326:Count{Receive}[1][25]
327:Count{Receive}[1][26]
328:Count{Receive}[1][27]
329:Count{Receive}[1][28]
330:Count{Receive}[1][29]
331:Count{Receive}[1][30]
332:Count{Receive}[1][31]
333:Count{Receive}[1][32]
334:Count{Receive}[1][33]
335:Count{Receive}[1][34]
336:Count{Receive}[1][35]
337:Count{Receive}[1][36]
338:Count{Receive}[1][37]
339:Count{Receive}[1][38]
340:Count{Receive}[1][39]
341:Count{Receive}[1][40]
342:Count{Receive}[1][41]
343:Count{Receive}[1][42]
344:Count{Receive}[1][43]
345:Count{Receive}[1][44]
346:Count{Receive}[1][45]
347:Count{Receive}[1][46]
348:Count{Receive}[1][47]
349:Count{Receive}[1][48]
350:Count{Receive}[1][49]
351:Count{Receive}[1][50]
352:Count{Receive}[1][51]
353:Count{Receive}[1][52]
354:Count{Receive}[1][53]
355:Count{Receive}[1][54]
356:Count{Receive}[1][55]
357:Count{Receive}[1][56]
358:Count{Receive}[1][57]
359:Count{Receive}[1][58]
360:Count{Receive}[1][59]
361:SpecialShopItemCategory[1][0]
362:SpecialShopItemCategory[1][1]
363:SpecialShopItemCategory[1][2]
364:SpecialShopItemCategory[1][3]
365:SpecialShopItemCategory[1][4]
366:SpecialShopItemCategory[1][5]
367:SpecialShopItemCategory[1][6]
368:SpecialShopItemCategory[1][7]
369:SpecialShopItemCategory[1][8]
370:SpecialShopItemCategory[1][9]
371:SpecialShopItemCategory[1][10]
372:SpecialShopItemCategory[1][11]
373:SpecialShopItemCategory[1][12]
374:SpecialShopItemCategory[1][13]
375:SpecialShopItemCategory[1][14]
376:SpecialShopItemCategory[1][15]
377:SpecialShopItemCategory[1][16]
378:SpecialShopItemCategory[1][17]
379:SpecialShopItemCategory[1][18]
380:SpecialShopItemCategory[1][19]
381:SpecialShopItemCategory[1][20]
382:SpecialShopItemCategory[1][21]
383:SpecialShopItemCategory[1][22]
384:SpecialShopItemCategory[1][23]
385:SpecialShopItemCategory[1][24]
386:SpecialShopItemCategory[1][25]
387:SpecialShopItemCategory[1][26]
388:SpecialShopItemCategory[1][27]
389:SpecialShopItemCategory[1][28]
390:SpecialShopItemCategory[1][29]
391:SpecialShopItemCategory[1][30]
392:SpecialShopItemCategory[1][31]
393:SpecialShopItemCategory[1][32]
394:SpecialShopItemCategory[1][33]
395:SpecialShopItemCategory[1][34]
396:SpecialShopItemCategory[1][35]
397:SpecialShopItemCategory[1][36]
398:SpecialShopItemCategory[1][37]
399:SpecialShopItemCategory[1][38]
400:SpecialShopItemCategory[1][39]
401:SpecialShopItemCategory[1][40]
402:SpecialShopItemCategory[1][41]
403:SpecialShopItemCategory[1][42]
404:SpecialShopItemCategory[1][43]
405:SpecialShopItemCategory[1][44]
406:SpecialShopItemCategory[1][45]
407:SpecialShopItemCategory[1][46]
408:SpecialShopItemCategory[1][47]
409:SpecialShopItemCategory[1][48]
410:SpecialShopItemCategory[1][49]
411:SpecialShopItemCategory[1][50]
412:SpecialShopItemCategory[1][51]
413:SpecialShopItemCategory[1][52]
414:SpecialShopItemCategory[1][53]
415:SpecialShopItemCategory[1][54]
416:SpecialShopItemCategory[1][55]
417:SpecialShopItemCategory[1][56]
418:SpecialShopItemCategory[1][57]
419:SpecialShopItemCategory[1][58]
420:SpecialShopItemCategory[1][59]
421:HQ{Receive}[1][0]
422:HQ{Receive}[1][1]
423:HQ{Receive}[1][2]
424:HQ{Receive}[1][3]
425:HQ{Receive}[1][4]
426:HQ{Receive}[1][5]
427:HQ{Receive}[1][6]
428:HQ{Receive}[1][7]
429:HQ{Receive}[1][8]
430:HQ{Receive}[1][9]
431:HQ{Receive}[1][10]
432:HQ{Receive}[1][11]
433:HQ{Receive}[1][12]
434:HQ{Receive}[1][13]
435:HQ{Receive}[1][14]
436:HQ{Receive}[1][15]
437:HQ{Receive}[1][16]
438:HQ{Receive}[1][17]
439:HQ{Receive}[1][18]
440:HQ{Receive}[1][19]
441:HQ{Receive}[1][20]
442:HQ{Receive}[1][21]
443:HQ{Receive}[1][22]
444:HQ{Receive}[1][23]
445:HQ{Receive}[1][24]
446:HQ{Receive}[1][25]
447:HQ{Receive}[1][26]
448:HQ{Receive}[1][27]
449:HQ{Receive}[1][28]
450:HQ{Receive}[1][29]
451:HQ{Receive}[1][30]
452:HQ{Receive}[1][31]
453:HQ{Receive}[1][32]
454:HQ{Receive}[1][33]
455:HQ{Receive}[1][34]
456:HQ{Receive}[1][35]
457:HQ{Receive}[1][36]
458:HQ{Receive}[1][37]
459:HQ{Receive}[1][38]
460:HQ{Receive}[1][39]
461:HQ{Receive}[1][40]
462:HQ{Receive}[1][41]
463:HQ{Receive}[1][42]
464:HQ{Receive}[1][43]
465:HQ{Receive}[1][44]
466:HQ{Receive}[1][45]
467:HQ{Receive}[1][46]
468:HQ{Receive}[1][47]
469:HQ{Receive}[1][48]
470:HQ{Receive}[1][49]
471:HQ{Receive}[1][50]
472:HQ{Receive}[1][51]
473:HQ{Receive}[1][52]
474:HQ{Receive}[1][53]
475:HQ{Receive}[1][54]
476:HQ{Receive}[1][55]
477:HQ{Receive}[1][56]
478:HQ{Receive}[1][57]
479:HQ{Receive}[1][58]
480:HQ{Receive}[1][59]
481:Item{Cost}[0][0]
482:Item{Cost}[0][1]
483:Item{Cost}[0][2]
484:Item{Cost}[0][3]
485:Item{Cost}[0][4]
486:Item{Cost}[0][5]
487:Item{Cost}[0][6]
488:Item{Cost}[0][7]
489:Item{Cost}[0][8]
490:Item{Cost}[0][9]
491:Item{Cost}[0][10]
492:Item{Cost}[0][11]
493:Item{Cost}[0][12]
494:Item{Cost}[0][13]
495:Item{Cost}[0][14]
496:Item{Cost}[0][15]
497:Item{Cost}[0][16]
498:Item{Cost}[0][17]
499:Item{Cost}[0][18]
500:Item{Cost}[0][19]
501:Item{Cost}[0][20]
502:Item{Cost}[0][21]
503:Item{Cost}[0][22]
504:Item{Cost}[0][23]
505:Item{Cost}[0][24]
506:Item{Cost}[0][25]
507:Item{Cost}[0][26]
508:Item{Cost}[0][27]
509:Item{Cost}[0][28]
510:Item{Cost}[0][29]
511:Item{Cost}[0][30]
512:Item{Cost}[0][31]
513:Item{Cost}[0][32]
514:Item{Cost}[0][33]
515:Item{Cost}[0][34]
516:Item{Cost}[0][35]
517:Item{Cost}[0][36]
518:Item{Cost}[0][37]
519:Item{Cost}[0][38]
520:Item{Cost}[0][39]
521:Item{Cost}[0][40]
522:Item{Cost}[0][41]
523:Item{Cost}[0][42]
524:Item{Cost}[0][43]
525:Item{Cost}[0][44]
526:Item{Cost}[0][45]
527:Item{Cost}[0][46]
528:Item{Cost}[0][47]
529:Item{Cost}[0][48]
530:Item{Cost}[0][49]
531:Item{Cost}[0][50]
532:Item{Cost}[0][51]
533:Item{Cost}[0][52]
534:Item{Cost}[0][53]
535:Item{Cost}[0][54]
536:Item{Cost}[0][55]
537:Item{Cost}[0][56]
538:Item{Cost}[0][57]
539:Item{Cost}[0][58]
540:Item{Cost}[0][59]
541:Count{Cost}[0][0]
542:Count{Cost}[0][1]
543:Count{Cost}[0][2]
544:Count{Cost}[0][3]
545:Count{Cost}[0][4]
546:Count{Cost}[0][5]
547:Count{Cost}[0][6]
548:Count{Cost}[0][7]
549:Count{Cost}[0][8]
550:Count{Cost}[0][9]
551:Count{Cost}[0][10]
552:Count{Cost}[0][11]
553:Count{Cost}[0][12]
554:Count{Cost}[0][13]
555:Count{Cost}[0][14]
556:Count{Cost}[0][15]
557:Count{Cost}[0][16]
558:Count{Cost}[0][17]
559:Count{Cost}[0][18]
560:Count{Cost}[0][19]
561:Count{Cost}[0][20]
562:Count{Cost}[0][21]
563:Count{Cost}[0][22]
564:Count{Cost}[0][23]
565:Count{Cost}[0][24]
566:Count{Cost}[0][25]
567:Count{Cost}[0][26]
568:Count{Cost}[0][27]
569:Count{Cost}[0][28]
570:Count{Cost}[0][29]
571:Count{Cost}[0][30]
572:Count{Cost}[0][31]
573:Count{Cost}[0][32]
574:Count{Cost}[0][33]
575:Count{Cost}[0][34]
576:Count{Cost}[0][35]
577:Count{Cost}[0][36]
578:Count{Cost}[0][37]
579:Count{Cost}[0][38]
580:Count{Cost}[0][39]
581:Count{Cost}[0][40]
582:Count{Cost}[0][41]
583:Count{Cost}[0][42]
584:Count{Cost}[0][43]
585:Count{Cost}[0][44]
586:Count{Cost}[0][45]
587:Count{Cost}[0][46]
588:Count{Cost}[0][47]
589:Count{Cost}[0][48]
590:Count{Cost}[0][49]
591:Count{Cost}[0][50]
592:Count{Cost}[0][51]
593:Count{Cost}[0][52]
594:Count{Cost}[0][53]
595:Count{Cost}[0][54]
596:Count{Cost}[0][55]
597:Count{Cost}[0][56]
598:Count{Cost}[0][57]
599:Count{Cost}[0][58]
600:Count{Cost}[0][59]
601:HQ{Cost}[0][0]
602:HQ{Cost}[0][1]
603:HQ{Cost}[0][2]
604:HQ{Cost}[0][3]
605:HQ{Cost}[0][4]
606:HQ{Cost}[0][5]
607:HQ{Cost}[0][6]
608:HQ{Cost}[0][7]
609:HQ{Cost}[0][8]
610:HQ{Cost}[0][9]
611:HQ{Cost}[0][10]
612:HQ{Cost}[0][11]
613:HQ{Cost}[0][12]
614:HQ{Cost}[0][13]
615:HQ{Cost}[0][14]
616:HQ{Cost}[0][15]
617:HQ{Cost}[0][16]
618:HQ{Cost}[0][17]
619:HQ{Cost}[0][18]
620:HQ{Cost}[0][19]
621:HQ{Cost}[0][20]
622:HQ{Cost}[0][21]
623:HQ{Cost}[0][22]
624:HQ{Cost}[0][23]
625:HQ{Cost}[0][24]
626:HQ{Cost}[0][25]
627:HQ{Cost}[0][26]
628:HQ{Cost}[0][27]
629:HQ{Cost}[0][28]
630:HQ{Cost}[0][29]
631:HQ{Cost}[0][30]
632:HQ{Cost}[0][31]
633:HQ{Cost}[0][32]
634:HQ{Cost}[0][33]
635:HQ{Cost}[0][34]
636:HQ{Cost}[0][35]
637:HQ{Cost}[0][36]
638:HQ{Cost}[0][37]
639:HQ{Cost}[0][38]
640:HQ{Cost}[0][39]
641:HQ{Cost}[0][40]
642:HQ{Cost}[0][41]
643:HQ{Cost}[0][42]
644:HQ{Cost}[0][43]
645:HQ{Cost}[0][44]
646:HQ{Cost}[0][45]
647:HQ{Cost}[0][46]
648:HQ{Cost}[0][47]
649:HQ{Cost}[0][48]
650:HQ{Cost}[0][49]
651:HQ{Cost}[0][50]
652:HQ{Cost}[0][51]
653:HQ{Cost}[0][52]
654:HQ{Cost}[0][53]
655:HQ{Cost}[0][54]
656:HQ{Cost}[0][55]
657:HQ{Cost}[0][56]
658:HQ{Cost}[0][57]
659:HQ{Cost}[0][58]
660:HQ{Cost}[0][59]
661:CollectabilityRating{Cost}[0][0]
662:CollectabilityRating{Cost}[0][1]
663:CollectabilityRating{Cost}[0][2]
664:CollectabilityRating{Cost}[0][3]
665:CollectabilityRating{Cost}[0][4]
666:CollectabilityRating{Cost}[0][5]
667:CollectabilityRating{Cost}[0][6]
668:CollectabilityRating{Cost}[0][7]
669:CollectabilityRating{Cost}[0][8]
670:CollectabilityRating{Cost}[0][9]
671:CollectabilityRating{Cost}[0][10]
672:CollectabilityRating{Cost}[0][11]
673:CollectabilityRating{Cost}[0][12]
674:CollectabilityRating{Cost}[0][13]
675:CollectabilityRating{Cost}[0][14]
676:CollectabilityRating{Cost}[0][15]
677:CollectabilityRating{Cost}[0][16]
678:CollectabilityRating{Cost}[0][17]
679:CollectabilityRating{Cost}[0][18]
680:CollectabilityRating{Cost}[0][19]
681:CollectabilityRating{Cost}[0][20]
682:CollectabilityRating{Cost}[0][21]
683:CollectabilityRating{Cost}[0][22]
684:CollectabilityRating{Cost}[0][23]
685:CollectabilityRating{Cost}[0][24]
686:CollectabilityRating{Cost}[0][25]
687:CollectabilityRating{Cost}[0][26]
688:CollectabilityRating{Cost}[0][27]
689:CollectabilityRating{Cost}[0][28]
690:CollectabilityRating{Cost}[0][29]
691:CollectabilityRating{Cost}[0][30]
692:CollectabilityRating{Cost}[0][31]
693:CollectabilityRating{Cost}[0][32]
694:CollectabilityRating{Cost}[0][33]
695:CollectabilityRating{Cost}[0][34]
696:CollectabilityRating{Cost}[0][35]
697:CollectabilityRating{Cost}[0][36]
698:CollectabilityRating{Cost}[0][37]
699:CollectabilityRating{Cost}[0][38]
700:CollectabilityRating{Cost}[0][39]
701:CollectabilityRating{Cost}[0][40]
702:CollectabilityRating{Cost}[0][41]
703:CollectabilityRating{Cost}[0][42]
704:CollectabilityRating{Cost}[0][43]
705:CollectabilityRating{Cost}[0][44]
706:CollectabilityRating{Cost}[0][45]
707:CollectabilityRating{Cost}[0][46]
708:CollectabilityRating{Cost}[0][47]
709:CollectabilityRating{Cost}[0][48]
710:CollectabilityRating{Cost}[0][49]
711:CollectabilityRating{Cost}[0][50]
712:CollectabilityRating{Cost}[0][51]
713:CollectabilityRating{Cost}[0][52]
714:CollectabilityRating{Cost}[0][53]
715:CollectabilityRating{Cost}[0][54]
716:CollectabilityRating{Cost}[0][55]
717:CollectabilityRating{Cost}[0][56]
718:CollectabilityRating{Cost}[0][57]
719:CollectabilityRating{Cost}[0][58]
720:CollectabilityRating{Cost}[0][59]
721:Item{Cost}[1][0]
722:Item{Cost}[1][1]
723:Item{Cost}[1][2]
724:Item{Cost}[1][3]
725:Item{Cost}[1][4]
726:Item{Cost}[1][5]
727:Item{Cost}[1][6]
728:Item{Cost}[1][7]
729:Item{Cost}[1][8]
730:Item{Cost}[1][9]
731:Item{Cost}[1][10]
732:Item{Cost}[1][11]
733:Item{Cost}[1][12]
734:Item{Cost}[1][13]
735:Item{Cost}[1][14]
736:Item{Cost}[1][15]
737:Item{Cost}[1][16]
738:Item{Cost}[1][17]
739:Item{Cost}[1][18]
740:Item{Cost}[1][19]
741:Item{Cost}[1][20]
742:Item{Cost}[1][21]
743:Item{Cost}[1][22]
744:Item{Cost}[1][23]
745:Item{Cost}[1][24]
746:Item{Cost}[1][25]
747:Item{Cost}[1][26]
748:Item{Cost}[1][27]
749:Item{Cost}[1][28]
750:Item{Cost}[1][29]
751:Item{Cost}[1][30]
752:Item{Cost}[1][31]
753:Item{Cost}[1][32]
754:Item{Cost}[1][33]
755:Item{Cost}[1][34]
756:Item{Cost}[1][35]
757:Item{Cost}[1][36]
758:Item{Cost}[1][37]
759:Item{Cost}[1][38]
760:Item{Cost}[1][39]
761:Item{Cost}[1][40]
762:Item{Cost}[1][41]
763:Item{Cost}[1][42]
764:Item{Cost}[1][43]
765:Item{Cost}[1][44]
766:Item{Cost}[1][45]
767:Item{Cost}[1][46]
768:Item{Cost}[1][47]
769:Item{Cost}[1][48]
770:Item{Cost}[1][49]
771:Item{Cost}[1][50]
772:Item{Cost}[1][51]
773:Item{Cost}[1][52]
774:Item{Cost}[1][53]
775:Item{Cost}[1][54]
776:Item{Cost}[1][55]
777:Item{Cost}[1][56]
778:Item{Cost}[1][57]
779:Item{Cost}[1][58]
780:Item{Cost}[1][59]
781:Count{Cost}[1][0]
782:Count{Cost}[1][1]
783:Count{Cost}[1][2]
784:Count{Cost}[1][3]
785:Count{Cost}[1][4]
786:Count{Cost}[1][5]
787:Count{Cost}[1][6]
788:Count{Cost}[1][7]
789:Count{Cost}[1][8]
790:Count{Cost}[1][9]
791:Count{Cost}[1][10]
792:Count{Cost}[1][11]
793:Count{Cost}[1][12]
794:Count{Cost}[1][13]
795:Count{Cost}[1][14]
796:Count{Cost}[1][15]
797:Count{Cost}[1][16]
798:Count{Cost}[1][17]
799:Count{Cost}[1][18]
800:Count{Cost}[1][19]
801:Count{Cost}[1][20]
802:Count{Cost}[1][21]
803:Count{Cost}[1][22]
804:Count{Cost}[1][23]
805:Count{Cost}[1][24]
806:Count{Cost}[1][25]
807:Count{Cost}[1][26]
808:Count{Cost}[1][27]
809:Count{Cost}[1][28]
810:Count{Cost}[1][29]
811:Count{Cost}[1][30]
812:Count{Cost}[1][31]
813:Count{Cost}[1][32]
814:Count{Cost}[1][33]
815:Count{Cost}[1][34]
816:Count{Cost}[1][35]
817:Count{Cost}[1][36]
818:Count{Cost}[1][37]
819:Count{Cost}[1][38]
820:Count{Cost}[1][39]
821:Count{Cost}[1][40]
822:Count{Cost}[1][41]
823:Count{Cost}[1][42]
824:Count{Cost}[1][43]
825:Count{Cost}[1][44]
826:Count{Cost}[1][45]
827:Count{Cost}[1][46]
828:Count{Cost}[1][47]
829:Count{Cost}[1][48]
830:Count{Cost}[1][49]
831:Count{Cost}[1][50]
832:Count{Cost}[1][51]
833:Count{Cost}[1][52]
834:Count{Cost}[1][53]
835:Count{Cost}[1][54]
836:Count{Cost}[1][55]
837:Count{Cost}[1][56]
838:Count{Cost}[1][57]
839:Count{Cost}[1][58]
840:Count{Cost}[1][59]
841:HQ{Cost}[1][0]
842:HQ{Cost}[1][1]
843:HQ{Cost}[1][2]
844:HQ{Cost}[1][3]
845:HQ{Cost}[1][4]
846:HQ{Cost}[1][5]
847:HQ{Cost}[1][6]
848:HQ{Cost}[1][7]
849:HQ{Cost}[1][8]
850:HQ{Cost}[1][9]
851:HQ{Cost}[1][10]
852:HQ{Cost}[1][11]
853:HQ{Cost}[1][12]
854:HQ{Cost}[1][13]
855:HQ{Cost}[1][14]
856:HQ{Cost}[1][15]
857:HQ{Cost}[1][16]
858:HQ{Cost}[1][17]
859:HQ{Cost}[1][18]
860:HQ{Cost}[1][19]
861:HQ{Cost}[1][20]
862:HQ{Cost}[1][21]
863:HQ{Cost}[1][22]
864:HQ{Cost}[1][23]
865:HQ{Cost}[1][24]
866:HQ{Cost}[1][25]
867:HQ{Cost}[1][26]
868:HQ{Cost}[1][27]
869:HQ{Cost}[1][28]
870:HQ{Cost}[1][29]
871:HQ{Cost}[1][30]
872:HQ{Cost}[1][31]
873:HQ{Cost}[1][32]
874:HQ{Cost}[1][33]
875:HQ{Cost}[1][34]
876:HQ{Cost}[1][35]
877:HQ{Cost}[1][36]
878:HQ{Cost}[1][37]
879:HQ{Cost}[1][38]
880:HQ{Cost}[1][39]
881:HQ{Cost}[1][40]
882:HQ{Cost}[1][41]
883:HQ{Cost}[1][42]
884:HQ{Cost}[1][43]
885:HQ{Cost}[1][44]
886:HQ{Cost}[1][45]
887:HQ{Cost}[1][46]
888:HQ{Cost}[1][47]
889:HQ{Cost}[1][48]
890:HQ{Cost}[1][49]
891:HQ{Cost}[1][50]
892:HQ{Cost}[1][51]
893:HQ{Cost}[1][52]
894:HQ{Cost}[1][53]
895:HQ{Cost}[1][54]
896:HQ{Cost}[1][55]
897:HQ{Cost}[1][56]
898:HQ{Cost}[1][57]
899:HQ{Cost}[1][58]
900:HQ{Cost}[1][59]
901:CollectabilityRating{Cost}[1][0]
902:CollectabilityRating{Cost}[1][1]
903:CollectabilityRating{Cost}[1][2]
904:CollectabilityRating{Cost}[1][3]
905:CollectabilityRating{Cost}[1][4]
906:CollectabilityRating{Cost}[1][5]
907:CollectabilityRating{Cost}[1][6]
908:CollectabilityRating{Cost}[1][7]
909:CollectabilityRating{Cost}[1][8]
910:CollectabilityRating{Cost}[1][9]
911:CollectabilityRating{Cost}[1][10]
912:CollectabilityRating{Cost}[1][11]
913:CollectabilityRating{Cost}[1][12]
914:CollectabilityRating{Cost}[1][13]
915:CollectabilityRating{Cost}[1][14]
916:CollectabilityRating{Cost}[1][15]
917:CollectabilityRating{Cost}[1][16]
918:CollectabilityRating{Cost}[1][17]
919:CollectabilityRating{Cost}[1][18]
920:CollectabilityRating{Cost}[1][19]
921:CollectabilityRating{Cost}[1][20]
922:CollectabilityRating{Cost}[1][21]
923:CollectabilityRating{Cost}[1][22]
924:CollectabilityRating{Cost}[1][23]
925:CollectabilityRating{Cost}[1][24]
926:CollectabilityRating{Cost}[1][25]
927:CollectabilityRating{Cost}[1][26]
928:CollectabilityRating{Cost}[1][27]
929:CollectabilityRating{Cost}[1][28]
930:CollectabilityRating{Cost}[1][29]
931:CollectabilityRating{Cost}[1][30]
932:CollectabilityRating{Cost}[1][31]
933:CollectabilityRating{Cost}[1][32]
934:CollectabilityRating{Cost}[1][33]
935:CollectabilityRating{Cost}[1][34]
936:CollectabilityRating{Cost}[1][35]
937:CollectabilityRating{Cost}[1][36]
938:CollectabilityRating{Cost}[1][37]
939:CollectabilityRating{Cost}[1][38]
940:CollectabilityRating{Cost}[1][39]
941:CollectabilityRating{Cost}[1][40]
942:CollectabilityRating{Cost}[1][41]
943:CollectabilityRating{Cost}[1][42]
944:CollectabilityRating{Cost}[1][43]
945:CollectabilityRating{Cost}[1][44]
946:CollectabilityRating{Cost}[1][45]
947:CollectabilityRating{Cost}[1][46]
948:CollectabilityRating{Cost}[1][47]
949:CollectabilityRating{Cost}[1][48]
950:CollectabilityRating{Cost}[1][49]
951:CollectabilityRating{Cost}[1][50]
952:CollectabilityRating{Cost}[1][51]
953:CollectabilityRating{Cost}[1][52]
954:CollectabilityRating{Cost}[1][53]
955:CollectabilityRating{Cost}[1][54]
956:CollectabilityRating{Cost}[1][55]
957:CollectabilityRating{Cost}[1][56]
958:CollectabilityRating{Cost}[1][57]
959:CollectabilityRating{Cost}[1][58]
960:CollectabilityRating{Cost}[1][59]
961:Item{Cost}[2][0]
962:Item{Cost}[2][1]
963:Item{Cost}[2][2]
964:Item{Cost}[2][3]
965:Item{Cost}[2][4]
966:Item{Cost}[2][5]
967:Item{Cost}[2][6]
968:Item{Cost}[2][7]
969:Item{Cost}[2][8]
970:Item{Cost}[2][9]
971:Item{Cost}[2][10]
972:Item{Cost}[2][11]
973:Item{Cost}[2][12]
974:Item{Cost}[2][13]
975:Item{Cost}[2][14]
976:Item{Cost}[2][15]
977:Item{Cost}[2][16]
978:Item{Cost}[2][17]
979:Item{Cost}[2][18]
980:Item{Cost}[2][19]
981:Item{Cost}[2][20]
982:Item{Cost}[2][21]
983:Item{Cost}[2][22]
984:Item{Cost}[2][23]
985:Item{Cost}[2][24]
986:Item{Cost}[2][25]
987:Item{Cost}[2][26]
988:Item{Cost}[2][27]
989:Item{Cost}[2][28]
990:Item{Cost}[2][29]
991:Item{Cost}[2][30]
992:Item{Cost}[2][31]
993:Item{Cost}[2][32]
994:Item{Cost}[2][33]
995:Item{Cost}[2][34]
996:Item{Cost}[2][35]
997:Item{Cost}[2][36]
998:Item{Cost}[2][37]
999:Item{Cost}[2][38]
1000:Item{Cost}[2][39]
1001:Item{Cost}[2][40]
1002:Item{Cost}[2][41]
1003:Item{Cost}[2][42]
1004:Item{Cost}[2][43]
1005:Item{Cost}[2][44]
1006:Item{Cost}[2][45]
1007:Item{Cost}[2][46]
1008:Item{Cost}[2][47]
1009:Item{Cost}[2][48]
1010:Item{Cost}[2][49]
1011:Item{Cost}[2][50]
1012:Item{Cost}[2][51]
1013:Item{Cost}[2][52]
1014:Item{Cost}[2][53]
1015:Item{Cost}[2][54]
1016:Item{Cost}[2][55]
1017:Item{Cost}[2][56]
1018:Item{Cost}[2][57]
1019:Item{Cost}[2][58]
1020:Item{Cost}[2][59]
1021:Count{Cost}[2][0]
1022:Count{Cost}[2][1]
1023:Count{Cost}[2][2]
1024:Count{Cost}[2][3]
1025:Count{Cost}[2][4]
1026:Count{Cost}[2][5]
1027:Count{Cost}[2][6]
1028:Count{Cost}[2][7]
1029:Count{Cost}[2][8]
1030:Count{Cost}[2][9]
1031:Count{Cost}[2][10]
1032:Count{Cost}[2][11]
1033:Count{Cost}[2][12]
1034:Count{Cost}[2][13]
1035:Count{Cost}[2][14]
1036:Count{Cost}[2][15]
1037:Count{Cost}[2][16]
1038:Count{Cost}[2][17]
1039:Count{Cost}[2][18]
1040:Count{Cost}[2][19]
1041:Count{Cost}[2][20]
1042:Count{Cost}[2][21]
1043:Count{Cost}[2][22]
1044:Count{Cost}[2][23]
1045:Count{Cost}[2][24]
1046:Count{Cost}[2][25]
1047:Count{Cost}[2][26]
1048:Count{Cost}[2][27]
1049:Count{Cost}[2][28]
1050:Count{Cost}[2][29]
1051:Count{Cost}[2][30]
1052:Count{Cost}[2][31]
1053:Count{Cost}[2][32]
1054:Count{Cost}[2][33]
1055:Count{Cost}[2][34]
1056:Count{Cost}[2][35]
1057:Count{Cost}[2][36]
1058:Count{Cost}[2][37]
1059:Count{Cost}[2][38]
1060:Count{Cost}[2][39]
1061:Count{Cost}[2][40]
1062:Count{Cost}[2][41]
1063:Count{Cost}[2][42]
1064:Count{Cost}[2][43]
1065:Count{Cost}[2][44]
1066:Count{Cost}[2][45]
1067:Count{Cost}[2][46]
1068:Count{Cost}[2][47]
1069:Count{Cost}[2][48]
1070:Count{Cost}[2][49]
1071:Count{Cost}[2][50]
1072:Count{Cost}[2][51]
1073:Count{Cost}[2][52]
1074:Count{Cost}[2][53]
1075:Count{Cost}[2][54]
1076:Count{Cost}[2][55]
1077:Count{Cost}[2][56]
1078:Count{Cost}[2][57]
1079:Count{Cost}[2][58]
1080:Count{Cost}[2][59]
1081:HQ{Cost}[2][0]
1082:HQ{Cost}[2][1]
1083:HQ{Cost}[2][2]
1084:HQ{Cost}[2][3]
1085:HQ{Cost}[2][4]
1086:HQ{Cost}[2][5]
1087:HQ{Cost}[2][6]
1088:HQ{Cost}[2][7]
1089:HQ{Cost}[2][8]
1090:HQ{Cost}[2][9]
1091:HQ{Cost}[2][10]
1092:HQ{Cost}[2][11]
1093:HQ{Cost}[2][12]
1094:HQ{Cost}[2][13]
1095:HQ{Cost}[2][14]
1096:HQ{Cost}[2][15]
1097:HQ{Cost}[2][16]
1098:HQ{Cost}[2][17]
1099:HQ{Cost}[2][18]
1100:HQ{Cost}[2][19]
1101:HQ{Cost}[2][20]
1102:HQ{Cost}[2][21]
1103:HQ{Cost}[2][22]
1104:HQ{Cost}[2][23]
1105:HQ{Cost}[2][24]
1106:HQ{Cost}[2][25]
1107:HQ{Cost}[2][26]
1108:HQ{Cost}[2][27]
1109:HQ{Cost}[2][28]
1110:HQ{Cost}[2][29]
1111:HQ{Cost}[2][30]
1112:HQ{Cost}[2][31]
1113:HQ{Cost}[2][32]
1114:HQ{Cost}[2][33]
1115:HQ{Cost}[2][34]
1116:HQ{Cost}[2][35]
1117:HQ{Cost}[2][36]
1118:HQ{Cost}[2][37]
1119:HQ{Cost}[2][38]
1120:HQ{Cost}[2][39]
1121:HQ{Cost}[2][40]
1122:HQ{Cost}[2][41]
1123:HQ{Cost}[2][42]
1124:HQ{Cost}[2][43]
1125:HQ{Cost}[2][44]
1126:HQ{Cost}[2][45]
1127:HQ{Cost}[2][46]
1128:HQ{Cost}[2][47]
1129:HQ{Cost}[2][48]
1130:HQ{Cost}[2][49]
1131:HQ{Cost}[2][50]
1132:HQ{Cost}[2][51]
1133:HQ{Cost}[2][52]
1134:HQ{Cost}[2][53]
1135:HQ{Cost}[2][54]
1136:HQ{Cost}[2][55]
1137:HQ{Cost}[2][56]
1138:HQ{Cost}[2][57]
1139:HQ{Cost}[2][58]
1140:HQ{Cost}[2][59]
1141:CollectabilityRating{Cost}[2][0]
1142:CollectabilityRating{Cost}[2][1]
1143:CollectabilityRating{Cost}[2][2]
1144:CollectabilityRating{Cost}[2][3]
1145:CollectabilityRating{Cost}[2][4]
1146:CollectabilityRating{Cost}[2][5]
1147:CollectabilityRating{Cost}[2][6]
1148:CollectabilityRating{Cost}[2][7]
1149:CollectabilityRating{Cost}[2][8]
1150:CollectabilityRating{Cost}[2][9]
1151:CollectabilityRating{Cost}[2][10]
1152:CollectabilityRating{Cost}[2][11]
1153:CollectabilityRating{Cost}[2][12]
1154:CollectabilityRating{Cost}[2][13]
1155:CollectabilityRating{Cost}[2][14]
1156:CollectabilityRating{Cost}[2][15]
1157:CollectabilityRating{Cost}[2][16]
1158:CollectabilityRating{Cost}[2][17]
1159:CollectabilityRating{Cost}[2][18]
1160:CollectabilityRating{Cost}[2][19]
1161:CollectabilityRating{Cost}[2][20]
1162:CollectabilityRating{Cost}[2][21]
1163:CollectabilityRating{Cost}[2][22]
1164:CollectabilityRating{Cost}[2][23]
1165:CollectabilityRating{Cost}[2][24]
1166:CollectabilityRating{Cost}[2][25]
1167:CollectabilityRating{Cost}[2][26]
1168:CollectabilityRating{Cost}[2][27]
1169:CollectabilityRating{Cost}[2][28]
1170:CollectabilityRating{Cost}[2][29]
1171:CollectabilityRating{Cost}[2][30]
1172:CollectabilityRating{Cost}[2][31]
1173:CollectabilityRating{Cost}[2][32]
1174:CollectabilityRating{Cost}[2][33]
1175:CollectabilityRating{Cost}[2][34]
1176:CollectabilityRating{Cost}[2][35]
1177:CollectabilityRating{Cost}[2][36]
1178:CollectabilityRating{Cost}[2][37]
1179:CollectabilityRating{Cost}[2][38]
1180:CollectabilityRating{Cost}[2][39]
1181:CollectabilityRating{Cost}[2][40]
1182:CollectabilityRating{Cost}[2][41]
1183:CollectabilityRating{Cost}[2][42]
1184:CollectabilityRating{Cost}[2][43]
1185:CollectabilityRating{Cost}[2][44]
1186:CollectabilityRating{Cost}[2][45]
1187:CollectabilityRating{Cost}[2][46]
1188:CollectabilityRating{Cost}[2][47]
1189:CollectabilityRating{Cost}[2][48]
1190:CollectabilityRating{Cost}[2][49]
1191:CollectabilityRating{Cost}[2][50]
1192:CollectabilityRating{Cost}[2][51]
1193:CollectabilityRating{Cost}[2][52]
1194:CollectabilityRating{Cost}[2][53]
1195:CollectabilityRating{Cost}[2][54]
1196:CollectabilityRating{Cost}[2][55]
1197:CollectabilityRating{Cost}[2][56]
1198:CollectabilityRating{Cost}[2][57]
1199:CollectabilityRating{Cost}[2][58]
1200:CollectabilityRating{Cost}[2][59]
1201:Quest{Item}[0]
1202:Quest{Item}[1]
1203:Quest{Item}[2]
1204:Quest{Item}[3]
1205:Quest{Item}[4]
1206:Quest{Item}[5]
1207:Quest{Item}[6]
1208:Quest{Item}[7]
1209:Quest{Item}[8]
1210:Quest{Item}[9]
1211:Quest{Item}[10]
1212:Quest{Item}[11]
1213:Quest{Item}[12]
1214:Quest{Item}[13]
1215:Quest{Item}[14]
1216:Quest{Item}[15]
1217:Quest{Item}[16]
1218:Quest{Item}[17]
1219:Quest{Item}[18]
1220:Quest{Item}[19]
1221:Quest{Item}[20]
1222:Quest{Item}[21]
1223:Quest{Item}[22]
1224:Quest{Item}[23]
1225:Quest{Item}[24]
1226:Quest{Item}[25]
1227:Quest{Item}[26]
1228:Quest{Item}[27]
1229:Quest{Item}[28]
1230:Quest{Item}[29]
1231:Quest{Item}[30]
1232:Quest{Item}[31]
1233:Quest{Item}[32]
1234:Quest{Item}[33]
1235:Quest{Item}[34]
1236:Quest{Item}[35]
1237:Quest{Item}[36]
1238:Quest{Item}[37]
1239:Quest{Item}[38]
1240:Quest{Item}[39]
1241:Quest{Item}[40]
1242:Quest{Item}[41]
1243:Quest{Item}[42]
1244:Quest{Item}[43]
1245:Quest{Item}[44]
1246:Quest{Item}[45]
1247:Quest{Item}[46]
1248:Quest{Item}[47]
1249:Quest{Item}[48]
1250:Quest{Item}[49]
1251:Quest{Item}[50]
1252:Quest{Item}[51]
1253:Quest{Item}[52]
1254:Quest{Item}[53]
1255:Quest{Item}[54]
1256:Quest{Item}[55]
1257:Quest{Item}[56]
1258:Quest{Item}[57]
1259:Quest{Item}[58]
1260:Quest{Item}[59]
1321:AchievementUnlock[0]
1322:AchievementUnlock[1]
1323:AchievementUnlock[2]
1324:AchievementUnlock[3]
1325:AchievementUnlock[4]
1326:AchievementUnlock[5]
1327:AchievementUnlock[6]
1328:AchievementUnlock[7]
1329:AchievementUnlock[8]
1330:AchievementUnlock[9]
1331:AchievementUnlock[10]
1332:AchievementUnlock[11]
1333:AchievementUnlock[12]
1334:AchievementUnlock[13]
1335:AchievementUnlock[14]
1336:AchievementUnlock[15]
1337:AchievementUnlock[16]
1338:AchievementUnlock[17]
1339:AchievementUnlock[18]
1340:AchievementUnlock[19]
1341:AchievementUnlock[20]
1342:AchievementUnlock[21]
1343:AchievementUnlock[22]
1344:AchievementUnlock[23]
1345:AchievementUnlock[24]
1346:AchievementUnlock[25]
1347:AchievementUnlock[26]
1348:AchievementUnlock[27]
1349:AchievementUnlock[28]
1350:AchievementUnlock[29]
1351:AchievementUnlock[30]
1352:AchievementUnlock[31]
1353:AchievementUnlock[32]
1354:AchievementUnlock[33]
1355:AchievementUnlock[34]
1356:AchievementUnlock[35]
1357:AchievementUnlock[36]
1358:AchievementUnlock[37]
1359:AchievementUnlock[38]
1360:AchievementUnlock[39]
1361:AchievementUnlock[40]
1362:AchievementUnlock[41]
1363:AchievementUnlock[42]
1364:AchievementUnlock[43]
1365:AchievementUnlock[44]
1366:AchievementUnlock[45]
1367:AchievementUnlock[46]
1368:AchievementUnlock[47]
1369:AchievementUnlock[48]
1370:AchievementUnlock[49]
1371:AchievementUnlock[50]
1372:AchievementUnlock[51]
1373:AchievementUnlock[52]
1374:AchievementUnlock[53]
1375:AchievementUnlock[54]
1376:AchievementUnlock[55]
1377:AchievementUnlock[56]
1378:AchievementUnlock[57]
1379:AchievementUnlock[58]
1380:AchievementUnlock[59]
1441:PatchNumber[0]
1442:PatchNumber[1]
1443:PatchNumber[2]
1444:PatchNumber[3]
1445:PatchNumber[4]
1446:PatchNumber[5]
1447:PatchNumber[6]
1448:PatchNumber[7]
1449:PatchNumber[8]
1450:PatchNumber[9]
1451:PatchNumber[10]
1452:PatchNumber[11]
1453:PatchNumber[12]
1454:PatchNumber[13]
1455:PatchNumber[14]
1456:PatchNumber[15]
1457:PatchNumber[16]
1458:PatchNumber[17]
1459:PatchNumber[18]
1460:PatchNumber[19]
1461:PatchNumber[20]
1462:PatchNumber[21]
1463:PatchNumber[22]
1464:PatchNumber[23]
1465:PatchNumber[24]
1466:PatchNumber[25]
1467:PatchNumber[26]
1468:PatchNumber[27]
1469:PatchNumber[28]
1470:PatchNumber[29]
1471:PatchNumber[30]
1472:PatchNumber[31]
1473:PatchNumber[32]
1474:PatchNumber[33]
1475:PatchNumber[34]
1476:PatchNumber[35]
1477:PatchNumber[36]
1478:PatchNumber[37]
1479:PatchNumber[38]
1480:PatchNumber[39]
1481:PatchNumber[40]
1482:PatchNumber[41]
1483:PatchNumber[42]
1484:PatchNumber[43]
1485:PatchNumber[44]
1486:PatchNumber[45]
1487:PatchNumber[46]
1488:PatchNumber[47]
1489:PatchNumber[48]
1490:PatchNumber[49]
1491:PatchNumber[50]
1492:PatchNumber[51]
1493:PatchNumber[52]
1494:PatchNumber[53]
1495:PatchNumber[54]
1496:PatchNumber[55]
1497:PatchNumber[56]
1498:PatchNumber[57]
1499:PatchNumber[58]
1500:PatchNumber[59]
1501:UseCurrencyType
1502:Quest{Unlock}
1503:CompleteText
1504:NotCompleteText
