0:Script
1:Instruction[0]
2:Instruction[1]
3:Instruction[2]
4:Instruction[3]
5:Instruction[4]
6:Instruction[5]
7:Instruction[6]
8:Instruction[7]
9:Instruction[8]
10:Instruction[9]
11:Instruction[10]
12:Instruction[11]
13:Instruction[12]
14:Instruction[13]
15:Instruction[14]
16:Instruction[15]
17:Instruction[16]
18:Instruction[17]
19:Instruction[18]
20:Instruction[19]
21:Instruction[20]
22:Instruction[21]
23:Instruction[22]
24:Instruction[23]
25:Instruction[24]
26:Instruction[25]
27:Instruction[26]
28:Instruction[27]
29:Instruction[28]
30:Instruction[29]
31:Instruction[30]
32:Instruction[31]
33:Instruction[32]
34:Instruction[33]
35:Instruction[34]
36:Instruction[35]
37:Instruction[36]
38:Instruction[37]
39:Instruction[38]
40:Instruction[39]
41:Argument[0]
42:Argument[1]
43:Argument[2]
44:Argument[3]
45:Argument[4]
46:Argument[5]
47:Argument[6]
48:Argument[7]
49:Argument[8]
50:Argument[9]
51:Argument[10]
52:Argument[11]
53:Argument[12]
54:Argument[13]
55:Argument[14]
56:Argument[15]
57:Argument[16]
58:Argument[17]
59:Argument[18]
60:Argument[19]
61:Argument[20]
62:Argument[21]
63:Argument[22]
64:Argument[23]
65:Argument[24]
66:Argument[25]
67:Argument[26]
68:Argument[27]
69:Argument[28]
70:Argument[29]
71:Argument[30]
72:Argument[31]
73:Argument[32]
74:Argument[33]
75:Argument[34]
76:Argument[35]
77:Argument[36]
78:Argument[37]
79:Argument[38]
80:Argument[39]
81:Sequence[0]
82:Sequence[1]
83:Sequence[2]
84:Sequence[3]
85:Sequence[4]
86:Sequence[5]
87:Sequence[6]
88:Sequence[7]
89:Sequence[8]
90:Sequence[9]
91:Sequence[10]
92:Sequence[11]
93:Sequence[12]
94:Sequence[13]
95:Sequence[14]
96:Sequence[15]
97:Sequence[16]
98:Sequence[17]
99:Sequence[18]
100:Sequence[19]
101:Sequence[20]
102:Sequence[21]
103:Sequence[22]
104:Sequence[23]
105:Sequence[24]
106:Sequence[25]
107:Sequence[26]
108:Sequence[27]
109:Sequence[28]
110:Sequence[29]
111:Sequence[30]
112:Sequence[31]
113:Sequence[32]
114:Sequence[33]
115:Sequence[34]
116:Sequence[35]
117:Sequence[36]
118:Sequence[37]
119:Sequence[38]
120:Sequence[39]
121:Sequence[40]
122:Sequence[41]
123:Sequence[42]
124:Sequence[43]
125:Sequence[44]
126:Sequence[45]
127:Sequence[46]
128:Sequence[47]
129:Sequence[48]
130:Sequence[49]
131:Sequence[50]
132:Sequence[51]
133:Sequence[52]
134:Sequence[53]
135:Sequence[54]
136:Sequence[55]
137:Sequence[56]
138:Sequence[57]
139:Sequence[58]
140:Sequence[59]
141:Sequence[60]
142:Sequence[61]
143:Sequence[62]
144:Sequence[63]
145:Sequence[64]
146:Sequence[65]
147:Sequence[66]
148:Sequence[67]
149:Sequence[68]
150:Sequence[69]
151:Sequence[70]
152:Sequence[71]
153:Sequence[72]
154:Sequence[73]
155:Sequence[74]
156:Sequence[75]
157:Sequence[76]
158:Sequence[77]
159:Sequence[78]
160:Sequence[79]
161:Sequence[80]
162:Sequence[81]
163:Sequence[82]
164:Sequence[83]
165:Sequence[84]
166:Sequence[85]
167:Sequence[86]
168:Sequence[87]
169:Sequence[88]
170:Sequence[89]
171:Sequence[90]
172:Sequence[91]
173:Sequence[92]
174:Sequence[93]
175:Sequence[94]
176:Sequence[95]
177:Sequence[96]
178:Sequence[97]
179:Sequence[98]
180:Sequence[99]
181:Sequence[100]
182:Sequence[101]
183:Sequence[102]
184:Sequence[103]
185:Sequence[104]
186:Sequence[105]
187:Sequence[106]
188:Sequence[107]
189:Sequence[108]
190:Sequence[109]
191:CompletedQuestOperator[0]
192:CompletedQuestOperator[1]
193:CompletedQuestOperator[2]
194:CompletedQuestOperator[3]
195:CompletedQuestOperator[4]
196:CompletedQuestOperator[5]
197:CompletedQuestOperator[6]
198:CompletedQuestOperator[7]
199:CompletedQuestOperator[8]
200:CompletedQuestOperator[9]
201:CompletedQuestOperator[10]
202:CompletedQuestOperator[11]
203:CompletedQuestOperator[12]
204:CompletedQuestOperator[13]
205:CompletedQuestOperator[14]
206:CompletedQuestOperator[15]
207:CompletedQuestOperator[16]
208:CompletedQuestOperator[17]
209:CompletedQuestOperator[18]
210:CompletedQuestOperator[19]
211:CompletedQuestOperator[20]
212:CompletedQuestOperator[21]
213:CompletedQuestOperator[22]
214:CompletedQuestOperator[23]
215:CompletedQuestOperator[24]
216:CompletedQuestOperator[25]
217:CompletedQuestOperator[26]
218:CompletedQuestOperator[27]
219:CompletedQuestOperator[28]
220:CompletedQuestOperator[29]
221:CompletedQuestOperator[30]
222:CompletedQuestOperator[31]
223:CompletedQuestOperator[32]
224:CompletedQuestOperator[33]
225:CompletedQuestOperator[34]
226:CompletedQuestOperator[35]
227:CompletedQuestOperator[36]
228:CompletedQuestOperator[37]
229:CompletedQuestOperator[38]
230:CompletedQuestOperator[39]
231:CompletedQuestOperator[40]
232:CompletedQuestOperator[41]
233:CompletedQuestOperator[42]
234:CompletedQuestOperator[43]
235:CompletedQuestOperator[44]
236:CompletedQuestOperator[45]
237:CompletedQuestOperator[46]
238:CompletedQuestOperator[47]
239:CompletedQuestOperator[48]
240:CompletedQuestOperator[49]
241:CompletedQuestOperator[50]
242:CompletedQuestOperator[51]
243:CompletedQuestOperator[52]
244:CompletedQuestOperator[53]
245:CompletedQuestOperator[54]
246:CompletedQuestOperator[55]
247:CompletedQuestOperator[56]
248:CompletedQuestOperator[57]
249:CompletedQuestOperator[58]
250:CompletedQuestOperator[59]
251:CompletedQuestOperator[60]
252:CompletedQuestOperator[61]
253:CompletedQuestOperator[62]
254:CompletedQuestOperator[63]
255:CompletedQuestOperator[64]
256:CompletedQuestOperator[65]
257:CompletedQuestOperator[66]
258:CompletedQuestOperator[67]
259:CompletedQuestOperator[68]
260:CompletedQuestOperator[69]
261:CompletedQuestOperator[70]
262:CompletedQuestOperator[71]
263:CompletedQuestOperator[72]
264:CompletedQuestOperator[73]
265:CompletedQuestOperator[74]
266:CompletedQuestOperator[75]
267:CompletedQuestOperator[76]
268:CompletedQuestOperator[77]
269:CompletedQuestOperator[78]
270:CompletedQuestOperator[79]
271:CompletedQuestOperator[80]
272:CompletedQuestOperator[81]
273:CompletedQuestOperator[82]
274:CompletedQuestOperator[83]
275:CompletedQuestOperator[84]
276:CompletedQuestOperator[85]
277:CompletedQuestOperator[86]
278:CompletedQuestOperator[87]
279:CompletedQuestOperator[88]
280:CompletedQuestOperator[89]
281:CompletedQuestOperator[90]
282:CompletedQuestOperator[91]
283:CompletedQuestOperator[92]
284:CompletedQuestOperator[93]
285:CompletedQuestOperator[94]
286:CompletedQuestOperator[95]
287:CompletedQuestOperator[96]
288:CompletedQuestOperator[97]
289:CompletedQuestOperator[98]
290:CompletedQuestOperator[99]
291:CompletedQuestOperator[100]
292:CompletedQuestOperator[101]
293:CompletedQuestOperator[102]
294:CompletedQuestOperator[103]
295:CompletedQuestOperator[104]
296:CompletedQuestOperator[105]
297:CompletedQuestOperator[106]
298:CompletedQuestOperator[107]
299:CompletedQuestOperator[108]
300:CompletedQuestOperator[109]
301:CompletedQuest[0][0]
302:CompletedQuest[0][1]
303:CompletedQuest[0][2]
304:CompletedQuest[0][3]
305:CompletedQuest[0][4]
306:CompletedQuest[0][5]
307:CompletedQuest[0][6]
308:CompletedQuest[0][7]
309:CompletedQuest[0][8]
310:CompletedQuest[0][9]
311:CompletedQuest[0][10]
312:CompletedQuest[0][11]
313:CompletedQuest[0][12]
314:CompletedQuest[0][13]
315:CompletedQuest[0][14]
316:CompletedQuest[0][15]
317:CompletedQuest[0][16]
318:CompletedQuest[0][17]
319:CompletedQuest[0][18]
320:CompletedQuest[0][19]
321:CompletedQuest[0][20]
322:CompletedQuest[0][21]
323:CompletedQuest[0][22]
324:CompletedQuest[0][23]
325:CompletedQuest[0][24]
326:CompletedQuest[0][25]
327:CompletedQuest[0][26]
328:CompletedQuest[0][27]
329:CompletedQuest[0][28]
330:CompletedQuest[0][29]
331:CompletedQuest[0][30]
332:CompletedQuest[0][31]
333:CompletedQuest[0][32]
334:CompletedQuest[0][33]
335:CompletedQuest[0][34]
336:CompletedQuest[0][35]
337:CompletedQuest[0][36]
338:CompletedQuest[0][37]
339:CompletedQuest[0][38]
340:CompletedQuest[0][39]
341:CompletedQuest[0][40]
342:CompletedQuest[0][41]
343:CompletedQuest[0][42]
344:CompletedQuest[0][43]
345:CompletedQuest[0][44]
346:CompletedQuest[0][45]
347:CompletedQuest[0][46]
348:CompletedQuest[0][47]
349:CompletedQuest[0][48]
350:CompletedQuest[0][49]
351:CompletedQuest[0][50]
352:CompletedQuest[0][51]
353:CompletedQuest[0][52]
354:CompletedQuest[0][53]
355:CompletedQuest[0][54]
356:CompletedQuest[0][55]
357:CompletedQuest[0][56]
358:CompletedQuest[0][57]
359:CompletedQuest[0][58]
360:CompletedQuest[0][59]
361:CompletedQuest[0][60]
362:CompletedQuest[0][61]
363:CompletedQuest[0][62]
364:CompletedQuest[0][63]
365:CompletedQuest[0][64]
366:CompletedQuest[0][65]
367:CompletedQuest[0][66]
368:CompletedQuest[0][67]
369:CompletedQuest[0][68]
370:CompletedQuest[0][69]
371:CompletedQuest[0][70]
372:CompletedQuest[0][71]
373:CompletedQuest[0][72]
374:CompletedQuest[0][73]
375:CompletedQuest[0][74]
376:CompletedQuest[0][75]
377:CompletedQuest[0][76]
378:CompletedQuest[0][77]
379:CompletedQuest[0][78]
380:CompletedQuest[0][79]
381:CompletedQuest[0][80]
382:CompletedQuest[0][81]
383:CompletedQuest[0][82]
384:CompletedQuest[0][83]
385:CompletedQuest[0][84]
386:CompletedQuest[0][85]
387:CompletedQuest[0][86]
388:CompletedQuest[0][87]
389:CompletedQuest[0][88]
390:CompletedQuest[0][89]
391:CompletedQuest[0][90]
392:CompletedQuest[0][91]
393:CompletedQuest[0][92]
394:CompletedQuest[0][93]
395:CompletedQuest[0][94]
396:CompletedQuest[0][95]
397:CompletedQuest[0][96]
398:CompletedQuest[0][97]
399:CompletedQuest[0][98]
400:CompletedQuest[0][99]
401:CompletedQuest[0][100]
402:CompletedQuest[0][101]
403:CompletedQuest[0][102]
404:CompletedQuest[0][103]
405:CompletedQuest[0][104]
406:CompletedQuest[0][105]
407:CompletedQuest[0][106]
408:CompletedQuest[0][107]
409:CompletedQuest[0][108]
410:CompletedQuest[0][109]
411:CompletedQuest[1][0]
412:CompletedQuest[1][1]
413:CompletedQuest[1][2]
414:CompletedQuest[1][3]
415:CompletedQuest[1][4]
416:CompletedQuest[1][5]
417:CompletedQuest[1][6]
418:CompletedQuest[1][7]
419:CompletedQuest[1][8]
420:CompletedQuest[1][9]
421:CompletedQuest[1][10]
422:CompletedQuest[1][11]
423:CompletedQuest[1][12]
424:CompletedQuest[1][13]
425:CompletedQuest[1][14]
426:CompletedQuest[1][15]
427:CompletedQuest[1][16]
428:CompletedQuest[1][17]
429:CompletedQuest[1][18]
430:CompletedQuest[1][19]
431:CompletedQuest[1][20]
432:CompletedQuest[1][21]
433:CompletedQuest[1][22]
434:CompletedQuest[1][23]
435:CompletedQuest[1][24]
436:CompletedQuest[1][25]
437:CompletedQuest[1][26]
438:CompletedQuest[1][27]
439:CompletedQuest[1][28]
440:CompletedQuest[1][29]
441:CompletedQuest[1][30]
442:CompletedQuest[1][31]
443:CompletedQuest[1][32]
444:CompletedQuest[1][33]
445:CompletedQuest[1][34]
446:CompletedQuest[1][35]
447:CompletedQuest[1][36]
448:CompletedQuest[1][37]
449:CompletedQuest[1][38]
450:CompletedQuest[1][39]
451:CompletedQuest[1][40]
452:CompletedQuest[1][41]
453:CompletedQuest[1][42]
454:CompletedQuest[1][43]
455:CompletedQuest[1][44]
456:CompletedQuest[1][45]
457:CompletedQuest[1][46]
458:CompletedQuest[1][47]
459:CompletedQuest[1][48]
460:CompletedQuest[1][49]
461:CompletedQuest[1][50]
462:CompletedQuest[1][51]
463:CompletedQuest[1][52]
464:CompletedQuest[1][53]
465:CompletedQuest[1][54]
466:CompletedQuest[1][55]
467:CompletedQuest[1][56]
468:CompletedQuest[1][57]
469:CompletedQuest[1][58]
470:CompletedQuest[1][59]
471:CompletedQuest[1][60]
472:CompletedQuest[1][61]
473:CompletedQuest[1][62]
474:CompletedQuest[1][63]
475:CompletedQuest[1][64]
476:CompletedQuest[1][65]
477:CompletedQuest[1][66]
478:CompletedQuest[1][67]
479:CompletedQuest[1][68]
480:CompletedQuest[1][69]
481:CompletedQuest[1][70]
482:CompletedQuest[1][71]
483:CompletedQuest[1][72]
484:CompletedQuest[1][73]
485:CompletedQuest[1][74]
486:CompletedQuest[1][75]
487:CompletedQuest[1][76]
488:CompletedQuest[1][77]
489:CompletedQuest[1][78]
490:CompletedQuest[1][79]
491:CompletedQuest[1][80]
492:CompletedQuest[1][81]
493:CompletedQuest[1][82]
494:CompletedQuest[1][83]
495:CompletedQuest[1][84]
496:CompletedQuest[1][85]
497:CompletedQuest[1][86]
498:CompletedQuest[1][87]
499:CompletedQuest[1][88]
500:CompletedQuest[1][89]
501:CompletedQuest[1][90]
502:CompletedQuest[1][91]
503:CompletedQuest[1][92]
504:CompletedQuest[1][93]
505:CompletedQuest[1][94]
506:CompletedQuest[1][95]
507:CompletedQuest[1][96]
508:CompletedQuest[1][97]
509:CompletedQuest[1][98]
510:CompletedQuest[1][99]
511:CompletedQuest[1][100]
512:CompletedQuest[1][101]
513:CompletedQuest[1][102]
514:CompletedQuest[1][103]
515:CompletedQuest[1][104]
516:CompletedQuest[1][105]
517:CompletedQuest[1][106]
518:CompletedQuest[1][107]
519:CompletedQuest[1][108]
520:CompletedQuest[1][109]
521:CompletedQuest[2][0]
522:CompletedQuest[2][1]
523:CompletedQuest[2][2]
524:CompletedQuest[2][3]
525:CompletedQuest[2][4]
526:CompletedQuest[2][5]
527:CompletedQuest[2][6]
528:CompletedQuest[2][7]
529:CompletedQuest[2][8]
530:CompletedQuest[2][9]
531:CompletedQuest[2][10]
532:CompletedQuest[2][11]
533:CompletedQuest[2][12]
534:CompletedQuest[2][13]
535:CompletedQuest[2][14]
536:CompletedQuest[2][15]
537:CompletedQuest[2][16]
538:CompletedQuest[2][17]
539:CompletedQuest[2][18]
540:CompletedQuest[2][19]
541:CompletedQuest[2][20]
542:CompletedQuest[2][21]
543:CompletedQuest[2][22]
544:CompletedQuest[2][23]
545:CompletedQuest[2][24]
546:CompletedQuest[2][25]
547:CompletedQuest[2][26]
548:CompletedQuest[2][27]
549:CompletedQuest[2][28]
550:CompletedQuest[2][29]
551:CompletedQuest[2][30]
552:CompletedQuest[2][31]
553:CompletedQuest[2][32]
554:CompletedQuest[2][33]
555:CompletedQuest[2][34]
556:CompletedQuest[2][35]
557:CompletedQuest[2][36]
558:CompletedQuest[2][37]
559:CompletedQuest[2][38]
560:CompletedQuest[2][39]
561:CompletedQuest[2][40]
562:CompletedQuest[2][41]
563:CompletedQuest[2][42]
564:CompletedQuest[2][43]
565:CompletedQuest[2][44]
566:CompletedQuest[2][45]
567:CompletedQuest[2][46]
568:CompletedQuest[2][47]
569:CompletedQuest[2][48]
570:CompletedQuest[2][49]
571:CompletedQuest[2][50]
572:CompletedQuest[2][51]
573:CompletedQuest[2][52]
574:CompletedQuest[2][53]
575:CompletedQuest[2][54]
576:CompletedQuest[2][55]
577:CompletedQuest[2][56]
578:CompletedQuest[2][57]
579:CompletedQuest[2][58]
580:CompletedQuest[2][59]
581:CompletedQuest[2][60]
582:CompletedQuest[2][61]
583:CompletedQuest[2][62]
584:CompletedQuest[2][63]
585:CompletedQuest[2][64]
586:CompletedQuest[2][65]
587:CompletedQuest[2][66]
588:CompletedQuest[2][67]
589:CompletedQuest[2][68]
590:CompletedQuest[2][69]
591:CompletedQuest[2][70]
592:CompletedQuest[2][71]
593:CompletedQuest[2][72]
594:CompletedQuest[2][73]
595:CompletedQuest[2][74]
596:CompletedQuest[2][75]
597:CompletedQuest[2][76]
598:CompletedQuest[2][77]
599:CompletedQuest[2][78]
600:CompletedQuest[2][79]
601:CompletedQuest[2][80]
602:CompletedQuest[2][81]
603:CompletedQuest[2][82]
604:CompletedQuest[2][83]
605:CompletedQuest[2][84]
606:CompletedQuest[2][85]
607:CompletedQuest[2][86]
608:CompletedQuest[2][87]
609:CompletedQuest[2][88]
610:CompletedQuest[2][89]
611:CompletedQuest[2][90]
612:CompletedQuest[2][91]
613:CompletedQuest[2][92]
614:CompletedQuest[2][93]
615:CompletedQuest[2][94]
616:CompletedQuest[2][95]
617:CompletedQuest[2][96]
618:CompletedQuest[2][97]
619:CompletedQuest[2][98]
620:CompletedQuest[2][99]
621:CompletedQuest[2][100]
622:CompletedQuest[2][101]
623:CompletedQuest[2][102]
624:CompletedQuest[2][103]
625:CompletedQuest[2][104]
626:CompletedQuest[2][105]
627:CompletedQuest[2][106]
628:CompletedQuest[2][107]
629:CompletedQuest[2][108]
630:CompletedQuest[2][109]
631:AcceptedQuestOperator[0]
632:AcceptedQuestOperator[1]
633:AcceptedQuestOperator[2]
634:AcceptedQuestOperator[3]
635:AcceptedQuestOperator[4]
636:AcceptedQuestOperator[5]
637:AcceptedQuestOperator[6]
638:AcceptedQuestOperator[7]
639:AcceptedQuestOperator[8]
640:AcceptedQuestOperator[9]
641:AcceptedQuestOperator[10]
642:AcceptedQuestOperator[11]
643:AcceptedQuestOperator[12]
644:AcceptedQuestOperator[13]
645:AcceptedQuestOperator[14]
646:AcceptedQuestOperator[15]
647:AcceptedQuestOperator[16]
648:AcceptedQuestOperator[17]
649:AcceptedQuestOperator[18]
650:AcceptedQuestOperator[19]
651:AcceptedQuestOperator[20]
652:AcceptedQuestOperator[21]
653:AcceptedQuestOperator[22]
654:AcceptedQuestOperator[23]
655:AcceptedQuestOperator[24]
656:AcceptedQuestOperator[25]
657:AcceptedQuestOperator[26]
658:AcceptedQuestOperator[27]
659:AcceptedQuestOperator[28]
660:AcceptedQuestOperator[29]
661:AcceptedQuestOperator[30]
662:AcceptedQuestOperator[31]
663:AcceptedQuestOperator[32]
664:AcceptedQuestOperator[33]
665:AcceptedQuestOperator[34]
666:AcceptedQuestOperator[35]
667:AcceptedQuestOperator[36]
668:AcceptedQuestOperator[37]
669:AcceptedQuestOperator[38]
670:AcceptedQuestOperator[39]
671:AcceptedQuestOperator[40]
672:AcceptedQuestOperator[41]
673:AcceptedQuestOperator[42]
674:AcceptedQuestOperator[43]
675:AcceptedQuestOperator[44]
676:AcceptedQuestOperator[45]
677:AcceptedQuestOperator[46]
678:AcceptedQuestOperator[47]
679:AcceptedQuestOperator[48]
680:AcceptedQuestOperator[49]
681:AcceptedQuestOperator[50]
682:AcceptedQuestOperator[51]
683:AcceptedQuestOperator[52]
684:AcceptedQuestOperator[53]
685:AcceptedQuestOperator[54]
686:AcceptedQuestOperator[55]
687:AcceptedQuestOperator[56]
688:AcceptedQuestOperator[57]
689:AcceptedQuestOperator[58]
690:AcceptedQuestOperator[59]
691:AcceptedQuestOperator[60]
692:AcceptedQuestOperator[61]
693:AcceptedQuestOperator[62]
694:AcceptedQuestOperator[63]
695:AcceptedQuestOperator[64]
696:AcceptedQuestOperator[65]
697:AcceptedQuestOperator[66]
698:AcceptedQuestOperator[67]
699:AcceptedQuestOperator[68]
700:AcceptedQuestOperator[69]
701:AcceptedQuestOperator[70]
702:AcceptedQuestOperator[71]
703:AcceptedQuestOperator[72]
704:AcceptedQuestOperator[73]
705:AcceptedQuestOperator[74]
706:AcceptedQuestOperator[75]
707:AcceptedQuestOperator[76]
708:AcceptedQuestOperator[77]
709:AcceptedQuestOperator[78]
710:AcceptedQuestOperator[79]
711:AcceptedQuestOperator[80]
712:AcceptedQuestOperator[81]
713:AcceptedQuestOperator[82]
714:AcceptedQuestOperator[83]
715:AcceptedQuestOperator[84]
716:AcceptedQuestOperator[85]
717:AcceptedQuestOperator[86]
718:AcceptedQuestOperator[87]
719:AcceptedQuestOperator[88]
720:AcceptedQuestOperator[89]
721:AcceptedQuestOperator[90]
722:AcceptedQuestOperator[91]
723:AcceptedQuestOperator[92]
724:AcceptedQuestOperator[93]
725:AcceptedQuestOperator[94]
726:AcceptedQuestOperator[95]
727:AcceptedQuestOperator[96]
728:AcceptedQuestOperator[97]
729:AcceptedQuestOperator[98]
730:AcceptedQuestOperator[99]
731:AcceptedQuestOperator[100]
732:AcceptedQuestOperator[101]
733:AcceptedQuestOperator[102]
734:AcceptedQuestOperator[103]
735:AcceptedQuestOperator[104]
736:AcceptedQuestOperator[105]
737:AcceptedQuestOperator[106]
738:AcceptedQuestOperator[107]
739:AcceptedQuestOperator[108]
740:AcceptedQuestOperator[109]
741:AcceptedQuest[0][0]
742:AcceptedQuest[0][1]
743:AcceptedQuest[0][2]
744:AcceptedQuest[0][3]
745:AcceptedQuest[0][4]
746:AcceptedQuest[0][5]
747:AcceptedQuest[0][6]
748:AcceptedQuest[0][7]
749:AcceptedQuest[0][8]
750:AcceptedQuest[0][9]
751:AcceptedQuest[0][10]
752:AcceptedQuest[0][11]
753:AcceptedQuest[0][12]
754:AcceptedQuest[0][13]
755:AcceptedQuest[0][14]
756:AcceptedQuest[0][15]
757:AcceptedQuest[0][16]
758:AcceptedQuest[0][17]
759:AcceptedQuest[0][18]
760:AcceptedQuest[0][19]
761:AcceptedQuest[0][20]
762:AcceptedQuest[0][21]
763:AcceptedQuest[0][22]
764:AcceptedQuest[0][23]
765:AcceptedQuest[0][24]
766:AcceptedQuest[0][25]
767:AcceptedQuest[0][26]
768:AcceptedQuest[0][27]
769:AcceptedQuest[0][28]
770:AcceptedQuest[0][29]
771:AcceptedQuest[0][30]
772:AcceptedQuest[0][31]
773:AcceptedQuest[0][32]
774:AcceptedQuest[0][33]
775:AcceptedQuest[0][34]
776:AcceptedQuest[0][35]
777:AcceptedQuest[0][36]
778:AcceptedQuest[0][37]
779:AcceptedQuest[0][38]
780:AcceptedQuest[0][39]
781:AcceptedQuest[0][40]
782:AcceptedQuest[0][41]
783:AcceptedQuest[0][42]
784:AcceptedQuest[0][43]
785:AcceptedQuest[0][44]
786:AcceptedQuest[0][45]
787:AcceptedQuest[0][46]
788:AcceptedQuest[0][47]
789:AcceptedQuest[0][48]
790:AcceptedQuest[0][49]
791:AcceptedQuest[0][50]
792:AcceptedQuest[0][51]
793:AcceptedQuest[0][52]
794:AcceptedQuest[0][53]
795:AcceptedQuest[0][54]
796:AcceptedQuest[0][55]
797:AcceptedQuest[0][56]
798:AcceptedQuest[0][57]
799:AcceptedQuest[0][58]
800:AcceptedQuest[0][59]
801:AcceptedQuest[0][60]
802:AcceptedQuest[0][61]
803:AcceptedQuest[0][62]
804:AcceptedQuest[0][63]
805:AcceptedQuest[0][64]
806:AcceptedQuest[0][65]
807:AcceptedQuest[0][66]
808:AcceptedQuest[0][67]
809:AcceptedQuest[0][68]
810:AcceptedQuest[0][69]
811:AcceptedQuest[0][70]
812:AcceptedQuest[0][71]
813:AcceptedQuest[0][72]
814:AcceptedQuest[0][73]
815:AcceptedQuest[0][74]
816:AcceptedQuest[0][75]
817:AcceptedQuest[0][76]
818:AcceptedQuest[0][77]
819:AcceptedQuest[0][78]
820:AcceptedQuest[0][79]
821:AcceptedQuest[0][80]
822:AcceptedQuest[0][81]
823:AcceptedQuest[0][82]
824:AcceptedQuest[0][83]
825:AcceptedQuest[0][84]
826:AcceptedQuest[0][85]
827:AcceptedQuest[0][86]
828:AcceptedQuest[0][87]
829:AcceptedQuest[0][88]
830:AcceptedQuest[0][89]
831:AcceptedQuest[0][90]
832:AcceptedQuest[0][91]
833:AcceptedQuest[0][92]
834:AcceptedQuest[0][93]
835:AcceptedQuest[0][94]
836:AcceptedQuest[0][95]
837:AcceptedQuest[0][96]
838:AcceptedQuest[0][97]
839:AcceptedQuest[0][98]
840:AcceptedQuest[0][99]
841:AcceptedQuest[0][100]
842:AcceptedQuest[0][101]
843:AcceptedQuest[0][102]
844:AcceptedQuest[0][103]
845:AcceptedQuest[0][104]
846:AcceptedQuest[0][105]
847:AcceptedQuest[0][106]
848:AcceptedQuest[0][107]
849:AcceptedQuest[0][108]
850:AcceptedQuest[0][109]
851:AcceptedQuestSequence[0][0]
852:AcceptedQuestSequence[0][1]
853:AcceptedQuestSequence[0][2]
854:AcceptedQuestSequence[0][3]
855:AcceptedQuestSequence[0][4]
856:AcceptedQuestSequence[0][5]
857:AcceptedQuestSequence[0][6]
858:AcceptedQuestSequence[0][7]
859:AcceptedQuestSequence[0][8]
860:AcceptedQuestSequence[0][9]
861:AcceptedQuestSequence[0][10]
862:AcceptedQuestSequence[0][11]
863:AcceptedQuestSequence[0][12]
864:AcceptedQuestSequence[0][13]
865:AcceptedQuestSequence[0][14]
866:AcceptedQuestSequence[0][15]
867:AcceptedQuestSequence[0][16]
868:AcceptedQuestSequence[0][17]
869:AcceptedQuestSequence[0][18]
870:AcceptedQuestSequence[0][19]
871:AcceptedQuestSequence[0][20]
872:AcceptedQuestSequence[0][21]
873:AcceptedQuestSequence[0][22]
874:AcceptedQuestSequence[0][23]
875:AcceptedQuestSequence[0][24]
876:AcceptedQuestSequence[0][25]
877:AcceptedQuestSequence[0][26]
878:AcceptedQuestSequence[0][27]
879:AcceptedQuestSequence[0][28]
880:AcceptedQuestSequence[0][29]
881:AcceptedQuestSequence[0][30]
882:AcceptedQuestSequence[0][31]
883:AcceptedQuestSequence[0][32]
884:AcceptedQuestSequence[0][33]
885:AcceptedQuestSequence[0][34]
886:AcceptedQuestSequence[0][35]
887:AcceptedQuestSequence[0][36]
888:AcceptedQuestSequence[0][37]
889:AcceptedQuestSequence[0][38]
890:AcceptedQuestSequence[0][39]
891:AcceptedQuestSequence[0][40]
892:AcceptedQuestSequence[0][41]
893:AcceptedQuestSequence[0][42]
894:AcceptedQuestSequence[0][43]
895:AcceptedQuestSequence[0][44]
896:AcceptedQuestSequence[0][45]
897:AcceptedQuestSequence[0][46]
898:AcceptedQuestSequence[0][47]
899:AcceptedQuestSequence[0][48]
900:AcceptedQuestSequence[0][49]
901:AcceptedQuestSequence[0][50]
902:AcceptedQuestSequence[0][51]
903:AcceptedQuestSequence[0][52]
904:AcceptedQuestSequence[0][53]
905:AcceptedQuestSequence[0][54]
906:AcceptedQuestSequence[0][55]
907:AcceptedQuestSequence[0][56]
908:AcceptedQuestSequence[0][57]
909:AcceptedQuestSequence[0][58]
910:AcceptedQuestSequence[0][59]
911:AcceptedQuestSequence[0][60]
912:AcceptedQuestSequence[0][61]
913:AcceptedQuestSequence[0][62]
914:AcceptedQuestSequence[0][63]
915:AcceptedQuestSequence[0][64]
916:AcceptedQuestSequence[0][65]
917:AcceptedQuestSequence[0][66]
918:AcceptedQuestSequence[0][67]
919:AcceptedQuestSequence[0][68]
920:AcceptedQuestSequence[0][69]
921:AcceptedQuestSequence[0][70]
922:AcceptedQuestSequence[0][71]
923:AcceptedQuestSequence[0][72]
924:AcceptedQuestSequence[0][73]
925:AcceptedQuestSequence[0][74]
926:AcceptedQuestSequence[0][75]
927:AcceptedQuestSequence[0][76]
928:AcceptedQuestSequence[0][77]
929:AcceptedQuestSequence[0][78]
930:AcceptedQuestSequence[0][79]
931:AcceptedQuestSequence[0][80]
932:AcceptedQuestSequence[0][81]
933:AcceptedQuestSequence[0][82]
934:AcceptedQuestSequence[0][83]
935:AcceptedQuestSequence[0][84]
936:AcceptedQuestSequence[0][85]
937:AcceptedQuestSequence[0][86]
938:AcceptedQuestSequence[0][87]
939:AcceptedQuestSequence[0][88]
940:AcceptedQuestSequence[0][89]
941:AcceptedQuestSequence[0][90]
942:AcceptedQuestSequence[0][91]
943:AcceptedQuestSequence[0][92]
944:AcceptedQuestSequence[0][93]
945:AcceptedQuestSequence[0][94]
946:AcceptedQuestSequence[0][95]
947:AcceptedQuestSequence[0][96]
948:AcceptedQuestSequence[0][97]
949:AcceptedQuestSequence[0][98]
950:AcceptedQuestSequence[0][99]
951:AcceptedQuestSequence[0][100]
952:AcceptedQuestSequence[0][101]
953:AcceptedQuestSequence[0][102]
954:AcceptedQuestSequence[0][103]
955:AcceptedQuestSequence[0][104]
956:AcceptedQuestSequence[0][105]
957:AcceptedQuestSequence[0][106]
958:AcceptedQuestSequence[0][107]
959:AcceptedQuestSequence[0][108]
960:AcceptedQuestSequence[0][109]
961:AcceptedQuest[1][0]
962:AcceptedQuest[1][1]
963:AcceptedQuest[1][2]
964:AcceptedQuest[1][3]
965:AcceptedQuest[1][4]
966:AcceptedQuest[1][5]
967:AcceptedQuest[1][6]
968:AcceptedQuest[1][7]
969:AcceptedQuest[1][8]
970:AcceptedQuest[1][9]
971:AcceptedQuest[1][10]
972:AcceptedQuest[1][11]
973:AcceptedQuest[1][12]
974:AcceptedQuest[1][13]
975:AcceptedQuest[1][14]
976:AcceptedQuest[1][15]
977:AcceptedQuest[1][16]
978:AcceptedQuest[1][17]
979:AcceptedQuest[1][18]
980:AcceptedQuest[1][19]
981:AcceptedQuest[1][20]
982:AcceptedQuest[1][21]
983:AcceptedQuest[1][22]
984:AcceptedQuest[1][23]
985:AcceptedQuest[1][24]
986:AcceptedQuest[1][25]
987:AcceptedQuest[1][26]
988:AcceptedQuest[1][27]
989:AcceptedQuest[1][28]
990:AcceptedQuest[1][29]
991:AcceptedQuest[1][30]
992:AcceptedQuest[1][31]
993:AcceptedQuest[1][32]
994:AcceptedQuest[1][33]
995:AcceptedQuest[1][34]
996:AcceptedQuest[1][35]
997:AcceptedQuest[1][36]
998:AcceptedQuest[1][37]
999:AcceptedQuest[1][38]
1000:AcceptedQuest[1][39]
1001:AcceptedQuest[1][40]
1002:AcceptedQuest[1][41]
1003:AcceptedQuest[1][42]
1004:AcceptedQuest[1][43]
1005:AcceptedQuest[1][44]
1006:AcceptedQuest[1][45]
1007:AcceptedQuest[1][46]
1008:AcceptedQuest[1][47]
1009:AcceptedQuest[1][48]
1010:AcceptedQuest[1][49]
1011:AcceptedQuest[1][50]
1012:AcceptedQuest[1][51]
1013:AcceptedQuest[1][52]
1014:AcceptedQuest[1][53]
1015:AcceptedQuest[1][54]
1016:AcceptedQuest[1][55]
1017:AcceptedQuest[1][56]
1018:AcceptedQuest[1][57]
1019:AcceptedQuest[1][58]
1020:AcceptedQuest[1][59]
1021:AcceptedQuest[1][60]
1022:AcceptedQuest[1][61]
1023:AcceptedQuest[1][62]
1024:AcceptedQuest[1][63]
1025:AcceptedQuest[1][64]
1026:AcceptedQuest[1][65]
1027:AcceptedQuest[1][66]
1028:AcceptedQuest[1][67]
1029:AcceptedQuest[1][68]
1030:AcceptedQuest[1][69]
1031:AcceptedQuest[1][70]
1032:AcceptedQuest[1][71]
1033:AcceptedQuest[1][72]
1034:AcceptedQuest[1][73]
1035:AcceptedQuest[1][74]
1036:AcceptedQuest[1][75]
1037:AcceptedQuest[1][76]
1038:AcceptedQuest[1][77]
1039:AcceptedQuest[1][78]
1040:AcceptedQuest[1][79]
1041:AcceptedQuest[1][80]
1042:AcceptedQuest[1][81]
1043:AcceptedQuest[1][82]
1044:AcceptedQuest[1][83]
1045:AcceptedQuest[1][84]
1046:AcceptedQuest[1][85]
1047:AcceptedQuest[1][86]
1048:AcceptedQuest[1][87]
1049:AcceptedQuest[1][88]
1050:AcceptedQuest[1][89]
1051:AcceptedQuest[1][90]
1052:AcceptedQuest[1][91]
1053:AcceptedQuest[1][92]
1054:AcceptedQuest[1][93]
1055:AcceptedQuest[1][94]
1056:AcceptedQuest[1][95]
1057:AcceptedQuest[1][96]
1058:AcceptedQuest[1][97]
1059:AcceptedQuest[1][98]
1060:AcceptedQuest[1][99]
1061:AcceptedQuest[1][100]
1062:AcceptedQuest[1][101]
1063:AcceptedQuest[1][102]
1064:AcceptedQuest[1][103]
1065:AcceptedQuest[1][104]
1066:AcceptedQuest[1][105]
1067:AcceptedQuest[1][106]
1068:AcceptedQuest[1][107]
1069:AcceptedQuest[1][108]
1070:AcceptedQuest[1][109]
1071:AcceptedQuestSequence[1][0]
1072:AcceptedQuestSequence[1][1]
1073:AcceptedQuestSequence[1][2]
1074:AcceptedQuestSequence[1][3]
1075:AcceptedQuestSequence[1][4]
1076:AcceptedQuestSequence[1][5]
1077:AcceptedQuestSequence[1][6]
1078:AcceptedQuestSequence[1][7]
1079:AcceptedQuestSequence[1][8]
1080:AcceptedQuestSequence[1][9]
1081:AcceptedQuestSequence[1][10]
1082:AcceptedQuestSequence[1][11]
1083:AcceptedQuestSequence[1][12]
1084:AcceptedQuestSequence[1][13]
1085:AcceptedQuestSequence[1][14]
1086:AcceptedQuestSequence[1][15]
1087:AcceptedQuestSequence[1][16]
1088:AcceptedQuestSequence[1][17]
1089:AcceptedQuestSequence[1][18]
1090:AcceptedQuestSequence[1][19]
1091:AcceptedQuestSequence[1][20]
1092:AcceptedQuestSequence[1][21]
1093:AcceptedQuestSequence[1][22]
1094:AcceptedQuestSequence[1][23]
1095:AcceptedQuestSequence[1][24]
1096:AcceptedQuestSequence[1][25]
1097:AcceptedQuestSequence[1][26]
1098:AcceptedQuestSequence[1][27]
1099:AcceptedQuestSequence[1][28]
1100:AcceptedQuestSequence[1][29]
1101:AcceptedQuestSequence[1][30]
1102:AcceptedQuestSequence[1][31]
1103:AcceptedQuestSequence[1][32]
1104:AcceptedQuestSequence[1][33]
1105:AcceptedQuestSequence[1][34]
1106:AcceptedQuestSequence[1][35]
1107:AcceptedQuestSequence[1][36]
1108:AcceptedQuestSequence[1][37]
1109:AcceptedQuestSequence[1][38]
1110:AcceptedQuestSequence[1][39]
1111:AcceptedQuestSequence[1][40]
1112:AcceptedQuestSequence[1][41]
1113:AcceptedQuestSequence[1][42]
1114:AcceptedQuestSequence[1][43]
1115:AcceptedQuestSequence[1][44]
1116:AcceptedQuestSequence[1][45]
1117:AcceptedQuestSequence[1][46]
1118:AcceptedQuestSequence[1][47]
1119:AcceptedQuestSequence[1][48]
1120:AcceptedQuestSequence[1][49]
1121:AcceptedQuestSequence[1][50]
1122:AcceptedQuestSequence[1][51]
1123:AcceptedQuestSequence[1][52]
1124:AcceptedQuestSequence[1][53]
1125:AcceptedQuestSequence[1][54]
1126:AcceptedQuestSequence[1][55]
1127:AcceptedQuestSequence[1][56]
1128:AcceptedQuestSequence[1][57]
1129:AcceptedQuestSequence[1][58]
1130:AcceptedQuestSequence[1][59]
1131:AcceptedQuestSequence[1][60]
1132:AcceptedQuestSequence[1][61]
1133:AcceptedQuestSequence[1][62]
1134:AcceptedQuestSequence[1][63]
1135:AcceptedQuestSequence[1][64]
1136:AcceptedQuestSequence[1][65]
1137:AcceptedQuestSequence[1][66]
1138:AcceptedQuestSequence[1][67]
1139:AcceptedQuestSequence[1][68]
1140:AcceptedQuestSequence[1][69]
1141:AcceptedQuestSequence[1][70]
1142:AcceptedQuestSequence[1][71]
1143:AcceptedQuestSequence[1][72]
1144:AcceptedQuestSequence[1][73]
1145:AcceptedQuestSequence[1][74]
1146:AcceptedQuestSequence[1][75]
1147:AcceptedQuestSequence[1][76]
1148:AcceptedQuestSequence[1][77]
1149:AcceptedQuestSequence[1][78]
1150:AcceptedQuestSequence[1][79]
1151:AcceptedQuestSequence[1][80]
1152:AcceptedQuestSequence[1][81]
1153:AcceptedQuestSequence[1][82]
1154:AcceptedQuestSequence[1][83]
1155:AcceptedQuestSequence[1][84]
1156:AcceptedQuestSequence[1][85]
1157:AcceptedQuestSequence[1][86]
1158:AcceptedQuestSequence[1][87]
1159:AcceptedQuestSequence[1][88]
1160:AcceptedQuestSequence[1][89]
1161:AcceptedQuestSequence[1][90]
1162:AcceptedQuestSequence[1][91]
1163:AcceptedQuestSequence[1][92]
1164:AcceptedQuestSequence[1][93]
1165:AcceptedQuestSequence[1][94]
1166:AcceptedQuestSequence[1][95]
1167:AcceptedQuestSequence[1][96]
1168:AcceptedQuestSequence[1][97]
1169:AcceptedQuestSequence[1][98]
1170:AcceptedQuestSequence[1][99]
1171:AcceptedQuestSequence[1][100]
1172:AcceptedQuestSequence[1][101]
1173:AcceptedQuestSequence[1][102]
1174:AcceptedQuestSequence[1][103]
1175:AcceptedQuestSequence[1][104]
1176:AcceptedQuestSequence[1][105]
1177:AcceptedQuestSequence[1][106]
1178:AcceptedQuestSequence[1][107]
1179:AcceptedQuestSequence[1][108]
1180:AcceptedQuestSequence[1][109]
1181:AcceptedQuest[2][0]
1182:AcceptedQuest[2][1]
1183:AcceptedQuest[2][2]
1184:AcceptedQuest[2][3]
1185:AcceptedQuest[2][4]
1186:AcceptedQuest[2][5]
1187:AcceptedQuest[2][6]
1188:AcceptedQuest[2][7]
1189:AcceptedQuest[2][8]
1190:AcceptedQuest[2][9]
1191:AcceptedQuest[2][10]
1192:AcceptedQuest[2][11]
1193:AcceptedQuest[2][12]
1194:AcceptedQuest[2][13]
1195:AcceptedQuest[2][14]
1196:AcceptedQuest[2][15]
1197:AcceptedQuest[2][16]
1198:AcceptedQuest[2][17]
1199:AcceptedQuest[2][18]
1200:AcceptedQuest[2][19]
1201:AcceptedQuest[2][20]
1202:AcceptedQuest[2][21]
1203:AcceptedQuest[2][22]
1204:AcceptedQuest[2][23]
1205:AcceptedQuest[2][24]
1206:AcceptedQuest[2][25]
1207:AcceptedQuest[2][26]
1208:AcceptedQuest[2][27]
1209:AcceptedQuest[2][28]
1210:AcceptedQuest[2][29]
1211:AcceptedQuest[2][30]
1212:AcceptedQuest[2][31]
1213:AcceptedQuest[2][32]
1214:AcceptedQuest[2][33]
1215:AcceptedQuest[2][34]
1216:AcceptedQuest[2][35]
1217:AcceptedQuest[2][36]
1218:AcceptedQuest[2][37]
1219:AcceptedQuest[2][38]
1220:AcceptedQuest[2][39]
1221:AcceptedQuest[2][40]
1222:AcceptedQuest[2][41]
1223:AcceptedQuest[2][42]
1224:AcceptedQuest[2][43]
1225:AcceptedQuest[2][44]
1226:AcceptedQuest[2][45]
1227:AcceptedQuest[2][46]
1228:AcceptedQuest[2][47]
1229:AcceptedQuest[2][48]
1230:AcceptedQuest[2][49]
1231:AcceptedQuest[2][50]
1232:AcceptedQuest[2][51]
1233:AcceptedQuest[2][52]
1234:AcceptedQuest[2][53]
1235:AcceptedQuest[2][54]
1236:AcceptedQuest[2][55]
1237:AcceptedQuest[2][56]
1238:AcceptedQuest[2][57]
1239:AcceptedQuest[2][58]
1240:AcceptedQuest[2][59]
1241:AcceptedQuest[2][60]
1242:AcceptedQuest[2][61]
1243:AcceptedQuest[2][62]
1244:AcceptedQuest[2][63]
1245:AcceptedQuest[2][64]
1246:AcceptedQuest[2][65]
1247:AcceptedQuest[2][66]
1248:AcceptedQuest[2][67]
1249:AcceptedQuest[2][68]
1250:AcceptedQuest[2][69]
1251:AcceptedQuest[2][70]
1252:AcceptedQuest[2][71]
1253:AcceptedQuest[2][72]
1254:AcceptedQuest[2][73]
1255:AcceptedQuest[2][74]
1256:AcceptedQuest[2][75]
1257:AcceptedQuest[2][76]
1258:AcceptedQuest[2][77]
1259:AcceptedQuest[2][78]
1260:AcceptedQuest[2][79]
1261:AcceptedQuest[2][80]
1262:AcceptedQuest[2][81]
1263:AcceptedQuest[2][82]
1264:AcceptedQuest[2][83]
1265:AcceptedQuest[2][84]
1266:AcceptedQuest[2][85]
1267:AcceptedQuest[2][86]
1268:AcceptedQuest[2][87]
1269:AcceptedQuest[2][88]
1270:AcceptedQuest[2][89]
1271:AcceptedQuest[2][90]
1272:AcceptedQuest[2][91]
1273:AcceptedQuest[2][92]
1274:AcceptedQuest[2][93]
1275:AcceptedQuest[2][94]
1276:AcceptedQuest[2][95]
1277:AcceptedQuest[2][96]
1278:AcceptedQuest[2][97]
1279:AcceptedQuest[2][98]
1280:AcceptedQuest[2][99]
1281:AcceptedQuest[2][100]
1282:AcceptedQuest[2][101]
1283:AcceptedQuest[2][102]
1284:AcceptedQuest[2][103]
1285:AcceptedQuest[2][104]
1286:AcceptedQuest[2][105]
1287:AcceptedQuest[2][106]
1288:AcceptedQuest[2][107]
1289:AcceptedQuest[2][108]
1290:AcceptedQuest[2][109]
1291:AcceptedQuestSequence[2][0]
1292:AcceptedQuestSequence[2][1]
1293:AcceptedQuestSequence[2][2]
1294:AcceptedQuestSequence[2][3]
1295:AcceptedQuestSequence[2][4]
1296:AcceptedQuestSequence[2][5]
1297:AcceptedQuestSequence[2][6]
1298:AcceptedQuestSequence[2][7]
1299:AcceptedQuestSequence[2][8]
1300:AcceptedQuestSequence[2][9]
1301:AcceptedQuestSequence[2][10]
1302:AcceptedQuestSequence[2][11]
1303:AcceptedQuestSequence[2][12]
1304:AcceptedQuestSequence[2][13]
1305:AcceptedQuestSequence[2][14]
1306:AcceptedQuestSequence[2][15]
1307:AcceptedQuestSequence[2][16]
1308:AcceptedQuestSequence[2][17]
1309:AcceptedQuestSequence[2][18]
1310:AcceptedQuestSequence[2][19]
1311:AcceptedQuestSequence[2][20]
1312:AcceptedQuestSequence[2][21]
1313:AcceptedQuestSequence[2][22]
1314:AcceptedQuestSequence[2][23]
1315:AcceptedQuestSequence[2][24]
1316:AcceptedQuestSequence[2][25]
1317:AcceptedQuestSequence[2][26]
1318:AcceptedQuestSequence[2][27]
1319:AcceptedQuestSequence[2][28]
1320:AcceptedQuestSequence[2][29]
1321:AcceptedQuestSequence[2][30]
1322:AcceptedQuestSequence[2][31]
1323:AcceptedQuestSequence[2][32]
1324:AcceptedQuestSequence[2][33]
1325:AcceptedQuestSequence[2][34]
1326:AcceptedQuestSequence[2][35]
1327:AcceptedQuestSequence[2][36]
1328:AcceptedQuestSequence[2][37]
1329:AcceptedQuestSequence[2][38]
1330:AcceptedQuestSequence[2][39]
1331:AcceptedQuestSequence[2][40]
1332:AcceptedQuestSequence[2][41]
1333:AcceptedQuestSequence[2][42]
1334:AcceptedQuestSequence[2][43]
1335:AcceptedQuestSequence[2][44]
1336:AcceptedQuestSequence[2][45]
1337:AcceptedQuestSequence[2][46]
1338:AcceptedQuestSequence[2][47]
1339:AcceptedQuestSequence[2][48]
1340:AcceptedQuestSequence[2][49]
1341:AcceptedQuestSequence[2][50]
1342:AcceptedQuestSequence[2][51]
1343:AcceptedQuestSequence[2][52]
1344:AcceptedQuestSequence[2][53]
1345:AcceptedQuestSequence[2][54]
1346:AcceptedQuestSequence[2][55]
1347:AcceptedQuestSequence[2][56]
1348:AcceptedQuestSequence[2][57]
1349:AcceptedQuestSequence[2][58]
1350:AcceptedQuestSequence[2][59]
1351:AcceptedQuestSequence[2][60]
1352:AcceptedQuestSequence[2][61]
1353:AcceptedQuestSequence[2][62]
1354:AcceptedQuestSequence[2][63]
1355:AcceptedQuestSequence[2][64]
1356:AcceptedQuestSequence[2][65]
1357:AcceptedQuestSequence[2][66]
1358:AcceptedQuestSequence[2][67]
1359:AcceptedQuestSequence[2][68]
1360:AcceptedQuestSequence[2][69]
1361:AcceptedQuestSequence[2][70]
1362:AcceptedQuestSequence[2][71]
1363:AcceptedQuestSequence[2][72]
1364:AcceptedQuestSequence[2][73]
1365:AcceptedQuestSequence[2][74]
1366:AcceptedQuestSequence[2][75]
1367:AcceptedQuestSequence[2][76]
1368:AcceptedQuestSequence[2][77]
1369:AcceptedQuestSequence[2][78]
1370:AcceptedQuestSequence[2][79]
1371:AcceptedQuestSequence[2][80]
1372:AcceptedQuestSequence[2][81]
1373:AcceptedQuestSequence[2][82]
1374:AcceptedQuestSequence[2][83]
1375:AcceptedQuestSequence[2][84]
1376:AcceptedQuestSequence[2][85]
1377:AcceptedQuestSequence[2][86]
1378:AcceptedQuestSequence[2][87]
1379:AcceptedQuestSequence[2][88]
1380:AcceptedQuestSequence[2][89]
1381:AcceptedQuestSequence[2][90]
1382:AcceptedQuestSequence[2][91]
1383:AcceptedQuestSequence[2][92]
1384:AcceptedQuestSequence[2][93]
1385:AcceptedQuestSequence[2][94]
1386:AcceptedQuestSequence[2][95]
1387:AcceptedQuestSequence[2][96]
1388:AcceptedQuestSequence[2][97]
1389:AcceptedQuestSequence[2][98]
1390:AcceptedQuestSequence[2][99]
1391:AcceptedQuestSequence[2][100]
1392:AcceptedQuestSequence[2][101]
1393:AcceptedQuestSequence[2][102]
1394:AcceptedQuestSequence[2][103]
1395:AcceptedQuestSequence[2][104]
1396:AcceptedQuestSequence[2][105]
1397:AcceptedQuestSequence[2][106]
1398:AcceptedQuestSequence[2][107]
1399:AcceptedQuestSequence[2][108]
1400:AcceptedQuestSequence[2][109]
1401:LayerSet[0][0]
1402:LayerSet[0][1]
1403:LayerSet[0][2]
1404:LayerSet[0][3]
1405:LayerSet[0][4]
1406:LayerSet[0][5]
1407:LayerSet[0][6]
1408:LayerSet[0][7]
1409:LayerSet[0][8]
1410:LayerSet[0][9]
1411:LayerSet[0][10]
1412:LayerSet[0][11]
1413:LayerSet[0][12]
1414:LayerSet[0][13]
1415:LayerSet[0][14]
1416:LayerSet[0][15]
1417:LayerSet[0][16]
1418:LayerSet[0][17]
1419:LayerSet[0][18]
1420:LayerSet[0][19]
1421:LayerSet[0][20]
1422:LayerSet[0][21]
1423:LayerSet[0][22]
1424:LayerSet[0][23]
1425:LayerSet[0][24]
1426:LayerSet[0][25]
1427:LayerSet[0][26]
1428:LayerSet[0][27]
1429:LayerSet[0][28]
1430:LayerSet[0][29]
1431:LayerSet[0][30]
1432:LayerSet[0][31]
1433:LayerSet[0][32]
1434:LayerSet[0][33]
1435:LayerSet[0][34]
1436:LayerSet[0][35]
1437:LayerSet[0][36]
1438:LayerSet[0][37]
1439:LayerSet[0][38]
1440:LayerSet[0][39]
1441:LayerSet[0][40]
1442:LayerSet[0][41]
1443:LayerSet[0][42]
1444:LayerSet[0][43]
1445:LayerSet[0][44]
1446:LayerSet[0][45]
1447:LayerSet[0][46]
1448:LayerSet[0][47]
1449:LayerSet[0][48]
1450:LayerSet[0][49]
1451:LayerSet[0][50]
1452:LayerSet[0][51]
1453:LayerSet[0][52]
1454:LayerSet[0][53]
1455:LayerSet[0][54]
1456:LayerSet[0][55]
1457:LayerSet[0][56]
1458:LayerSet[0][57]
1459:LayerSet[0][58]
1460:LayerSet[0][59]
1461:LayerSet[0][60]
1462:LayerSet[0][61]
1463:LayerSet[0][62]
1464:LayerSet[0][63]
1465:LayerSet[0][64]
1466:LayerSet[0][65]
1467:LayerSet[0][66]
1468:LayerSet[0][67]
1469:LayerSet[0][68]
1470:LayerSet[0][69]
1471:LayerSet[0][70]
1472:LayerSet[0][71]
1473:LayerSet[0][72]
1474:LayerSet[0][73]
1475:LayerSet[0][74]
1476:LayerSet[0][75]
1477:LayerSet[0][76]
1478:LayerSet[0][77]
1479:LayerSet[0][78]
1480:LayerSet[0][79]
1481:LayerSet[0][80]
1482:LayerSet[0][81]
1483:LayerSet[0][82]
1484:LayerSet[0][83]
1485:LayerSet[0][84]
1486:LayerSet[0][85]
1487:LayerSet[0][86]
1488:LayerSet[0][87]
1489:LayerSet[0][88]
1490:LayerSet[0][89]
1491:LayerSet[0][90]
1492:LayerSet[0][91]
1493:LayerSet[0][92]
1494:LayerSet[0][93]
1495:LayerSet[0][94]
1496:LayerSet[0][95]
1497:LayerSet[0][96]
1498:LayerSet[0][97]
1499:LayerSet[0][98]
1500:LayerSet[0][99]
1501:LayerSet[0][100]
1502:LayerSet[0][101]
1503:LayerSet[0][102]
1504:LayerSet[0][103]
1505:LayerSet[0][104]
1506:LayerSet[0][105]
1507:LayerSet[0][106]
1508:LayerSet[0][107]
1509:LayerSet[0][108]
1510:LayerSet[0][109]
1511:LayerSet[1][0]
1512:LayerSet[1][1]
1513:LayerSet[1][2]
1514:LayerSet[1][3]
1515:LayerSet[1][4]
1516:LayerSet[1][5]
1517:LayerSet[1][6]
1518:LayerSet[1][7]
1519:LayerSet[1][8]
1520:LayerSet[1][9]
1521:LayerSet[1][10]
1522:LayerSet[1][11]
1523:LayerSet[1][12]
1524:LayerSet[1][13]
1525:LayerSet[1][14]
1526:LayerSet[1][15]
1527:LayerSet[1][16]
1528:LayerSet[1][17]
1529:LayerSet[1][18]
1530:LayerSet[1][19]
1531:LayerSet[1][20]
1532:LayerSet[1][21]
1533:LayerSet[1][22]
1534:LayerSet[1][23]
1535:LayerSet[1][24]
1536:LayerSet[1][25]
1537:LayerSet[1][26]
1538:LayerSet[1][27]
1539:LayerSet[1][28]
1540:LayerSet[1][29]
1541:LayerSet[1][30]
1542:LayerSet[1][31]
1543:LayerSet[1][32]
1544:LayerSet[1][33]
1545:LayerSet[1][34]
1546:LayerSet[1][35]
1547:LayerSet[1][36]
1548:LayerSet[1][37]
1549:LayerSet[1][38]
1550:LayerSet[1][39]
1551:LayerSet[1][40]
1552:LayerSet[1][41]
1553:LayerSet[1][42]
1554:LayerSet[1][43]
1555:LayerSet[1][44]
1556:LayerSet[1][45]
1557:LayerSet[1][46]
1558:LayerSet[1][47]
1559:LayerSet[1][48]
1560:LayerSet[1][49]
1561:LayerSet[1][50]
1562:LayerSet[1][51]
1563:LayerSet[1][52]
1564:LayerSet[1][53]
1565:LayerSet[1][54]
1566:LayerSet[1][55]
1567:LayerSet[1][56]
1568:LayerSet[1][57]
1569:LayerSet[1][58]
1570:LayerSet[1][59]
1571:LayerSet[1][60]
1572:LayerSet[1][61]
1573:LayerSet[1][62]
1574:LayerSet[1][63]
1575:LayerSet[1][64]
1576:LayerSet[1][65]
1577:LayerSet[1][66]
1578:LayerSet[1][67]
1579:LayerSet[1][68]
1580:LayerSet[1][69]
1581:LayerSet[1][70]
1582:LayerSet[1][71]
1583:LayerSet[1][72]
1584:LayerSet[1][73]
1585:LayerSet[1][74]
1586:LayerSet[1][75]
1587:LayerSet[1][76]
1588:LayerSet[1][77]
1589:LayerSet[1][78]
1590:LayerSet[1][79]
1591:LayerSet[1][80]
1592:LayerSet[1][81]
1593:LayerSet[1][82]
1594:LayerSet[1][83]
1595:LayerSet[1][84]
1596:LayerSet[1][85]
1597:LayerSet[1][86]
1598:LayerSet[1][87]
1599:LayerSet[1][88]
1600:LayerSet[1][89]
1601:LayerSet[1][90]
1602:LayerSet[1][91]
1603:LayerSet[1][92]
1604:LayerSet[1][93]
1605:LayerSet[1][94]
1606:LayerSet[1][95]
1607:LayerSet[1][96]
1608:LayerSet[1][97]
1609:LayerSet[1][98]
1610:LayerSet[1][99]
1611:LayerSet[1][100]
1612:LayerSet[1][101]
1613:LayerSet[1][102]
1614:LayerSet[1][103]
1615:LayerSet[1][104]
1616:LayerSet[1][105]
1617:LayerSet[1][106]
1618:LayerSet[1][107]
1619:LayerSet[1][108]
1620:LayerSet[1][109]
1621:SequenceBegin[0]
1622:SequenceBegin[1]
1623:SequenceBegin[2]
1624:SequenceBegin[3]
1625:SequenceBegin[4]
1626:SequenceBegin[5]
1627:SequenceBegin[6]
1628:SequenceBegin[7]
1629:SequenceBegin[8]
1630:SequenceBegin[9]
1631:SequenceBegin[10]
1632:SequenceBegin[11]
1633:SequenceBegin[12]
1634:SequenceBegin[13]
1635:SequenceBegin[14]
1636:SequenceBegin[15]
1637:SequenceBegin[16]
1638:SequenceBegin[17]
1639:SequenceBegin[18]
1640:SequenceBegin[19]
1641:SequenceBegin[20]
1642:SequenceBegin[21]
1643:SequenceBegin[22]
1644:SequenceBegin[23]
1645:SequenceBegin[24]
1646:SequenceBegin[25]
1647:SequenceBegin[26]
1648:SequenceBegin[27]
1649:SequenceBegin[28]
1650:SequenceBegin[29]
1651:SequenceBegin[30]
1652:SequenceBegin[31]
1653:SequenceBegin[32]
1654:SequenceBegin[33]
1655:SequenceBegin[34]
1656:SequenceBegin[35]
1657:SequenceBegin[36]
1658:SequenceBegin[37]
1659:SequenceBegin[38]
1660:SequenceBegin[39]
1661:SequenceBegin[40]
1662:SequenceBegin[41]
1663:SequenceBegin[42]
1664:SequenceBegin[43]
1665:SequenceBegin[44]
1666:SequenceBegin[45]
1667:SequenceBegin[46]
1668:SequenceBegin[47]
1669:SequenceBegin[48]
1670:SequenceBegin[49]
1671:SequenceBegin[50]
1672:SequenceBegin[51]
1673:SequenceBegin[52]
1674:SequenceBegin[53]
1675:SequenceBegin[54]
1676:SequenceBegin[55]
1677:SequenceBegin[56]
1678:SequenceBegin[57]
1679:SequenceBegin[58]
1680:SequenceBegin[59]
1681:SequenceBegin[60]
1682:SequenceBegin[61]
1683:SequenceBegin[62]
1684:SequenceBegin[63]
1685:SequenceBegin[64]
1686:SequenceBegin[65]
1687:SequenceBegin[66]
1688:SequenceBegin[67]
1689:SequenceBegin[68]
1690:SequenceBegin[69]
1691:SequenceBegin[70]
1692:SequenceBegin[71]
1693:SequenceBegin[72]
1694:SequenceBegin[73]
1695:SequenceBegin[74]
1696:SequenceBegin[75]
1697:SequenceBegin[76]
1698:SequenceBegin[77]
1699:SequenceBegin[78]
1700:SequenceBegin[79]
1701:SequenceEnd[0]
1702:SequenceEnd[1]
1703:SequenceEnd[2]
1704:SequenceEnd[3]
1705:SequenceEnd[4]
1706:SequenceEnd[5]
1707:SequenceEnd[6]
1708:SequenceEnd[7]
1709:SequenceEnd[8]
1710:SequenceEnd[9]
1711:SequenceEnd[10]
1712:SequenceEnd[11]
1713:SequenceEnd[12]
1714:SequenceEnd[13]
1715:SequenceEnd[14]
1716:SequenceEnd[15]
1717:SequenceEnd[16]
1718:SequenceEnd[17]
1719:SequenceEnd[18]
1720:SequenceEnd[19]
1721:SequenceEnd[20]
1722:SequenceEnd[21]
1723:SequenceEnd[22]
1724:SequenceEnd[23]
1725:SequenceEnd[24]
1726:SequenceEnd[25]
1727:SequenceEnd[26]
1728:SequenceEnd[27]
1729:SequenceEnd[28]
1730:SequenceEnd[29]
1731:SequenceEnd[30]
1732:SequenceEnd[31]
1733:SequenceEnd[32]
1734:SequenceEnd[33]
1735:SequenceEnd[34]
1736:SequenceEnd[35]
1737:SequenceEnd[36]
1738:SequenceEnd[37]
1739:SequenceEnd[38]
1740:SequenceEnd[39]
1741:SequenceEnd[40]
1742:SequenceEnd[41]
1743:SequenceEnd[42]
1744:SequenceEnd[43]
1745:SequenceEnd[44]
1746:SequenceEnd[45]
1747:SequenceEnd[46]
1748:SequenceEnd[47]
1749:SequenceEnd[48]
1750:SequenceEnd[49]
1751:SequenceEnd[50]
1752:SequenceEnd[51]
1753:SequenceEnd[52]
1754:SequenceEnd[53]
1755:SequenceEnd[54]
1756:SequenceEnd[55]
1757:SequenceEnd[56]
1758:SequenceEnd[57]
1759:SequenceEnd[58]
1760:SequenceEnd[59]
1761:SequenceEnd[60]
1762:SequenceEnd[61]
1763:SequenceEnd[62]
1764:SequenceEnd[63]
1765:SequenceEnd[64]
1766:SequenceEnd[65]
1767:SequenceEnd[66]
1768:SequenceEnd[67]
1769:SequenceEnd[68]
1770:SequenceEnd[69]
1771:SequenceEnd[70]
1772:SequenceEnd[71]
1773:SequenceEnd[72]
1774:SequenceEnd[73]
1775:SequenceEnd[74]
1776:SequenceEnd[75]
1777:SequenceEnd[76]
1778:SequenceEnd[77]
1779:SequenceEnd[78]
1780:SequenceEnd[79]
1781:Listener[0]
1782:Listener[1]
1783:Listener[2]
1784:Listener[3]
1785:Listener[4]
1786:Listener[5]
1787:Listener[6]
1788:Listener[7]
1789:Listener[8]
1790:Listener[9]
1791:Listener[10]
1792:Listener[11]
1793:Listener[12]
1794:Listener[13]
1795:Listener[14]
1796:Listener[15]
1797:Listener[16]
1798:Listener[17]
1799:Listener[18]
1800:Listener[19]
1801:Listener[20]
1802:Listener[21]
1803:Listener[22]
1804:Listener[23]
1805:Listener[24]
1806:Listener[25]
1807:Listener[26]
1808:Listener[27]
1809:Listener[28]
1810:Listener[29]
1811:Listener[30]
1812:Listener[31]
1813:Listener[32]
1814:Listener[33]
1815:Listener[34]
1816:Listener[35]
1817:Listener[36]
1818:Listener[37]
1819:Listener[38]
1820:Listener[39]
1821:Listener[40]
1822:Listener[41]
1823:Listener[42]
1824:Listener[43]
1825:Listener[44]
1826:Listener[45]
1827:Listener[46]
1828:Listener[47]
1829:Listener[48]
1830:Listener[49]
1831:Listener[50]
1832:Listener[51]
1833:Listener[52]
1834:Listener[53]
1835:Listener[54]
1836:Listener[55]
1837:Listener[56]
1838:Listener[57]
1839:Listener[58]
1840:Listener[59]
1841:Listener[60]
1842:Listener[61]
1843:Listener[62]
1844:Listener[63]
1845:Listener[64]
1846:Listener[65]
1847:Listener[66]
1848:Listener[67]
1849:Listener[68]
1850:Listener[69]
1851:Listener[70]
1852:Listener[71]
1853:Listener[72]
1854:Listener[73]
1855:Listener[74]
1856:Listener[75]
1857:Listener[76]
1858:Listener[77]
1859:Listener[78]
1860:Listener[79]
1861:LayerSetTerritoryType[0]
1862:LayerSetTerritoryType[1]
